--------- beginning of system
04-22 15:26:30.001  2236 28038 D AdbDebuggingManager: Received connected key message: QAAAAPvrQlPNmCS4HbNkd9yXHdB6KfhtUcDWL4JDYO8KnW6SDlbgVQLf1V7eu2nZTWwYApBGWGhzqTC59s0fwEnue9BfdtX8bSiemGjcgfUkDHpjIrfZPHnSTpbGuJMV9AeB1IrB9sXUINbncG+oxPD1sgw7PPQXpZl4FDvAZHZkkMU5SirGTDPitkofuQa07Tc6qohOsj5SRMQ4/zwFeSGHur05JaY2ABzSlAAirgT1JqxyQHE8YJZLrR7l6dUIiUkGsm55CDEcrZam4fNWZ8tW9bMb4InpEr7jS7YiI6nKoYjSYw2MqPO0WK20cfWw//TwUQEuN0Pp5lk7LE/ScybhZWybaTHuNrKc9CQzo42+OAyWCNf/DaJ5oZTOEYsOuPZJ/puy7ktgP1+8pu2h7QUpRvrypC7M9K2MqH2yl+mPUzp0G71jyUNut3JxRT/LEE0cq6EAp7z0dfGcHvp5U1Ph8hiqAv6viK3tcJgN13rEMWtCoXTtsqeM6UfGy1OHLkGgA1ihz5WgmXnXRPas2DX66uA1J7Wox77wXvT4UrI+pxOKIQEIVt4GMcowyRzHCHDKjaYosBjb7u4LueAAJFCJPwz3BV5RRBVJERDxSea7MfLQVnz/Uw4X58eJrUSbpNXQdIxnC4d0K/+2O5nYFr+1GXk+PMTHyujqM+ADrUSs2HQIYIuATwEAAQA= ADARSH@DESKTOP-PSIMG93
04-22 15:26:30.010  2236  2337 D AdbDebuggingManager: Logging key QAAAAPvrQlPNmCS4HbNkd9yXHdB6KfhtUcDWL4JDYO8KnW6SDlbgVQLf1V7eu2nZTWwYApBGWGhzqTC59s0fwEnue9BfdtX8bSiemGjcgfUkDHpjIrfZPHnSTpbGuJMV9AeB1IrB9sXUINbncG+oxPD1sgw7PPQXpZl4FDvAZHZkkMU5SirGTDPitkofuQa07Tc6qohOsj5SRMQ4/zwFeSGHur05JaY2ABzSlAAirgT1JqxyQHE8YJZLrR7l6dUIiUkGsm55CDEcrZam4fNWZ8tW9bMb4InpEr7jS7YiI6nKoYjSYw2MqPO0WK20cfWw//TwUQEuN0Pp5lk7LE/ScybhZWybaTHuNrKc9CQzo42+OAyWCNf/DaJ5oZTOEYsOuPZJ/puy7ktgP1+8pu2h7QUpRvrypC7M9K2MqH2yl+mPUzp0G71jyUNut3JxRT/LEE0cq6EAp7z0dfGcHvp5U1Ph8hiqAv6viK3tcJgN13rEMWtCoXTtsqeM6UfGy1OHLkGgA1ihz5WgmXnXRPas2DX66uA1J7Wox77wXvT4UrI+pxOKIQEIVt4GMcowyRzHCHDKjaYosBjb7u4LueAAJFCJPwz3BV5RRBVJERDxSea7MfLQVnz/Uw4X58eJrUSbpNXQdIxnC4d0K/+2O5nYFr+1GXk+PMTHyujqM+ADrUSs2HQIYIuATwEAAQA= ADARSH@DESKTOP-PSIMG93, state = 4, alwaysAllow = true, lastConnectionTime = 1776851790009, authWindow = 604800000
04-22 15:26:30.060 19225 19225 D ResourcesManagerExtImpl: applyConfigurationToAppResourcesLocked app.getDisplayId() return callback.displayId:-1
04-22 15:26:30.125  2236  6376 I ActivityManager: Death received, pid = 19199, processName = com.oplus.lfeh for thread android.os.BinderProxy@ff7f98f
04-22 15:26:30.126  2236  3264 I ActivityManager: Process com.oplus.lfeh (pid 19199) has died: fg  RCVR
04-22 15:26:30.128  2236  3264 I AppProfilerExtImpl: delay mem downgrade factor change for AS 9792
04-22 15:26:30.163  2236  2363 D CompatChangeReporter: Compat change id reported: 151861875; UID 10313; state: ENABLED
04-22 15:26:30.168  2236  2382 D PowerManagerService: userActivityNoUpdateLocked: groupId=0, eventTime=390230333, event=touch, flags=0x0, uid=1000
04-22 15:26:30.188  2236  2338 D OplusPanoramaWorkBranchController: notifyMotionUpOrCancel
04-22 15:26:30.189  2236  2356 I ActivityManager: Start proc 19320:com.snaptube.premium/u0a313 for broadcast {com.snaptube.premium/com.snaptube.ads.infomobi.receiver.ReceiverDelegate}
04-22 15:26:30.189  2236  2338 I ActivityManager: ProcessObserver broadcast disabled
04-22 15:26:30.191  2236  3750 I OPM     : handleProcessStart : ProcessRecord{72f7825 19320:com.snaptube.premium/u0a313}
04-22 15:26:30.195  2236  2350 W UserAwareMgr: can not find match thread: GaussianBlur for process com.android.systemui Pid: 3054
04-22 15:26:30.239  2236  2338 D OplusPanoramaWorkBranchController: notifyMotionUpOrCancel
04-22 15:26:30.242  2236  2350 W UserAwareMgr: event can not be released, id: 1001, count: 2, releasePid: 2236
04-22 15:26:30.243  2236  2350 W UserAwareMgr: can not find match thread: GaussianBlur for process com.android.systemui Pid: 3054
04-22 15:26:30.256  2236  3072 E OplusDexOptimizeManager: Start app fature is off
04-22 15:26:30.256  2236  3072 E OplusDexOptimizeManager: Start app fature is off
04-22 15:26:30.256  2236  3072 E OplusDexOptimizeManager: Start app fature is off
04-22 15:26:30.256  2236  3072 E OplusDexOptimizeManager: Start app fature is off
04-22 15:26:30.256  2236  3072 E OplusDexOptimizeManager: Start app fature is off
04-22 15:26:30.256  2236  3072 E OplusDexOptimizeManager: Start app fature is off
04-22 15:26:30.256  2236  3072 E OplusDexOptimizeManager: Start app fature is off
04-22 15:26:30.256  2236  3072 E OplusDexOptimizeManager: Start app fature is off
04-22 15:26:30.256  2236  3072 E OplusDexOptimizeManager: Start app fature is off
04-22 15:26:30.256  2236  3072 E OplusDexOptimizeManager: Start app fature is off
04-22 15:26:30.256  2236  3072 E OplusDexOptimizeManager: Start app fature is off
04-22 15:26:30.257  2236  3072 D ActivityTaskManagerServiceExtImpl: preBindApplication record is null
04-22 15:26:30.272  2236  3072 E OplusDexOptimizeManager: Start app fature is off
04-22 15:26:30.273  2236  2338 D OplusSplitScreenManagerService: com.android.settings unSupportsSplitScreen by blockList or ForbidActivityList
04-22 15:26:30.274  2236  2338 D OplusSplitScreenManagerService: com.android.settings unSupportsSplitScreen by blockList or ForbidActivityList
04-22 15:26:30.309  2236  2350 W UserAwareMgr: can not find match thread: GaussianBlur for process com.android.systemui Pid: 3054
04-22 15:26:30.314  2236  2382 D PowerManagerService: userActivityNoUpdateLocked: groupId=0, eventTime=390230474, event=touch, flags=0x0, uid=1000
04-22 15:26:30.399  2236  2827 E ThermalManagerService: No threshold found for shell_skin
04-22 15:26:30.399  2236  2827 E ThermalManagerService: No threshold found for shell_skin
04-22 15:26:30.405  2236  2350 W QosScheduler: executeSceneQosStrategy failed! qos feature no enable
04-22 15:26:30.427  2236  2350 W QosScheduler: executeSceneQosStrategy failed! qos feature no enable
04-22 15:26:30.433 19274 19274 I Quality : GetResourcesInfo:200749231,/data/app/~~IMfVKLhPvCeU-JZXuu6g9Q==/com.jio.myjio-Qpfb7lpBuEigFkjeFrTXuw==/base.apk
04-22 15:26:30.460 19274 19274 D ResourcesManagerExtImpl: applyConfigurationToAppResourcesLocked app.getDisplayId() return callback.displayId:-1
04-22 15:26:30.464  2236  2338 D OplusPanoramaWorkBranchController: notifyMotionUpOrCancel
04-22 15:26:30.465  2236  2382 D PowerManagerService: userActivityNoUpdateLocked: groupId=0, eventTime=390230632, event=touch, flags=0x0, uid=1000
04-22 15:26:30.595  2236  3072 I ActivityManager: Flag disabled. Ignoring finishAttachApplication from uid: 99910109. pid: 19225
04-22 15:26:30.697 19246 19246 I Quality : GetResourcesInfo:92823077,/data/app/~~BouLP887zhJ1CsT689ufvw==/com.facebook.katana-P7-tcTEwz7tF2-wdBdaPlg==/base.apk
04-22 15:26:30.713 19246 19246 D ResourcesManagerExtImpl: applyConfigurationToAppResourcesLocked app.getDisplayId() return callback.displayId:-1
04-22 15:26:30.765  2236  2350 W UserAwareMgr: can not find match thread: GaussianBlur for process com.android.systemui Pid: 3054
04-22 15:26:30.766  2236  2382 D PowerManagerService: userActivityNoUpdateLocked: groupId=0, eventTime=390230931, event=touch, flags=0x0, uid=1000
04-22 15:26:30.789  2236  3072 E OplusDexOptimizeManager: Start app fature is off
04-22 15:26:30.792 19320 19320 I Quality : GetResourcesInfo:79111692,/data/app/~~8kXxvDdNQrqGEi_l-oAK5g==/com.snaptube.premium-C08MtLDhYm8VxwXiNf1yIw==/base.apk
04-22 15:26:30.816 19320 19320 D ResourcesManagerExtImpl: applyConfigurationToAppResourcesLocked app.getDisplayId() return callback.displayId:-1
04-22 15:26:30.857  2236  3220 I ActivityManager: Flag disabled. Ignoring finishAttachApplication from uid: 10279. pid: 19246
04-22 15:26:30.863  2236  3220 E OplusDexOptimizeManager: Start app fature is off
04-22 15:26:30.866  2236  3072 E AppOps  : attributionTag  not declared in manifest of com.android.systemui
04-22 15:26:30.867  2236  3072 E AppOps  : attributionTag  not declared in manifest of com.android.systemui
04-22 15:26:30.894  2236  2382 D PowerManagerService: userActivityNoUpdateLocked: groupId=0, eventTime=390231055, event=touch, flags=0x0, uid=1000
04-22 15:26:30.942  2236  3072 D BatteryStatsServiceExtImpl: report audio global stop...
04-22 15:26:30.942  2236  2350 W QosScheduler: executeSceneQosStrategy failed! qos feature no enable
04-22 15:26:30.957  2236  2363 E OplusDexOptimizeManager: Start app fature is off
04-22 15:26:30.971  2236  3046 E OplusDexOptimizeManager: Start app fature is off
04-22 15:26:30.979  2236  2350 W QosScheduler: executeSceneQosStrategy failed! qos feature no enable
04-22 15:26:30.990  2236  6376 E OplusDexOptimizeManager: Start app fature is off
04-22 15:26:30.995  2236  2382 D PowerManagerService: userActivityNoUpdateLocked: groupId=0, eventTime=390231164, event=touch, flags=0x0, uid=1000
04-22 15:26:31.017  2236  4575 E OplusDexOptimizeManager: Start app fature is off
04-22 15:26:31.021  2236  2494 D ActivityManager: freezing 17876 com.heytap.mcs.appservice
04-22 15:26:31.034  2236  2350 I UserAwareMgr: handleTopAppChanged: com.android.systemui, pid: 3054, uid: 10197
04-22 15:26:31.059  2236  3046 D CoreBackPreview: Window{1dd4195 u0 NotificationShade}: Setting back callback OnBackInvokedCallbackInfo{mCallback=android.window.IOnBackInvokedCallback$Stub$Proxy@3e71c29, mPriority=0, mIsAnimationCallback=false, mOverrideBehavior=0}
04-22 15:26:31.061  2236  2338 D SystemGestures: detectSwipe: 1
04-22 15:26:31.098  2236  2338 D WindowManager: request show transient bar, showInsetsType = 3
04-22 15:26:31.108  2236  2338 D WindowManager: request show transient bar, mShowingTransientTypes = 0 showingTransientTypes = 0
04-22 15:26:31.110  2236  2338 D OplusPanoramaWorkBranchController: notifyMotionUpOrCancel
04-22 15:26:31.115  2236  2382 D PowerManagerService: userActivityNoUpdateLocked: groupId=0, eventTime=390231271, event=touch, flags=0x0, uid=1000
04-22 15:26:31.120  2236  2338 D OplusPanoramaWorkBranchController: notifyMotionUpOrCancel
04-22 15:26:31.136  2236  3046 I VibratorManagerServiceExtImpl: cancelVibrate uid=1000, pid=2236, usageFilter=-15, token=65845732
04-22 15:26:31.222  2236  4575 I WindowManager: Window{1dd4195 u0 NotificationShade} state from NO_SURFACE to DRAW_PENDING; reason: resetDrawState
04-22 15:26:31.238  2236  4575 D WindowManager: setFrameRateStart invalid typeId return!
04-22 15:26:31.240  2236  4575 D WindowManager: NFW_findFocusedWindowIfNeeded:Window{1dd4195 u0 NotificationShade} mCurrentFocus:Window{4e3f72c u0 com.android.settings/com.android.settings.SubSettings}
04-22 15:26:31.241  2236  2894 E UAH-Framework: invalid window type -1
04-22 15:26:31.243  2236  4575 D WindowManager: setFrameRateStart invalid typeId return!
04-22 15:26:31.245  2236  4575 D WindowManager: setFrameRateStart invalid typeId return!
04-22 15:26:31.252  2236  2350 W QosScheduler: executeSceneQosStrategy failed! qos feature no enable
04-22 15:26:31.253  3054  3054 W VRI[NotificationShade]: updateBlastSurfaceIfNeeded, surfaceSize:Point(1080, 2400), lastSurfaceSize:Point(1080, 2400), format:-3, blastBufferQueue:null
04-22 15:26:31.404  2236  2827 E ThermalManagerService: No threshold found for shell_skin
04-22 15:26:31.404  2236  2827 E ThermalManagerService: No threshold found for shell_skin
04-22 15:26:31.495  2236  2350 W QosScheduler: executeSceneQosStrategy failed! qos feature no enable
04-22 15:26:31.549  2236  3931 I WindowManager: Window{1dd4195 u0 NotificationShade} state from DRAW_PENDING to COMMIT_DRAW_PENDING; reason: finishDrawingLocked
04-22 15:26:31.561  2236  2341 I WindowManager: Window{1dd4195 u0 NotificationShade} state from COMMIT_DRAW_PENDING to READY_TO_SHOW; reason: commitFinishDrawingLocked
04-22 15:26:31.561  2236  2341 I WindowManager: Window{1dd4195 u0 NotificationShade} state from READY_TO_SHOW to HAS_DRAWN; reason: performShowLocked
04-22 15:26:31.567  2236  2341 D RefreshRate: Refresh rate changing from 120.00001 to 90.0,maxRefreshRate=90.0 FOR:{
04-22 15:26:31.567  2236  2341 D RefreshRate:     | COURSE[;control panel:1,data= RateData{PreferredRefreshRateData{mPreferredRefreshRateId=[1, 1, 2, 1],isAnimBoost=true}}]
04-22 15:26:31.567  2236  2341 D RefreshRate:     | VOTES[PRIORITY_WINDOW_REQUEST -> Vote{mRefreshRate=90.0, mMinRefreshRate=90.0, mRequestSource=null};]
04-22 15:26:31.567  2236  2341 D RefreshRate:     | TIME:2026-04-22 09:56:31}
04-22 15:26:31.567  2236  2341 D DisplayModeDirector: setAppRequest displayId : 0  modeId: 2  requestedRefreshRate: 0.0  requestedMinRefreshRateRange: 0.0  requestedMaxRefreshRateRange: 90.0
04-22 15:26:31.572  2236  2350 I UserAwareMgr: event is already released: SceneEvent{id=1001, maxWorkDurationMs=500, caller='[android]', eventFlags=0, fbPriority=1, keyThreads=[KeyThread{name=UIThread, owner=systemui, schedPolicy=ux, priority=HEAVY, maxThreadCount=1}], vipBinderGroup=null}, callingPid: 2236, appPid: -1
04-22 15:26:31.572  2236  2340 D DisplayManagerServiceExtImpl: scheduleTraversalLocked intraversal=false
04-22 15:26:31.573  2236  2340 D DisplayManagerService: MSG_REQUEST_TRAVERSAL pendingCompleted=false
04-22 15:26:31.573  2236  2341 D DisplayManagerService: performTraversalInternal pendingTraversal
04-22 15:26:31.573  2236  2341 D DisplayDevice: setLayerStackLocked id=local:4627039422300187648 token=android.os.BinderProxy@51690a0 stack=0->0
04-22 15:26:31.574  2236  2387 D LocalDisplayAdapter: setDesiredDisplayModeSpecsAsync: display unique id = local:4627039422300187648, display mode specs = defaultMode=1 allowGroupSwitching=false primaryRanges=physical: (0.0 120.0) render:  (0.0 90.0) appRequestRanges=physical: (0.0 120.0) render:  (0.0 90.0) idleScreenRefreshRate=null
04-22 15:26:31.578  2236  2350 I UserAwareMgr: handleFgAppChanged, pkgName: com.android.systemui, pid: 3054, isVisible: true, fgAppType: FG2
04-22 15:26:31.578  2236  2350 I UserAwareMgr: fg app status not changed, beforeVisible: true, currentVisible: true
04-22 15:26:31.614  3054  3054 W VRI[StatusBar]: handleResized abandoned!
04-22 15:26:31.614  3054  3054 W VRI[NotificationShade]: handleResized, msg:, frameChanged:false, configChanged:false, displayChanged:false, attachedFrameChanged:false, compatScaleChanged:false, pendingDragResizing=false
04-22 15:26:31.614  3054  3054 W VRI[NavigationBar_displayId_0]: handleResized abandoned!
04-22 15:26:31.629  2236  2340 I DisplayDeviceRepository: Display device changed render timings: "Built-in Screen", renderFrameRate=90.0, presentationDeadlineNanos=16100000, appVsyncOffsetNanos=1033333, frameRateOverrides=[]
04-22 15:26:31.629  2236  2340 D LogicalDisplayExt: set displayInfo flag FLAG_ROTATES_WITH_CONTENT
04-22 15:26:31.629  2236  2340 D DisplayManagerService: Delivering display event: displayId=0, event=EVENT_DISPLAY_REFRESH_RATE_CHANGED
04-22 15:26:31.630  2236  2338 D WindowManager: DeferredDisplayUpdater: partially applying DisplayInfo(1080 x 2400) immediately
04-22 15:26:31.641  2236  2338 D OplusVFXScreenEffectFeature: notifySFCompatWindowStateChange entered false
04-22 15:26:31.642  2236  2338 D FSS_FoldScreenBlackCoverController: displayChangeToOn, dc:Display{#0 state=ON size=1080x2400 ROTATION_0}
04-22 15:26:31.711  2236  4575 D WindowManager: NFW_setClientVisible:ActivityRecord{22332951 u0 com.android.settings/.SubSettings clientVisible:true
04-22 15:26:31.711  2236  4575 D FlexibleTaskController: isSupportFlexibleWindow target = com.android.settings/.SubSettings callPkg = FlexibleTaskController support = false ,caller = 2236
04-22 15:26:31.714  2236  2387 D VRR [OPlusRefreshRateService]: handleConfigIdChange physicalDisplayId: 4627039422300187648 configId: 1 renderPeriod: 11111111
04-22 15:26:31.722  2236  3046 I ActivityManager: Death received, pid = 17540, processName = com.coloros.weather.service for thread android.os.BinderProxy@7592bed
04-22 15:26:31.733  2236  3253 I ActivityManager: Process com.coloros.weather.service (pid 17540) has died: cch+45 CEM 
--------- beginning of main
04-22 15:26:31.785  3054  3054 I SystemUi--Statusbar: CollapsedStatusBarFragmentExImpl-->StatusBarVisibilityModelEx: StatusBarVisibilityModelEx(showClock: true showPromptView:false showPrimaryOngoingActivityChip:false showSecondaryOngoingActivityChip:false showNotificationContainer:true showOpName:true showSeedlingContainer:true ), animate: true
04-22 15:26:31.785  3054  3054 I SystemUi--Statusbar: CollapsedStatusBarFragmentExImpl-->showClockChanged: false lastModifiedVisibility.showClock: true previousModelEx.showClock: true statusBarFragment?.clockHiddenMode(): 4 clockView?.visibility: 0
04-22 15:26:31.785  3054  3054 I SystemUi--Notification: NotificationPanelChildAppearAnimationManager-->[animateTo] animationEnd  isShow=false, canceled=false, android.widget.FrameLayout{e3bd7c7 V.E...... ........ 151,15-984,105 #7f0a0957 app:id/oplus_fake_notification_container alpha=0.0 viewInfo = } 
04-22 15:26:31.785 18777 19191 I GH.ConnLoggerV2: connectivity state updated: false
04-22 15:26:31.786   633   645 E lowmemorykiller: process_mrelease 17876 failed: No such process
04-22 15:26:31.787  3054  3054 I PluginSeedling--Base: SeedlingPluginService-->onStateChange: Bundle[{state=onPanelExpandFractionChange, expandFrom=2, expandFraction=1.0}]
04-22 15:26:31.787  3054  3054 I SystemUi--Notification: ClearAllController-->targetAlpha: 1.0
04-22 15:26:31.788  3054  3054 I SystemUi--Common: OplusShadeExpansionStat-->go state: OPENING -> OPEN
04-22 15:26:31.788  3054  3054 I SystemUi--Common: NotificationPanelView-->onNotificationPanelStateChanged: state=2
04-22 15:26:31.788  3054  3054 I SystemUi--Common: OplusShadeExpansionStat-->go state: OPENING -> OPEN
04-22 15:26:31.788  3054  3054 I SystemUi--Common: NotificationPanelView-->onPanelStateChanged: state=2
04-22 15:26:31.788  3054  3054 D LauncherProxyService: Notifying sysui state change to launcher service: proxy=com.android.systemui.shared.recents.ILauncherProxy$Stub$Proxy@13e9d4c display=0 flags=notif_expanded|awake|notif_visible
04-22 15:26:31.788  3054  3054 I SystemUi--Notification: PanelAnimationEx-->fractionAnimation onAnimationEnd, value=1.0 rawFraction=1.0 false
04-22 15:26:31.788  3054  3054 I SystemUi--Notification: PanelAnimationEx-->pullDownAnimatorEnd, isStarPullDown true 
04-22 15:26:31.788  3054  3054 E [OPLUS_AFS_CONFIG]: Failed to open AFS config file: /proc/oplus_afs_config/afs_config
04-22 15:26:31.789  3054  3054 E AFS_CONFIG: Failed to get scene config
04-22 15:26:31.789  3054  3054 E OplusAfsManager: afsConfigSceneConfigGet sceneType is null
04-22 15:26:31.789  3054  3054 I SystemUi--Common: AnimAfsManager-->enableAnimationCtrl key:6 enable:false, result: 0
04-22 15:26:31.789  3054  3054 I SystemUi--Common: NotificationShadeDepthC-->sceneFlag: 0x001, isStart = false, Current sceneFlags: 0x000
04-22 15:26:31.789  3054  3054 D NavigationBar: restrainNavigationBarInvertColor: false
04-22 15:26:31.789  3054  3054 I SystemUi--Notification: NotificationStackScrollLayoutExtImpl-->setLayerType isHardware=false, scene=1, visibleChildren: 7
04-22 15:26:31.789  3054  3054 I SystemUi--Common: Common-->set isLogBufferDisabled false
04-22 15:26:31.789  3054  3054 I SystemUi--Notification: OplusSpringAnimation-->onFractionEnd, endFraction=1.0 isAnimationRunning true
04-22 15:26:31.789  3054  3054 I SystemUi--Notification: PanelAnimationEx-->resetHeightAnimator oplusSpringAnimation
04-22 15:26:31.790  3054  3054 I SystemUi--Notification: PanelAnimationEx-->blurFactionAnimation onAnimationEnd, value=1.0 blurFraction=1.0 false
04-22 15:26:31.794   633   633 E lowmemorykiller: Fail to connect to socket duraSpeedMem. return code: -1
04-22 15:26:31.795   633   633 I lowmemorykiller: Kill 'com.google.android.googlequicksearchbox:googleapp' (18598), uid 10117, oom_score_adj 905 to free 145440kB rss, 58296kB swap; reason: low watermark is breached
04-22 15:26:31.802 19246 19421 D nativeloader: Load /data/data/com.facebook.katana/lib-compressed/libcoldstart.so using class loader ns clns-9 (caller=/data/app/~~BouLP887zhJ1CsT689ufvw==/com.facebook.katana-P7-tcTEwz7tF2-wdBdaPlg==/base.apk): ok
04-22 15:26:31.805  2236  4575 I system_server: AssetManager2(0xb4000070c5cb6028) locale list changing from [] to [en-GB]
04-22 15:26:31.810 19246 19421 W AppInitScheduler|Run:   Finished LoadLibColdStart in 321ms
04-22 15:26:31.810 19246 19421 W AppInitScheduler|Schedule:   Executing 388:StaticGraphServiceFactoryInitializer
04-22 15:26:31.810 19246 19421 W AppInitScheduler|Run: Running StaticGraphServiceFactoryInitializer [*], order=50, priorityHint=CRITICAL_PATH 
04-22 15:26:31.822  3723  8102 D NetworkService[0]: getIfIndexByNetid netId:191,ifName:ccmni2,ifIndex:16
04-22 15:26:31.823 19246 19435 W AppInitScheduler|Run:   Finished InitUltralight in 241ms
04-22 15:26:31.824 19246 19435 W AppInitScheduler|Run: Running PreloadStartupLightSharedPreferenceUsagesAppInit, order=56, priorityHint=VERY_HIGH 
04-22 15:26:31.828 19246 19398 W AppInitScheduler|Run:   Finished ZeroABTestStaticBootstrap in 66ms
04-22 15:26:31.828  3646  3989 D DnsDomainBlock: onDnsEvent: latencyMs=537, returnCode=0, uid=10106
04-22 15:26:31.829  2236  2350 W QosScheduler: executeSceneQosStrategy failed! qos feature no enable
04-22 15:26:31.831 19246 19422 W AppInitScheduler|Run:   Finished InitAppModuleFallbackLoader in 70ms
04-22 15:26:31.832 19246 19422 W AppInitScheduler|Run: Running EarliestPossibleColdStartClassPreloadStarter, order=58, priorityHint=HIGH 
04-22 15:26:31.833 19246 19422 W EarliestPossibleColdStartClassPreloadStarter: Class preload op code: 0
04-22 15:26:31.839 19246 19398 W AppInitScheduler|Run: Running AddProcessNameToErrorReport, order=60, priorityHint=NORMAL 
04-22 15:26:31.839 19246 19398 W AppInitScheduler|Run:   Finished AddProcessNameToErrorReport in 1ms
04-22 15:26:31.839 19246 19398 W AppInitScheduler|Run: Running FixieActivityManagerHook, order=76, priorityHint=NORMAL 
04-22 15:26:31.842 19246 19435 W AppInitScheduler|Run:   Finished PreloadStartupLightSharedPreferenceUsagesAppInit in 17ms
04-22 15:26:31.842 19246 19435 W AppInitScheduler|Run: Running FixieLimitNativeStackSize, order=77, priorityHint=NORMAL 
04-22 15:26:31.842 19246 19435 W AppInitScheduler|Run:   Finished FixieLimitNativeStackSize in 1ms
04-22 15:26:31.842 19246 19435 W AppInitScheduler|Run: Running InitAppChoreographer, order=79, priorityHint=NORMAL 
04-22 15:26:31.848  2236  4575 D FlexibleWindowManagerService: isIgnoreAppearedAcrossTask:false
04-22 15:26:31.849 19246 19399 W AppInitScheduler|Schedule: Shutting down, all work scheduled.
04-22 15:26:31.849 19246 19399 W AppInitScheduler|Schedule: java.lang.RuntimeException
04-22 15:26:31.849 19246 19399 W AppInitScheduler|Schedule: 	at X.0ko.A04(:5)
04-22 15:26:31.849 19246 19399 W AppInitScheduler|Schedule: 	at com.facebook.katana.app.FacebookApplicationImpl.A00(Unknown Source:55)
04-22 15:26:31.849 19246 19399 W AppInitScheduler|Schedule: 	at X.0ht.run(:9)
04-22 15:26:31.849 19246 19399 W AppInitScheduler|Schedule: Shut down called with 129 pending tasks
04-22 15:26:31.849  2236  4575 D ActivityStarterExtImpl: setForceUpdateWindow, targetTask = Task{5b62247 #19609 type=standard A=1000:com.android.settings.root} r = ActivityRecord{22332951 u0 com.android.settings/.SubSettings t-1} notFinish =false
04-22 15:26:31.849  2236  4575 D FlexibleWindowManagerService: isIgnoreAppearedAcrossTask:false
04-22 15:26:31.849  2236  4575 D FlexibleTaskController: adjustOptionsForFlexibleTask skip adjust options reason:4
04-22 15:26:31.849  2236  4575 I InsensibleTaskController: adjustOptionsForInsensibleTask targetTask is resuse so not pureInsensibleOptions
04-22 15:26:31.851  2236  4575 D FlexibleTaskController: isSupportFlexibleWindow target = com.android.settings/.SubSettings callPkg = FlexibleTaskController support = false ,caller = 2236
04-22 15:26:31.851  2236  4575 D FlexibleWindowManagerService: no reused task found for ActivityRecord{22332951 u0 com.android.settings/.SubSettings t-1}
04-22 15:26:31.852  2236  4575 D ActivityStarterExtImpl: isLaunchingRootActivity = false
04-22 15:26:31.852  2236  4575 D ActivityStarterExtImpl: resume targetTask isVisibleRequested is true or in SkipCheckedList, need resume:targetTask=Task{5b62247 #19609 type=standard A=1000:com.android.settings.root}
04-22 15:26:31.852  3054 25436 I SystemUi--NavBar: NoBackGesture-->display_id_0 updateGestureAreaRatio newSize: 66.0 ,mBottomGestureAreaHeightInMistouch: 66
04-22 15:26:31.852  3054 25436 I SystemUi--NavBar: NoBackGesture-->display_id_0 updateGestureBottomArea: mBottomGestureAreaHeight = 66
04-22 15:26:31.853  1421  1452 I mtkpower@impl: [setMode] type:5, enabled:1
04-22 15:26:31.853  2236  4575 D OplusSplitScreenManagerService: com.android.settings unSupportsSplitScreen by blockList or ForbidActivityList
04-22 15:26:31.855  1421  1531 I [UAH_CLIENT]: UahPlatformResAcquire
04-22 15:26:31.855  1421  1531 I [UAH_CLIENT]: UahEventAcquire, cmdid:-3, pkg:1421 0, identity:mtk-powerd
04-22 15:26:31.861  3054  3434 I SystemUi--Statusbar: MobileConnectionRepositoryImpl-->subId:1 isSoftSimCard:false slotId:0
04-22 15:26:31.862  2236  4575 D OplusSplitScreenManagerService: com.android.settings unSupportsSplitScreen by blockList or ForbidActivityList
04-22 15:26:31.866  2236  3269 I Osense-PsiDetector: 1404,39,1661,4608,64,299,190,981,1570,644,634,0,6,6956
04-22 15:26:31.866  2236  6229 I ActivityManager: Death received, pid = 17504, processName = com.coloros.alarmclock:clockWidget for thread android.os.BinderProxy@55ca622
04-22 15:26:31.867  2236  3260 I Osense-BaseDecisionMaker: notifySceneToAthenaPolicy: SCENE_RES_MEM_PSI_NORMAL, bundle: Bundle[{memLevel=3}]
04-22 15:26:31.868  1497  2103 D AFExtImpl: removeThread() 0xb400006f7d65ebc0, id=29
04-22 15:26:31.870  2236  4575 D OplusSplitScreenManagerService: com.android.settings unSupportsSplitScreen by blockList or ForbidActivityList
04-22 15:26:31.870  2236  4575 D OplusSplitScreenManagerService: com.android.settings unSupportsSplitScreen by blockList or ForbidActivityList
04-22 15:26:31.871  2236  4575 D SecondaryPageStartupPolicy: checkSecondaryPageStartupStatus unSupport CMP=com.android.settings/.SubSettings
04-22 15:26:31.872  2236  4575 D OplusStartingWindowManager: reviseWindowFlagsForStarting: newTask=false, taskSwitch=false, processRunning=true, processState=-1, preloadAppInfo=PreloadAppInfo{,token =: com.android.settings/.SubSettings,splashKey =: 0-com.android.settings/.SubSettings.MAIN,forceWindowPreviewForCallApp =: false,startFrom =: 0,supportWindowPreviewForApp =: true,mAppBounds =: Rect(0, 0 - 1080, 2400),processRunningState =: 0,splashDrawableSource =: 2,isSplitScreenWindowMode =: false,mIsTransferred =: false}
04-22 15:26:31.872  2236  4575 D ActivityTaskManager: validateStartingWindowTheme:  Pkg=com.android.settings, Translucent=false, Floating=false, ShowWallpaper=false, Disable=false, LaunchSource=1, Prev=null, LaunchedFromPackage=com.android.settings
04-22 15:26:31.872  2236  4575 D ActivityTaskManager: addStartingWindow for ActivityRecord{22332951 u0 com.android.settings/.SubSettings t19609}, mainWin=null, state=INITIALIZING, isKeyguardLocked=false, isKeyguardGoingAway=false
04-22 15:26:31.872  2236  4575 D ActivityRecordExtImpl: handleStartingWindowForCompactWindow origin type:2, adjustType : 2
04-22 15:26:31.873  2236  4575 D OplusSplitScreenManagerService: com.android.settings unSupportsSplitScreen by blockList or ForbidActivityList
04-22 15:26:31.874  2236  4575 D OplusSplitScreenManagerService: com.android.settings unSupportsSplitScreen by blockList or ForbidActivityList
04-22 15:26:31.874  2236  4575 D TaskOrganizerController: TaskOrganizerController.addStartingWindow: call wmshell to addStartingWindow:ActivityRecord{22332951 u0 com.android.settings/.SubSettings t19609}
04-22 15:26:31.875  1396  2049 W audio_sw_mixer: T_FAST=>T_PRIMARY underflow!!
04-22 15:26:31.875  1396  2049 W audio_sw_mixer: sw_mixer_wait_to_mix(), MIXER_PLAYBACK  , target T_PRIMARY    wait 7333 us timeout, path exit 0 start 1 ready 0 direct 0
04-22 15:26:31.875  1396  2049 W audio_sw_mixer: sw_mixer_do_mix(), MIXER_PLAYBACK  , path T_FAST=>T_PRIMARY   , data 0 not enough
04-22 15:26:31.875  1396  2049 W audio_sw_mixer: sw_mixer_do_mix(), MIXER_PLAYBACK  , target T_PRIMARY   , no any ready path to mix!!
04-22 15:26:31.876  1376  1376 I Zygote  : Process 17504 exited due to signal 9 (Killed)
04-22 15:26:31.876  3723  3723 D SubsysEventListenerManager-SubsysTelephonyCallback[0]: onDataActivity
04-22 15:26:31.876  3723  3723 D DataService[0]: onDataActivity direction:3
04-22 15:26:31.877  2236  6277 I ActivityManager: Death received, pid = 17876, processName = com.heytap.mcs.appservice for thread android.os.BinderProxy@39d6307
04-22 15:26:31.880  1396  1493 D AudioALSAStreamOut: standby(), flag 4
04-22 15:26:31.880  1396  1493 D AudioALSAStreamOut: standbyStreamOut(), halRequest 0, mDestroy 0, flag 4
04-22 15:26:31.880  1396  1493 D AudioALSAStreamOut: close(), flags 4
04-22 15:26:31.880  1396  1493 D AudioALSAPlaybackHandlerMixer: close(+), source flag 4, mDevice = 0x2, buffer_size 2048
04-22 15:26:31.881  1396  1493 D audio_sw_mixer: sw_mixer_source_detach(), MIXER_PLAYBACK  , name T_FAST
04-22 15:26:31.881  1396  1493 D audio_sw_mixer: sw_mixer_manager_destroy_path(), MIXER_PLAYBACK  , path T_FAST=>T_PRIMARY
04-22 15:26:31.881  1396  1493 D audio_sw_mixer: dump_path_list(), MIXER_PLAYBACK  , no path
04-22 15:26:31.881  1396  1493 D audio_sw_mixer: sw_mixer_target_detach(), MIXER_PLAYBACK  , name T_PRIMARY
04-22 15:26:31.881  1396  2049 D audio_sw_mixer: sw_mixer_mix_thread(), thread mix1:0 idle
04-22 15:26:31.881  1396  1493 D AudioALSAPlaybackHandlerNormal: +close(), flag = 4, mDevice = 0x2
04-22 15:26:31.881  1396  1493 D AudioALSAPlaybackHandlerBase: +stopPcmDriver(), mPcm = 0xb400007d910c8140
04-22 15:26:31.881  1396  1493 D AudioALSAPlaybackHandlerBase: -stopPcmDriver(), mPcm = 0xb400007d910c8140
04-22 15:26:31.881  1396  1493 D AudioALSAHardwareResourceManager: +stopOutputDevice(), mOutputDevices = 0x2, mStartOutputDevicesCount = 1
04-22 15:26:31.881  1396  1493 D AudioALSADeviceConfigManager: ApplyDeviceTurnoffSequenceByName(), DeviceName = ext_speaker_output descriptor->DeviceStatusCounter = 1, Ctlsize=4
04-22 15:26:31.886  1396  1493 D AudioALSAHardwareResourceManager: CloseSpeakerPath(), The default branch does not open the device,  getMMIOutputDeviceFlag = 0
04-22 15:26:31.887  1396  1493 D AudioALSADeviceConfigManager: ApplyDeviceTurnoffSequenceByName(), DeviceName = dual_speaker_output descriptor->DeviceStatusCounter = 1, Ctlsize=4
04-22 15:26:31.888  1396  1493 D AudioALSAHardwareResourceManager: notifyOutputDeviceStatusChange(), device = 2, status = 1, sampleRate = 0, mOpenSpeakerPathCount = 0
04-22 15:26:31.888  1396  1493 D AudioALSAStreamManager: speakerStatusChangeCb(), status = 1, sampleRate = 0
04-22 15:26:31.888  1396  1493 D AudioALSAVoiceWakeUpController: updateSpeakerPlaybackStatus(), isSpeakerPlaying = 0
04-22 15:26:31.889  1396  1493 D AudioALSAPlaybackHandlerBase: -closePcmDriver(), mPcm = 0x0
04-22 15:26:31.889  1396  1493 D AudioALSADeviceConfigManager: ApplyDeviceTurnoffSequenceByName(), DeviceName = PLAYBACK1_TO_ADDA_DL descriptor->DeviceStatusCounter = 1, Ctlsize=4
04-22 15:26:31.890  1396  1493 D AudioALSAPlaybackHandlerBase: DestroyAurisysLibManager()
04-22 15:26:31.890  1396  1493 D sixth_if_gift: sixth_arsi_destroy_handler : run !!!
04-22 15:26:31.890 19246 19435 W AppInitScheduler|Run:   Finished InitAppChoreographer in 47ms
04-22 15:26:31.890 19246 19435 W AppInitScheduler|Run: Running HandleAppComponentsForPreTosBuild, order=81, priorityHint=NORMAL 
04-22 15:26:31.890  1396  1493 D sixth_if_gift: sixth_vdd_timer_stop : timer stop
04-22 15:26:31.890  1396  1493 D sixth_if_gift: sixth_arsi_destroy_handler : done !!!
04-22 15:26:31.890  1396  1493 D aurisys_lib_handler: aurisys_arsi_destroy_handler(), lib_name sia81xx_sixth, 0xb400007d91011800, arsi_destroy_handler, arsi_handler = 0xb400007d91137440, retval = 0
04-22 15:26:31.890 19246 19395 W AppInitScheduler|Run:   Finished FbSharedPreferenceInitializer in 167ms
04-22 15:26:31.890 19246 19395 W AppInitScheduler|Schedule:   Executing 138:FbMCPPluginInitializer
04-22 15:26:31.890  1396  1493 D aurisys_lib_manager: delete_aurisys_lib_manager(), manager 0xb400007d910852a0
04-22 15:26:31.890 19246 19395 W AppInitScheduler|Schedule:   Executing 221:LogController
04-22 15:26:31.891  1396  1493 D AudioALSAPlaybackHandlerBase: closeWavDump()
04-22 15:26:31.891  1396  1493 D AudioALSAPlaybackHandlerNormal: -close()
04-22 15:26:31.891  1396  1493 D AudioALSAPlaybackHandlerBase: DestroyAurisysLibManager()
04-22 15:26:31.891  1396  1493 D aurisys_lib_handler: aurisys_arsi_destroy_handler(), lib_name mtk_bessound, 0xb400007d91011400, arsi_destroy_handler, arsi_handler = 0xb400007d9110f640, retval = 0
04-22 15:26:31.891  1396  1493 D aurisys_lib_manager: delete_aurisys_lib_manager(), manager 0xb400007d910851c0
04-22 15:26:31.891  1396  1493 D AudioALSAPlaybackHandlerBase: closeWavDump()
04-22 15:26:31.891  1396  1493 D AudioALSAPlaybackHandlerMixer: close(-)
04-22 15:26:31.891  1396  1493 D AudioUtility: power_hal_hint - custPowerHint 38, data 0
04-22 15:26:31.892  1396  1493 D AudioALSAStreamOut: close() checkCardClose 0
04-22 15:26:31.892  1396  1493 D audio_engineer_test: disable_force_test: disable=0 force_test_dis=0 stream_open_count=1
04-22 15:26:31.892  1396  1493 D AudioALSAStreamOut: changePaBoostVoltage: ActiveOutputStreamNum = 0, flag = 0
04-22 15:26:31.892  2236  4575 D OplusWindowAnimationManager: applyNoAnimationForResumed resumed: ActivityRecord{238985988 u0 com.android.settings/.SubSettings t19609}
04-22 15:26:31.892  2236  4575 I PowerHalWrapper: amsBoostNotify pid:17712,activity:com.android.settings.SubSettings, package:com.android.settings, mProcessCreatePackcom.android.settings 
04-22 15:26:31.892  2236  4575 I PowerHalWrapper: state: 0 
04-22 15:26:31.890 19246 19395 W AppInitScheduler|Schedule:   Executing 425:WhitehatOverlayInitializer
04-22 15:26:31.893  1420  1420 I IPCThreadState: oneway function results for code 2 on binder at 0xb4000073992709a0 will be dropped but finished with status UNKNOWN_TRANSACTION
04-22 15:26:31.893 19246 19395 W AppInitScheduler|Run: Running FbMCPPluginInitializer, order=71, priorityHint=NORMAL 
04-22 15:26:31.893  1420  1420 I vendor.mediatek.hardware.mtkpower_applist-service.mediatek: packName: com.android.settings actName: com.android.settings.SubSettings pid: 17712 uid: 1000 state: 0
04-22 15:26:31.893  1420  1420 I MTK_APPList: [notifyAPPstate] com.android.settings/com.android.settings.SubSettings, pid=17712, uid=1000, state:PAUSED, fps:-1, win:0
04-22 15:26:31.893  1420  1420 I MTK_APPList: [notifyAPPstate] multi_resumed_app_count: 0
04-22 15:26:31.893  1420  1420 I MTK_APPList: [getForegroundAPPCount] 1
04-22 15:26:31.893  1420  1420 I MTK_APPList: [notifyNetdUID] 1000
04-22 15:26:31.896  1420  1420 I MTK_APPList: [notifyPID] 17712
04-22 15:26:31.896   633   633 E lowmemorykiller: Fail to connect to socket duraSpeedMem. return code: -1
04-22 15:26:31.896   633   633 I lowmemorykiller: Kill 'com.android.settings:background' (17788), uid 1000, oom_score_adj 905 to free 90664kB rss, 59996kB swap; reason: low watermark is breached
04-22 15:26:31.897  3054  3284 D PhoneStartingWindowTypeAlgorithm: preferredStartingWindowType newTask=false, taskSwitch=false, processRunning=true, allowTaskSnapshot=true, activityCreated=false, isSolidColorSplashScreen=true, legacySplashScreen=false, activityDrawn=false, windowless=false, topIsHome=false
04-22 15:26:31.900  3054  3284 D OplusShellStartingWindowManager: getReviseStartingWindowType not support, windowInfo is null
04-22 15:26:31.905  2236  4575 I PowerHalWrapper: amsBoostNotify AMS_BOOST_PROCESS_CREATE_BOOST:true 
04-22 15:26:31.909  1376  1376 I Zygote  : Process 17876 exited due to signal 9 (Killed)
04-22 15:26:31.918 19320 19320 D nativeloader: Load /data/app/~~8kXxvDdNQrqGEi_l-oAK5g==/com.snaptube.premium-C08MtLDhYm8VxwXiNf1yIw==/lib/arm64/libmmkv.so using class loader ns clns-9 (caller=/data/app/~~8kXxvDdNQrqGEi_l-oAK5g==/com.snaptube.premium-C08MtLDhYm8VxwXiNf1yIw==/base.apk!classes2.dex): ok
04-22 15:26:31.919  2236  4575 D OplusSplitScreenManagerService: com.android.settings unSupportsSplitScreen by blockList or ForbidActivityList
04-22 15:26:31.919  2236  4575 D OplusSplitScreenManagerService: com.android.settings unSupportsSplitScreen by blockList or ForbidActivityList
04-22 15:26:31.923  3054  3170 D ShellSplitScreen: logExit: no-op, mLoggerSessionId is null
04-22 15:26:31.923 19320 19320 I MMKV    : current API level = 36, libc++_shared=0
04-22 15:26:31.923 19320 19320 I MMKV    : <MMKV.cpp:166::initialize> version v1.3.14, page size 4096, arch arm64-v8a
04-22 15:26:31.924 19320 19320 I MMKV    : <MMKV.cpp:177::initialize> armv8 AES instructions is supported
04-22 15:26:31.924 19320 19320 I MMKV    : <MMKV.cpp:185::initialize> armv8 CRC32 instructions is supported
04-22 15:26:31.925 19320 19320 I MMKV    : <MMKV.cpp:225::initializeMMKV> root dir: /data/user/0/com.snaptube.premium/files/mmkv
04-22 15:26:31.929  2236  3718 I OplusHansManager : uid=10162, pkg=com.spotify.music F enter(), M stay=5
04-22 15:26:31.931 19246 19435 W AppInitScheduler|Run:   Finished HandleAppComponentsForPreTosBuild in 1ms
04-22 15:26:31.931  2236  3718 I OplusHansManager : freeze uid: 10162 com.spotify.music pids: [4764, 5209] IsolatedUid: [99924] scene: LcdOn
04-22 15:26:31.931 19246 19435 W AppInitScheduler|Run: Running INeedInitForEventBusRegister, order=83, priorityHint=NORMAL 
04-22 15:26:31.934  2236  4640 I OStatsManager_OplusBatteryStatsManager: updateStateTime: PkgName = com.spotify.music, uid = 10162, state to em, mForegroundCnt = 0, isFg = false
04-22 15:26:31.935  2236  2462 I ActivityManager: Death received, pid = 18598, processName = com.google.android.googlequicksearchbox:googleapp for thread android.os.BinderProxy@fc3091b
04-22 15:26:31.938 19246 19423 W AppInitScheduler|Run:   Finished InitExecutors in 203ms
04-22 15:26:31.938 19246 19423 W AppInitScheduler|Schedule:   Executing 390:StringResourcesDelegate
04-22 15:26:31.938 19246 19423 W AppInitScheduler|Schedule:   Executing 368:RunPerfMarkers
04-22 15:26:31.938 19246 19423 W AppInitScheduler|Schedule:   Executing 186:InitLacrimaLaterInit
04-22 15:26:31.938 19246 19423 W AppInitScheduler|Schedule:   Executing 205:InitSurfaces
04-22 15:26:31.938 19246 19423 W AppInitScheduler|Run: Running StringResourcesDelegate [*], order=32, priorityHint=HIGH 
04-22 15:26:31.940  2236  3931 E AppOps  : Bad call made by uid 1000. Package "com.google.android.googlequicksearchbox" does not belong to uid 1000.
04-22 15:26:31.942  2236  3733 I OplusHansManager : p_BC uid=10162 pkg=com.spotify.music
04-22 15:26:31.942  2236  3733 I OplusCameraManagerGlobal: reportAppFreeze E
04-22 15:26:31.945  2236  4575 D OplusSplitScreenManagerService: com.android.settings unSupportsSplitScreen by blockList or ForbidActivityList
04-22 15:26:31.945  2236  4575 D OplusSplitScreenManagerService: com.android.settings unSupportsSplitScreen by blockList or ForbidActivityList
04-22 15:26:31.947  2236  4575 I ActivityTaskManager: START u0 {act=android.intent.action.MAIN xflg=0x4 cmp=com.android.settings/.SubSettings (has extras) mCallingUid=1000} with LAUNCH_MULTIPLE from uid 1000 (sr=238985988) (BAL_ALLOW_VISIBLE_WINDOW (callingUid has visible window)) result code=0
04-22 15:26:31.948  3054  3054 I KeyguardDisplayManager: onDisplayChanged displayId: 0
04-22 15:26:31.948  3054  3054 I SystemUi--Keyguard: KeyguardDisplayManagerExImpl-->orientationChanged=false, presentationDisplayChanged=false, lastPresentationWidth=0, lastPresentationHeight=0, lastPresentationDensity=0
04-22 15:26:31.950  3054  3054 D Tile.OplusCellularTile: refreshState: tile not listening, ignore
04-22 15:26:31.954  2236  2350 I UserAwareMgr: event is already released: SceneEvent{id=5007, maxWorkDurationMs=200, caller='[android]', eventFlags=256, fbPriority=1, keyThreads=[KeyThread{name=binder, owner=android, schedPolicy=ux, priority=HEAVY, maxThreadCount=16}], vipBinderGroup=null}, callingPid: 2236, appPid: 0
04-22 15:26:31.956  2236  3253 D OplusAppStartupManager: prevent restart service, pkgName = com.coloros.weather.service, scenePriority = -1
04-22 15:26:31.958  1376  1376 I Zygote  : Process 18598 exited due to signal 9 (Killed)
04-22 15:26:31.958  2236  2341 D OplusSplitScreenManagerService: com.android.settings unSupportsSplitScreen by blockList or ForbidActivityList
04-22 15:26:31.959  2236  2341 D OplusSplitScreenManagerService: com.android.settings unSupportsSplitScreen by blockList or ForbidActivityList
04-22 15:26:31.962  2236  3733 I OplusBinderProxy: proxyBinder uid: 10162 pkg: com.spotify.music proxy: true calling: OFreezer
04-22 15:26:31.962  2236  3733 I LocationFreezeProc: will freezeLocationProcess for com.spotify.music, 10162, true, false
04-22 15:26:31.962  2236  3733 W LocationFreezeProc: Do nothing for the app is not record!
04-22 15:26:31.962  2236  3733 I OplusHansManager : p_gps: uid 10162 result false
04-22 15:26:31.962  2236  3733 W OplusHansManager : Failed to notify phone app uid : not register
04-22 15:26:31.979  1537  1537 I BpBinder: onLastStrongRef automatically unlinking death recipients: 
04-22 15:26:31.987 19246 19398 W AppInitScheduler|Run:   Finished FixieActivityManagerHook in 148ms
04-22 15:26:31.987 19246 19398 W AppInitScheduler|Run: Running RunPerfMarkers [*], order=38, priorityHint=NORMAL 
04-22 15:26:31.989 19246 19398 W StartupMetricTracker: Waiting for foreground/background determination...
04-22 15:26:31.989 17712 17712 I Choreographer: Skipped 82 frames!  The application may be doing too much work on its main thread.
04-22 15:26:31.994 19246 19398 W StartupMetricTracker: Begin BACKGROUND UNTRACKED start
04-22 15:26:31.998   633   633 E lowmemorykiller: Fail to connect to socket duraSpeedMem. return code: -1
04-22 15:26:31.998   633   633 I lowmemorykiller: Kill 'com.android.DeviceAsWebcam' (19111), uid 1000, oom_score_adj 905 to free 80516kB rss, 56992kB swap; reason: low watermark is breached
04-22 15:26:32.008  2236  4575 E OplusInputManagerService_jni: updateInvalidRegion start!!!
04-22 15:26:32.008  2236  4575 E InputDispatcherExtImpl: rectF left: 0.000000, top: 2334.000000, right: 1080.000000, bottom: 2400.000000 offset_left: 0.000000, offset_top: 0.000000, offset_right: 0.000000, offset_bottom: 0.000000, isClosedRegion:0
04-22 15:26:32.008  2236  4575 W InputDispatcherExtImpl: invalidRegions and dispatchRegions map setted, key: homegesture_displayid_0
04-22 15:26:32.009  2236  4575 E OplusInputManagerService_jni: updateInvalidRegion start!!!
04-22 15:26:32.009  2236  4640 I OStatsManager_OplusBatteryStatsManager: updateStateTime: PkgName = com.coloros.weather.service, uid = 10174, state to em, mForegroundCnt = 0, isFg = false
04-22 15:26:32.014  2236  4575 E OplusInputManagerService_jni: updateInvalidRegion start!!!
04-22 15:26:32.014 19246 19435 W AppInitScheduler|Run:   Finished INeedInitForEventBusRegister in 57ms
04-22 15:26:32.015  2236  3931 W BinderNative: Uncaught exception from death notification
04-22 15:26:32.015  2236  3931 W BinderNative: java.lang.SecurityException: Specified package "com.google.android.googlequicksearchbox" under uid 1000 but it is not
04-22 15:26:32.015  2236  3931 W BinderNative: 	at com.android.server.appop.AppOpsService.verifyAndGetBypass(AppOpsService.java:5293)
04-22 15:26:32.015  2236  3931 W BinderNative: 	at com.android.server.appop.AppOpsService.verifyAndGetBypass(AppOpsService.java:5147)
04-22 15:26:32.015  2236  3931 W BinderNative: 	at com.android.server.appop.AppOpsService.verifyAndGetBypass(AppOpsService.java:5139)
04-22 15:26:32.015  2236  3931 W BinderNative: 	at com.android.server.appop.AppOpsService.stopWatchingAsyncNoted(AppOpsService.java:4025)
04-22 15:26:32.015  2236  3931 W BinderNative: 	at com.android.server.appop.AppOpsService.lambda$startWatchingAsyncNoted$9(AppOpsService.java:4001)
04-22 15:26:32.015  2236  3931 W BinderNative: 	at com.android.server.appop.AppOpsService.$r8$lambda$QHRrcwdzLKCex15K-nBQDygLufM(Unknown Source:0)
04-22 15:26:32.015  2236  3931 W BinderNative: 	at com.android.server.appop.AppOpsService$$ExternalSyntheticLambda1.onInterfaceDied(D8$$SyntheticClass:0)
04-22 15:26:32.015  2236  3931 W BinderNative: 	at android.os.RemoteCallbackList$Builder$1.onCallbackDied(RemoteCallbackList.java:345)
04-22 15:26:32.015  2236  3931 W BinderNative: 	at android.os.RemoteCallbackList$Interface.binderDied(RemoteCallbackList.java:237)
04-22 15:26:32.015  2236  3931 W BinderNative: 	at android.os.IBinder$DeathRecipient.binderDied(IBinder.java:340)
04-22 15:26:32.015  2236  3931 W BinderNative: 	at android.os.BinderProxy.sendDeathNotice(BinderProxy.java:900)
04-22 15:26:32.017  3054 21728 I PluginSeedling--Base: SeedlingPluginService-->onStateChange: Bundle[{pkgName=com.coloros.weather.service, pid=17540, uid=10174, state=onProcessDied}]
04-22 15:26:32.018 19246 19396 W AppInitScheduler|Run:   Finished InitAuthentication in 283ms
04-22 15:26:32.019 19246 19396 W AppInitScheduler|Schedule:   Executing 244:MobileConfigAdminIdInit
04-22 15:26:32.019 19246 19396 W AppInitScheduler|Schedule:   Executing 246:MobileConfigInit
04-22 15:26:32.019 19246 19396 W AppInitScheduler|Schedule:   Executing 111:ComposerSavedSessionStoreInitializer
04-22 15:26:32.019 19246 19396 W AppInitScheduler|Schedule:   Executing 134:ErrorReporterSecondaryInit
04-22 15:26:32.019  3054  6428 I PluginSeedling--Origin: PidManger-->diedPkg: com.coloros.weather.service
04-22 15:26:32.020  3054  6428 I PantaCard.SysUi.PantanalClient:  sendKilledPid, pidInfo = PidInfo(hostPidMap={}, umsPidSet=[], extras={diedPkg=com.coloros.weather.service})[sdk:v1.2.120-1234567] [SystemUIPlugin|1.5.3-11143a1]
04-22 15:26:32.020 19246 19396 W AppInitScheduler|Run: Running MobileConfigAdminIdInit [*], order=28, priorityHint=VERY_HIGH 
04-22 15:26:32.020  3054  6428 D PantaCard.SysUi.NoUMSSeedlingManager:  sendKilledPid:PidInfo(hostPidMap={}, umsPidSet=[], extras={diedPkg=com.coloros.weather.service})[sdk:v1.2.120-1234567]
04-22 15:26:32.020  3054  6428 W PantaCard.SysUi.SeedlingSdkInterface:  8 8 gainSeedlingManager no callback invoke failed, since it is not init[sdk:v1.2.120-1234567]
04-22 15:26:32.020  3054  6428 W PantaCard.SysUi.PantanalClient:  getSeedlingManager failed,entrance = [statusbar,type=8,hostId=20][sdk:v1.2.120-1234567]
04-22 15:26:32.020  3054  6428 I PantaCard.SysUi.PantanalClient:  sendKilledPid failed, cause seedlingmanger is null.[sdk:v1.2.120-1234567]
04-22 15:26:32.021 19246 19398 E QPLProvider: QuickPerformanceLogger instance wasn't installed in provider, returning noop. Please call QuickPerformanceLoggerProvider.setQuickPerformanceLogger() before getting the instance.
04-22 15:26:32.021 19246 19398 E QPLProvider: java.lang.IllegalStateException: No QPL instance provided
04-22 15:26:32.021 19246 19398 E QPLProvider: 	at com.facebook.quicklog.QuickPerformanceLoggerProvider.getQPLInstance(:8)
04-22 15:26:32.021 19246 19398 E QPLProvider: 	at X.1PE.EK9(Unknown Source:1)
04-22 15:26:32.021 19246 19398 E QPLProvider: 	at X.1P5.<init>(Unknown Source:9)
04-22 15:26:32.021 19246 19398 E QPLProvider: 	at X.3e7.invoke(Unknown Source:686)
04-22 15:26:32.021 19246 19398 E QPLProvider: 	at X.1PB.apply(Unknown Source:2)
04-22 15:26:32.021 19246 19398 E QPLProvider: 	at java.util.concurrent.ConcurrentHashMap.computeIfAbsent(ConcurrentHashMap.java:1713)
04-22 15:26:32.021 19246 19398 E QPLProvider: 	at X.1P3.A00(Unknown Source:24)
04-22 15:26:32.021 19246 19398 E QPLProvider: 	at X.1Oz.<clinit>(Unknown Source:2)
04-22 15:26:32.021 19246 19398 E QPLProvider: 	at X.1Ou.<init>(Unknown Source:9)
04-22 15:26:32.021 19246 19398 E QPLProvider: 	at X.WK3.A08(Unknown Source:1007)
04-22 15:26:32.021 19246 19398 E QPLProvider: 	at X.WK3.A06(Unknown Source:11)
04-22 15:26:32.021 19246 19398 E QPLProvider: 	at X.17a.A00(:79)
04-22 15:26:32.021 19246 19398 E QPLProvider: 	at X.3PQ.A02(Unknown Source:69)
04-22 15:26:32.021 19246 19398 E QPLProvider: 	at com.facebook.common.appinit.invoker.OnApplicationInitInvoker.A1A(Unknown Source:399)
04-22 15:26:32.021 19246 19398 E QPLProvider: 	at com.facebook.common.appinit.invoker.OnApplicationInitInvoker.A19(Unknown Source:3)
04-22 15:26:32.021 19246 19398 E QPLProvider: 	at com.facebook.common.appinit.invoker.OnApplicationInitInvoker.A1C(Unknown Source:7)
04-22 15:26:32.021 19246 19398 E QPLProvider: 	at com.facebook.common.appinit.invoker.OnApplicationInitInvoker.CC2(Unknown Source:44)
04-22 15:26:32.021 19246 19398 E QPLProvider: 	at X.0kd.run(:238)
04-22 15:26:32.021 19246 19398 E QPLProvider: 	at java.util.concurrent.ThreadPoolExecutor.runWorker(ThreadPoolExecutor.java:1154)
04-22 15:26:32.021 19246 19398 E QPLProvider: 	at java.util.concurrent.ThreadPoolExecutor$Worker.run(ThreadPoolExecutor.java:652)
04-22 15:26:32.021 19246 19398 E QPLProvider: 	at X.0El.run(:11)
04-22 15:26:32.021 19246 19398 E QPLProvider: 	at java.lang.Thread.run(Thread.java:1564)
04-22 15:26:32.027 17712 17712 I oplus.android.OplusFrameworkFactoryImpl: get feature:IOplusDynamicVsyncFeature
04-22 15:26:32.027 17712 17712 I oplus.android.OplusFrameworkFactoryImpl: get feature:IOplusDynamicVsyncFeature
04-22 15:26:32.028 17712 17712 I oplus.android.OplusFrameworkFactoryImpl: get feature:IOplusDynamicVsyncFeature
04-22 15:26:32.032 17712 17712 D OplusViewDebugManager: OplusViewDebugManager Constructor android.view.debug.OplusViewDebugManager@38c4a42 [mHasViewDebugProperty true] [mHasMsgDebugProperty false] [DEBUG false] [EXTRAINFOENABLE false] [LIGHT_OS true]
04-22 15:26:32.032 17712 17712 D OplusViewDebugManager: OplusViewDebugManager Constructor android.view.debug.OplusViewDebugManager@267ea53 [mHasViewDebugProperty true] [mHasMsgDebugProperty false] [DEBUG false] [EXTRAINFOENABLE false] [LIGHT_OS true]
04-22 15:26:32.034 19246 19435 W AppInitScheduler|Run: Running MobileConfigInit [*], order=29, priorityHint=VERY_HIGH 
04-22 15:26:32.038 19246 19420 W AppInitScheduler|Run:   Finished MobileConfigSessionlessInit in 304ms
04-22 15:26:32.039 19246 19420 W AppInitScheduler|Schedule:   Executing 125:E2EForceMobileConfigSessionlessFetch
04-22 15:26:32.039 19246 19420 W AppInitScheduler|Schedule:   Executing 127:EagerInitFBTigon
04-22 15:26:32.039 19246 19420 W AppInitScheduler|Run: Running E2EForceMobileConfigSessionlessFetch [*], order=35, priorityHint=NORMAL 
