04-22 15:27:43.603  2236  2341 I WindowManager: Window{69d19c5 u0 com.adarshk8.indplaymonorepo/com.adarshk8.indplaymonorepo.MainActivity} state from COMMIT_DRAW_PENDING to READY_TO_SHOW; reason: commitFinishDrawingLocked
04-22 15:27:43.603  2236  2341 D CoreBackPreview:  return markWindowHasDrawn mComposed: false  mWaitTransition: false
04-22 15:27:43.603  2236  2341 D ActivityTaskManager: Finish StartingWindow: ActivityRecord{233241905 u0 com.adarshk8.indplaymonorepo/.MainActivity t19612}first real window is shown
04-22 15:27:43.603  2236  2341 D ActivityTaskManager: removeStartingWindowAnimation starting ActivityRecord{233241905 u0 com.adarshk8.indplaymonorepo/.MainActivity t19612} startingWindow=null ,startingView=com.android.server.wm.StartingSurfaceController$StartingSurface@8133840,Callers=com.android.server.wm.ActivityRecord.removeStartingWindow:3392 com.android.server.wm.ActivityRecord.onFirstWindowDrawn:8062 com.android.server.wm.WindowState.performShowLocked:4914 com.android.server.wm.WindowStateAnimator.commitFinishDrawingLocked:403 com.android.server.wm.DisplayContent.lambda$new$8:1150 
04-22 15:27:43.603  2236  2341 D OplusStartingWindowManager: interceptRemoveStartingWindow: packageName=com.adarshk8.indplaymonorepo,  componentName=com.adarshk8.indplaymonorepo/.MainActivity, isSnapshot=false, startingSurfaceRunnable=null, isDrawCompleted=false, hasSurfaceView=false, inTransition=false
04-22 15:27:43.604  2236  2341 D OplusSplitScreenDnDUI: notifyRemoveStartingWindow isSpitScreenDrag = false mDropTargetSurface = null StartingWindowpkgName = com.adarshk8.indplaymonorepo DragPkg = null isLauncherResume = false
04-22 15:27:43.604  2236  2341 D OplusStartingWindowManager: interceptRemoveStartingWindow: hasSplashWindowFlag() return false for activity=ActivityRecord{233241905 u0 com.adarshk8.indplaymonorepo/.MainActivity t19612}
04-22 15:27:43.606  2236  2341 D WindowManager: setFrameRateStart invalid typeId return!
04-22 15:27:43.606  2236  2341 D TaskOrganizerController: TaskOrganizerController.removeStartingWindow: call wmshell to removeStartingWindow Task{bbbb3a2 #19612 type=standard A=10594:com.adarshk8.indplaymonorepo}
04-22 15:27:43.608  3054  3284 D HWUI    : RenderProxy::destroy: this=0xb4000072c7990500, mContext=0xb400007193311040
04-22 15:27:43.608  3054  3415 D HWUI    : SkiaOpenGLPipeline::setSurface: this=0xb4000071b8d28fc0, surface=NULL
04-22 15:27:43.608  2236  2341 I Quality : LaunchTime2.0: com.adarshk8.indplaymonorepo/.MainActivity 1 757 com.android.launcher 125 151
04-22 15:27:43.609  2236  2341 D QuickBackInputPolicy: setAppLaunchEndTime update timePair=Pair{ActivityRecord{233241905 u0 com.adarshk8.indplaymonorepo/.MainActivity t19612} 390303779}
04-22 15:27:43.610 20833 20875 D nativeloader: Load /data/app/~~Z8pLHxkbKuexQ22pYXAjRA==/com.adarshk8.indplaymonorepo-YgnmBsSW7M-NSmWTtkuTwQ==/base.apk!/lib/arm64-v8a/libreactnativeblob.so using class loader ns clns-9 (caller=/data/app/~~Z8pLHxkbKuexQ22pYXAjRA==/com.adarshk8.indplaymonorepo-YgnmBsSW7M-NSmWTtkuTwQ==/base.apk): ok
04-22 15:27:43.610  2236  2341 I WindowManager: Window{69d19c5 u0 com.adarshk8.indplaymonorepo/com.adarshk8.indplaymonorepo.MainActivity} state from READY_TO_SHOW to HAS_DRAWN; reason: performShowLocked
04-22 15:27:43.611  3054  3284 W WindowOnBackDispatcher: sendCancelIfRunning: isInProgress=false callback=android.view.ViewRootImpl$$ExternalSyntheticLambda13@94ec194
04-22 15:27:43.612  3054  3284 D BLASTBufferQueue: [VRI[indplaymonorepo][Splash Screen com.adarshk8.indplaymonorepo]#8958](f:0,a:1) destructor()
04-22 15:27:43.612  3054  3284 D BufferQueueConsumer: [VRI[indplaymonorepo][Splash Screen com.adarshk8.indplaymonorepo]#8958(BLAST Consumer)8958](id:bee00002323,api:0,p:-1,c:3054) disconnect
04-22 15:27:43.613  2236  2337 I ActivityTaskManager: Displayed com.adarshk8.indplaymonorepo/.MainActivity for user 0: +814ms
04-22 15:27:43.614  2236  2236 D MBrainLocalService: isVendorFreezeConditionPass is false
04-22 15:27:43.614  2236  2236 D MBrainLocalService: notifyAppLifeCycle failed
04-22 15:27:43.614  2236  3750 I OPM     : handleNotifyLaunchTime : com.adarshk8.indplaymonorepo, :771
04-22 15:27:43.615 20833 20856 D VRI[MainActivity]: Received frameCommittedCallback lastAttemptedDrawFrameNum=2 didProduceBuffer=false syncBuffer=false
04-22 15:27:43.616 20833 20833 D VRI[MainActivity]: draw finished. seqId=0
04-22 15:27:43.618  2236  4552 D WindowManager: setFrameRateStart invalid typeId return!
04-22 15:27:43.619  2236  4552 D WindowManager: NFW_findFocusedWindowIfNeeded:Window{69d19c5 u0 com.adarshk8.indplaymonorepo/com.adarshk8.indplaymonorepo.MainActivity} mCurrentFocus:Window{69d19c5 u0 com.adarshk8.indplaymonorepo/com.adarshk8.indplaymonorepo.MainActivity}
04-22 15:27:43.623  1421  1452 I mtkpower@impl: [setMode] type:5, enabled:0
04-22 15:27:43.624  1421  1531 I [UAH_CLIENT]: UahRelease, handle:468293
04-22 15:27:43.624  2236  6229 I PowerHalWrapper: amsBoostNotify pid:471,activity:com.android.launcher.Launcher, package:com.android.launcher, mProcessCreatePackcom.adarshk8.indplaymonorepo 
04-22 15:27:43.624  2236  6229 I PowerHalWrapper: state: 0 
04-22 15:27:43.624  1420  1420 I IPCThreadState: oneway function results for code 2 on binder at 0xb4000073992709a0 will be dropped but finished with status UNKNOWN_TRANSACTION
04-22 15:27:43.624  1420  1420 I vendor.mediatek.hardware.mtkpower_applist-service.mediatek: packName: com.android.launcher actName: com.android.launcher.Launcher pid: 471 uid: 10195 state: 0
04-22 15:27:43.624  1420  1420 I MTK_APPList: [notifyAPPstate] com.android.launcher/com.android.launcher.Launcher, pid=471, uid=10195, state:PAUSED, fps:-1, win:0
04-22 15:27:43.624  1420  1420 I MTK_APPList: [notifyAPPstate] multi_resumed_app_count: 1
04-22 15:27:43.625  1420  1420 I MTK_APPList: [notifyAPPstate] multi_resumed_app_info[0] com.adarshk8.indplaymonorepo/com.adarshk8.indplaymonorepo.MainActivity, pid:20833, fps:-1, isMultiWindow:0
04-22 15:27:43.625  1420  1420 I MTK_APPList: [getForegroundAPPCount] 1
04-22 15:27:43.625  1420  1420 I MTK_APPList: [notifyNetdUID] 10594
04-22 15:27:43.625  1420  1420 I MTK_APPList: [notifyPID] 20833
04-22 15:27:43.626  2236  3260 I Osense-BaseDecisionMaker: notifySceneToAthenaPolicy: SCENE_ACTIVITY_IDLE, bundle: Bundle[{scene=SCENE_ACTIVITY_IDLE}]
04-22 15:27:43.626  2236  3260 I Osense-BaseDecisionMaker: OSense not supported scene! SCENE_ACTIVITY_IDLE
04-22 15:27:43.628  2236  6229 I PowerHalWrapper: amsBoostNotify AMS_BOOST_PROCESS_CREATE_BOOST:true 
04-22 15:27:43.628  2236  6229 I PowerHalWrapper: amsBoostStop AMS_BOOST_PACK_SWITCH:false, AMS_BOOST_ACT_SWITCH:false, AMS_BOOST_PROCESS_CREATE:true, AMS_BOOST_PROCESS_CREATE_FOR_GAME:false, AMS_BOOST_HOT_LAUNCH:false 
04-22 15:27:43.628  1421  1451 I mtkpower@impl: [mtkPowerHint] hint:21, hold:6000, ext:30, ext_hold:30000
04-22 15:27:43.628  2236  4587 D CoreBackPreview: Window{1473467 u0 Splash Screen com.adarshk8.indplaymonorepo EXITING}: Setting back callback null
04-22 15:27:43.629  1421  1531 I [UAH_CLIENT]: UahPlatformResAcquire
04-22 15:27:43.629  1421  1531 I [UAH_CLIENT]: UahEventAcquire, cmdid:-3, pkg:1421 0, identity:mtk-powerd
04-22 15:27:43.631  2236  2342 D SurfaceAnimationRunner: onAnimationStart:Surface(name=Surface(name=1473467 Splash Screen com.adarshk8.indplaymonorepo)/@0x4d7cf58 - animation-leash of window_animation)/@0x72048b1
04-22 15:27:43.631  2236  2342 D SurfaceAnimationRunner: onAnimationEnd:Surface(name=Surface(name=1473467 Splash Screen com.adarshk8.indplaymonorepo)/@0x4d7cf58 - animation-leash of window_animation)/@0x72048b1
04-22 15:27:43.632  2236  2341 D CoreBackPreview:  return markWindowHasDrawn mComposed: false  mWaitTransition: false
04-22 15:27:43.635  1421  1531 I [UAH_CLIENT]: UahRelease, handle:468297
04-22 15:27:43.635  2236  2350 I UserAwareMgr: handleAppChangedToBg, pkgName: com.android.launcher, pid: 471
04-22 15:27:43.637  1421  1531 I [UAH_CLIENT]: UahPlatformResAcquire
04-22 15:27:43.637  1421  1531 I [UAH_CLIENT]: UahEventAcquire, cmdid:-3, pkg:1421 0, identity:mtk-powerd
04-22 15:27:43.638 20833 20875 I ReactNativeJS: Running "Indplay
04-22 15:27:43.640   471   471 I SplitScreenManager: Attached Launcher#a76d604 ON_STOP
04-22 15:27:43.642   471   471 I MSP-LOG-SDK-ActivityLifeCallBack: onActivityStopped Launcher
04-22 15:27:43.642  2236  2341 I WindowStateExtImpl: onSurfaceShowChange show = false mPackageName = com.adarshk8.indplaymonorepo parentPkgName = com.adarshk8.indplaymonorepo
04-22 15:27:43.642  2236  2341 I WindowManager: Window{1473467 u0 Splash Screen com.adarshk8.indplaymonorepo EXITING} state from HAS_DRAWN to NO_SURFACE; reason: destroySurface
04-22 15:27:43.643   471   471 W LauncherClient[u0]: isConnected false because mOverlay is null
04-22 15:27:43.643 20833 20875 E ReactNativeJS: BetterAuthError: Invalid base URL: https://indplay-backend-v3.onrender.com. Please provide a valid base URL., js engine: hermes
04-22 15:27:43.644   471   471 D AnimSeqTimeStamp: resetLastLaunchTaskTime
04-22 15:27:43.645 20833 20875 E ReactNativeJS: TypeError: Cannot read property 'AuthProvider' of undefined
04-22 15:27:43.645 20833 20875 E ReactNativeJS: 
04-22 15:27:43.645 20833 20875 E ReactNativeJS: This error is located at:
04-22 15:27:43.645 20833 20875 E ReactNativeJS:     in App
04-22 15:27:43.645 20833 20875 E ReactNativeJS:     in RCTView
04-22 15:27:43.645 20833 20875 E ReactNativeJS:     in Unknown
04-22 15:27:43.645 20833 20875 E ReactNativeJS:     in RCTView
04-22 15:27:43.645 20833 20875 E ReactNativeJS:     in Unknown
04-22 15:27:43.645 20833 20875 E ReactNativeJS:     in AppContainer, js engine: hermes
04-22 15:27:43.646 20833 20875 E ReactNativeJS: TypeError: Cannot read property 'AuthProvider' of undefined
04-22 15:27:43.646 20833 20875 E ReactNativeJS: 
04-22 15:27:43.646 20833 20875 E ReactNativeJS: This error is located at:
04-22 15:27:43.646 20833 20875 E ReactNativeJS:     in App
04-22 15:27:43.646 20833 20875 E ReactNativeJS:     in RCTView
04-22 15:27:43.646 20833 20875 E ReactNativeJS:     in Unknown
04-22 15:27:43.646 20833 20875 E ReactNativeJS:     in RCTView
04-22 15:27:43.646 20833 20875 E ReactNativeJS:     in Unknown
04-22 15:27:43.646 20833 20875 E ReactNativeJS:     in AppContainer, js engine: hermes
04-22 15:27:43.650   471   952 I ImeTracker: com.android.launcher:41907aa5: onRequestHide at ORIGIN_CLIENT reason HIDE_SOFT_INPUT fromUser false
04-22 15:27:43.650  2236  4587 D OplusStartingWindowManager: skip remove starting window for activity = ActivityRecord{212336314 u0 com.android.launcher/.Launcher t5} ,ar != topActivityContainsStartingWindow on activityStopped
--------- beginning of crash
04-22 15:27:43.650 20833 20876 E AndroidRuntime: FATAL EXCEPTION: mqt_native_modules
04-22 15:27:43.650 20833 20876 E AndroidRuntime: Process: com.adarshk8.indplaymonorepo, PID: 20833
04-22 15:27:43.650 20833 20876 E AndroidRuntime: com.facebook.react.common.JavascriptException: BetterAuthError: Invalid base URL: https://indplay-backend-v3.onrender.com. Please provide a valid base URL., js engine: hermes, stack:
04-22 15:27:43.650 20833 20876 E AndroidRuntime: 
04-22 15:27:43.650 20833 20876 E AndroidRuntime: 	at com.facebook.react.modules.core.ExceptionsManagerModule.reportException(ExceptionsManagerModule.java:65)
04-22 15:27:43.650 20833 20876 E AndroidRuntime: 	at java.lang.reflect.Method.invoke(Native Method)
04-22 15:27:43.650 20833 20876 E AndroidRuntime: 	at com.facebook.react.bridge.JavaMethodWrapper.invoke(JavaMethodWrapper.java:372)
04-22 15:27:43.650 20833 20876 E AndroidRuntime: 	at com.facebook.react.bridge.JavaModuleWrapper.invoke(JavaModuleWrapper.java:149)
04-22 15:27:43.650 20833 20876 E AndroidRuntime: 	at com.facebook.jni.NativeRunnable.run(Native Method)
04-22 15:27:43.650 20833 20876 E AndroidRuntime: 	at android.os.Handler.handleCallback(Handler.java:1027)
04-22 15:27:43.650 20833 20876 E AndroidRuntime: 	at android.os.Handler.dispatchMessage(Handler.java:108)
04-22 15:27:43.650 20833 20876 E AndroidRuntime: 	at com.facebook.react.bridge.queue.MessageQueueThreadHandler.dispatchMessage(MessageQueueThreadHandler.java:29)
04-22 15:27:43.650 20833 20876 E AndroidRuntime: 	at android.os.Looper.loopOnce(Looper.java:298)
04-22 15:27:43.650 20833 20876 E AndroidRuntime: 	at android.os.Looper.loop(Looper.java:408)
04-22 15:27:43.650 20833 20876 E AndroidRuntime: 	at com.facebook.react.bridge.queue.MessageQueueThreadImpl$4.run(MessageQueueThreadImpl.java:234)
04-22 15:27:43.650 20833 20876 E AndroidRuntime: 	at java.lang.Thread.run(Thread.java:1564)
04-22 15:27:43.650   471   471 D InsetsController: hide(ime(), fromIme=false)
04-22 15:27:43.651   471   471 I ImeTracker: com.android.launcher:41907aa5: onCancelled at PHASE_CLIENT_ALREADY_HIDDEN
04-22 15:27:43.653  2236  3070 D OsenseCommonUtils: /dev/memcg/apps/uid_10195/memory.app_score not exist
04-22 15:27:43.653  2236  4640 I OStatsManager_Calc: add screen power pkgName = com.adarshk8.indplaymonorepo, uid = 10594, power = 121.1017500013113, is Fg = true, fore size = 2, mScale = 1.0
04-22 15:27:43.653  2236  6229 I InputDispatcher: updateFocusedWindow, 69d19c5 com.adarshk8.indplaymonorepo/com.adarshk8.indplaymonorepo.MainActivity on display 0, reason: Window became focusable. Previous reason: NOT_VISIBLE, result:   FocusedWindows:
04-22 15:27:43.653  2236  6229 I InputDispatcher:     displayId=0, name='69d19c5 com.adarshk8.indplaymonorepo/com.adarshk8.indplaymonorepo.MainActivity'
04-22 15:27:43.654  2236  4640 I OStatsManager_Calc: noteBeforePkgSwitch change = false, curTime = 545260085, com.android.launcher, fg = true
04-22 15:27:43.654  2236  4640 I OStatsManager_OplusBatteryStatsManager: updateStateTime: PkgName = com.android.launcher, uid = 10195, state to bg, mForegroundCnt = 0, isFg = false
04-22 15:27:43.654  2236  4640 I OStatsManager_OplusBatteryStatsManager: notePkgBackground [com.adarshk8.indplaymonorepo10594], uid = 10195, pid = 471, pkgName = com.android.launcher
04-22 15:27:43.654 20833 20833 D VRI[MainActivity]: onFocusEvent true
04-22 15:27:43.654  4343  7092 D OplusAtlas.OplusAudioScene: callback success event:atlas_event_on_foreground_activities_changed eventInfo:pid:471,uid:10195,hasForegroundActivities:0
04-22 15:27:43.656  2236  2863 D BackgroundInstallControlService: Package event received: 0
04-22 15:27:43.657  2236  2528 D InputMethodManagerService: isSecurity: attribute.packageName = com.adarshk8.indplaymonorepo mCurMethodId = com.google.android.inputmethod.latin/com.android.inputmethod.latin.LatinIME isSecurity = false ( enable = false needShow = false inBlackList = false isExist = true )
04-22 15:27:43.657  2236  2528 I ImeTracker: com.adarshk8.indplaymonorepo:56901123: onRequestHide at ORIGIN_SERVER reason HIDE_UNSPECIFIED_WINDOW fromUser false
04-22 15:27:43.659 20833 20833 D InsetsController: hide(ime(), fromIme=false)
04-22 15:27:43.659 20833 20833 I ImeTracker: com.adarshk8.indplaymonorepo:56901123: onCancelled at PHASE_CLIENT_ALREADY_HIDDEN
04-22 15:27:43.660  1420  1420 I IPCThreadState: oneway function results for code 2 on binder at 0xb4000073992709a0 will be dropped but finished with status UNKNOWN_TRANSACTION
04-22 15:27:43.660  1420  1420 I vendor.mediatek.hardware.mtkpower_applist-service.mediatek: packName: com.adarshk8.indplaymonorepo actName: com.adarshk8.indplaymonorepo pid: 20833 uid: 10594 state: 3
04-22 15:27:43.660  1420  1420 I MTK_APPList: [notifyAPPstate] com.adarshk8.indplaymonorepo/com.adarshk8.indplaymonorepo, pid=20833, uid=10594, state:DEAD, fps:-1, win:0
04-22 15:27:43.660  1420  1420 I MTK_APPList: [notifyAPPstate] multi_resumed_app_count: 0
04-22 15:27:43.660  1420  1420 I MTK_APPList: [getForegroundAPPCount] 1
04-22 15:27:43.660  1420  1420 I MTK_APPList: [notifyAPPstate] pack:com.adarshk8.indplaymonorepo, pid:20833, STATE_DEAD
04-22 15:27:43.660  1420  1420 I MTK_APPList: [notifyNetdUID] 10594
04-22 15:27:43.660  2236  3657 D OplusAppStartupMonitor: notifyUnstableAppInfo: Bundle[{unstableTime=1776851863653, reason=crash, userId=0, exceptionMsg=BetterAuthError: Invalid base URL: https://indplay-backend-v3.onrender.com. Please provide a valid base URL., js engine: hermes, stack:
04-22 15:27:43.660  2236  3657 D OplusAppStartupMonitor: , exceptionClass=com.facebook.react.common.JavascriptException, app_channel_type=unstable, packageName=com.adarshk8.indplaymonorepo, unstable_restrict_switch=true}]
04-22 15:27:43.661  1420  1420 I MTK_APPList: [notifyPID] 20833
04-22 15:27:43.662  6756  6756 I GoogleInputMethodService: GoogleInputMethodService.onFinishInput():2159 
04-22 15:27:43.663  6756  6756 I Module  : DeviceLockedStatusModuleProvider$Module.updateDeviceLockedStatus():103 repeatCheckTimes = 0, locked = false
04-22 15:27:43.664  6756  6756 I GoogleInputMethodService: GoogleInputMethodService.onStartInput():1434 onStartInput(EditorInfo{EditorInfo{packageName=com.adarshk8.indplaymonorepo, inputType=0, inputTypeString=NULL, enableLearning=false, autoCorrection=false, autoComplete=false, imeOptions=0, privateImeOptions=null, actionName=UNSPECIFIED, actionLabel=null, initialSelStart=-1, initialSelEnd=-1, initialCapsMode=0, label=null, fieldId=0, fieldName=null, extras=Bundle[{com.oplus.im.WINDOW_MODE=1, com.oplus.im.SCENES=0}], hintText=null, hintLocales=[]}}, false)
04-22 15:27:43.664  6756  6756 I AndroidIME: LatinIMEBase.updateInputViewCoverNavigation():312 Update input view padding, isNavbarOverInputWindow=true, bottom inset=132
04-22 15:27:43.664  2236  4587 D WindowManager: setFrameRateStart invalid typeId return!
04-22 15:27:43.665  2236  4587 I ImeTracker: system_server:63416326: onRequestHide at ORIGIN_SERVER reason IME_REQUESTED_CHANGED_LISTENER fromUser false
04-22 15:27:43.665  2236  2528 I ImeTracker: system_server:63416326: onCancelled at PHASE_SERVER_SHOULD_HIDE
04-22 15:27:43.665  6756  6756 I Module  : DeviceLockedStatusModuleProvider$Module.updateDeviceLockedStatus():103 repeatCheckTimes = 1, locked = false
04-22 15:27:43.667  2236  3348 W OplusEapManager: splitNames length = 0, splitRevisionCodes length = 0
04-22 15:27:43.667  2236  3348 W OplusEapManager:  doSplitName = no_apk_feature
04-22 15:27:43.667  2236  6229 W PackageConfigPersister: App-specific configuration not found for packageName: com.adarshk8.indplaymonorepo and userId: 0
04-22 15:27:43.669  2236  3348 D ITheiaManagerExt: [sendEvent] TheiaEvent:[id:0x00000005 name:appCrash type:java enable:false reportFreq:1800000 logType:4099 delay:30000 condition:0 recoveryId:0 extraInfo:] versionId:202409050900 INCREMENTAL:U.R4T2.ad4b5f_17d1f08_1781a40
04-22 15:27:43.669  2236  3348 W ITheiaManagerExt: [sendEvent] the event state is disable: 5
04-22 15:27:43.669  2236  3348 W OplusEapManager handleErrorInfo sendEvent: : com.adarshk8.indplaymonorepo happenedcrash
04-22 15:27:43.669  2236  3348 D OplusEapManager: Switching to crashbox with bundle
04-22 15:27:43.669  2236  3348 D OplusAnrCrashMonitor: handleAnrCrashData: bundle data done
04-22 15:27:43.669  2236 12462 D OplusAnrCrashMonitor: handleServiceCall: bundle data
04-22 15:27:43.669  2236  3348 D OplusAmsUtilsFeatrue: detectExceptionsForOIDT type:0
04-22 15:27:43.670  2236  4587 W OplusSelfProtectManager: pkg[com.oplus.crashbox] not in policy list
04-22 15:27:43.672  2236 20893 I DropBoxManagerService: add tag=data_app_crash isTagEnabled=true flags=0x2
04-22 15:27:43.672 20589 20790 W CrashBox_TestModeManager: PackageName not found:com.oplus.autotest.qetest
04-22 15:27:43.673  2236  3348 D OplusDexAotCrashController:  this pkg path already deleted aot files: com.adarshk8.indplaymonorepo
04-22 15:27:43.673  2236  3348 W ActivityTaskManager:   Force finishing activity com.adarshk8.indplaymonorepo/.MainActivity
04-22 15:27:43.674  2236 20893 D DropBoxManagerService: file :: /data/system/dropbox/data_app_crash@1776851863673.txt
04-22 15:27:43.674  2236 20893 W AES     : Exception Log handling...
04-22 15:27:43.674  2236 20893 W AES     : Skipped - do not care third party apk
04-22 15:27:43.676  2236  2894 I [UAH_CLIENT]: UahEventAcquire, cmdid:0, pkg:com.adarshk8.indplaymonorepo, identity:com.android.server.wm
04-22 15:27:43.676   633   633 E lowmemorykiller: adj:1001 file_cache: 355932 free:21661
04-22 15:27:43.676   633   633 E lowmemorykiller: device has enough memory 1669960Kib, and freeMemory 86644Kib, disable killing(limit_killing:1468004Kib)
04-22 15:27:43.677  2236  3348 D ActivityTaskManager: setAppVisibility(Token{f30833 ActivityRecord{233241905 u0 com.adarshk8.indplaymonorepo/.MainActivity t19612 f}}}, visible=false):  visible=true mVisibleRequested=true
04-22 15:27:43.678  2236  3348 D ActivityTaskManager: setVisibility(Token{f30833 ActivityRecord{233241905 u0 com.adarshk8.indplaymonorepo/.MainActivity t19612 f}}}, visible=false) defer commitVisibility for transition collecting
04-22 15:27:43.678  2236  3348 I PowerHalWrapper: amsBoostNotify pid:20833,activity:com.adarshk8.indplaymonorepo.MainActivity, package:com.adarshk8.indplaymonorepo, mProcessCreatePackcom.adarshk8.indplaymonorepo 
04-22 15:27:43.678  2236  3348 I PowerHalWrapper: state: 0 
04-22 15:27:43.679  1420  1420 I IPCThreadState: oneway function results for code 2 on binder at 0xb4000073992709a0 will be dropped but finished with status UNKNOWN_TRANSACTION
04-22 15:27:43.679  1420  1420 I vendor.mediatek.hardware.mtkpower_applist-service.mediatek: packName: com.adarshk8.indplaymonorepo actName: com.adarshk8.indplaymonorepo.MainActivity pid: 20833 uid: 10594 state: 0
04-22 15:27:43.679  1420  1420 I MTK_APPList: [notifyAPPstate] com.adarshk8.indplaymonorepo/com.adarshk8.indplaymonorepo.MainActivity, pid=20833, uid=10594, state:PAUSED, fps:-1, win:0
04-22 15:27:43.679  1420  1420 I MTK_APPList: [notifyAPPstate] multi_resumed_app_count: 0
04-22 15:27:43.679  1420  1420 I MTK_APPList: [getForegroundAPPCount] 1
04-22 15:27:43.679  1420  1420 I MTK_APPList: [notifyNetdUID] 10594
04-22 15:27:43.680  1420  1420 I MTK_APPList: [notifyPID] 20833
04-22 15:27:43.682  2236  3348 I PowerHalWrapper: amsBoostNotify AMS_BOOST_PROCESS_CREATE_BOOST:true 
04-22 15:27:43.682  2236  2236 D MBrainLocalService: isVendorFreezeConditionPass is false
04-22 15:27:43.682  2236  2236 E MBrainLocalService: notifyAppSwitch failed
04-22 15:27:43.684  2236  3348 D TaskFragmentExtImpl: resumeTopActivity Launcher ,resume while pausing ActivityRecord{212336314 u0 com.android.launcher/.Launcher t5}
04-22 15:27:43.684  2236  3348 I PowerHalWrapper: <amsBoostResume> last:null, next:com.android.launcherhasATProcess:true 
04-22 15:27:43.685  2236  3348 I OplusHansManager : front pkg: com.android.launcher, uid: 10195, prev pkg: com.adarshk8.indplaymonorepo, prev uid: 10594
04-22 15:27:43.685  2236  4113 W OplusHansManager : Failed to notify phone app uid : not register
04-22 15:27:43.685  2236  3348 D RefreshRate: boostRefreshId choose max:currentRefreshRate:60.0 targetRefreshRate:120.0 mCurrentPickRate:60.0
04-22 15:27:43.685  1421  1531 I [UAH_CLIENT]: UahRelease, handle:-1
04-22 15:27:43.685  2236  3348 D RefreshRate: Trigger app switch boost, ar=ActivityRecord{212336314 u0 com.android.launcher/.Launcher t5},currDisplayRate=60.0,boostId=3
04-22 15:27:43.686  2236  2387 D RefreshRate: do setDisplayConfigSpecs  
04-22 15:27:43.686  2236  3718 I OplusHansManager : uid=10594, pkg=com.adarshk8.indplaymonorepo enter SM
04-22 15:27:43.686  2236  3718 I OplusHansManager : uid=10594, pkg=com.adarshk8.indplaymonorepo R enter(), D stay=0
04-22 15:27:43.686  2236  3348 D RefreshRate: setDisplayConfigSpecs complete: targetMode={id=1, width=1080, height=2400, fps=120.00001, vsync=120.00001, synthetic=false, alternativeRefreshRates=[45.0, 48.000004, 50.0, 60.0, 90.0], supportedHdrTypes=[]},srcMode={id=1, width=1080, height=2400, fps=120.00001, vsync=120.00001, synthetic=false, alternativeRefreshRates=[45.0, 48.000004, 50.0, 60.0, 90.0], supportedHdrTypes=[]},sfModId=0,rate=120.00001
04-22 15:27:43.686  2236  3348 D RefreshRate: Refresh rate changing from 60.0 to 120.00001,maxRefreshRate=120.00001 FOR:{
04-22 15:27:43.686  2236  3348 D RefreshRate:     | COURSE[Trigger app switch boost, ar=ActivityRecord{212336314 u0 com.android.launcher/.Launcher t5},currDisplayRate=60.0,boostId=3setDisplayConfigSpecs complete: targetMode={id=1, width=1080, height=2400, fps=120.00001, vsync=120.00001, synthetic=false, alternativeRefreshRates=[45.0, 48.000004, 50.0, 60.0, 90.0], supportedHdrTypes=[]},srcMode={id=1, width=1080, height=2400, fps=120.00001, vsync=120.00001, synthetic=false, alternativeRefreshRates=[45.0, 48.000004, 50.0, 60.0, 90.0], supportedHdrTypes=[]},sfModId=0,rate=120.00001]
04-22 15:27:43.686  2236  3348 D RefreshRate:     | VOTES[PRIORITY_START_ANIMATION_BOOST -> Vote{mRefreshRate=120.0, mMinRefreshRate=120.0, mRequestSource=null};PRIORITY_WINDOW_REQUEST -> Vote{mRefreshRate=60.0, mMinRefreshRate=60.0, mRequestSource=null};]
04-22 15:27:43.686  2236  3348 D RefreshRate:     | TIME:2026-04-22 09:57:43}
04-22 15:27:43.686  1537  1636 I SurfaceFlinger: setDesiredDisplayModeSpecs: calling_process=system_server
04-22 15:27:43.686  2236  3348 D RefreshRate: startAppSwitchBoost targetMode={id=1, width=1080, height=2400, fps=120.00001, vsync=120.00001, synthetic=false, alternativeRefreshRates=[45.0, 48.000004, 50.0, 60.0, 90.0], supportedHdrTypes=[]} record=ActivityRecord{212336314 u0 com.android.launcher/.Launcher t5}: votes=PRIORITY_START_ANIMATION_BOOST -> Vote{mRefreshRate=120.0, mMinRefreshRate=120.0, mRequestSource=null};PRIORITY_WINDOW_REQUEST -> Vote{mRefreshRate=60.0, mMinRefreshRate=60.0, mRequestSource=null};
04-22 15:27:43.687  1537  1636 D SurfaceFlinger: VRR [SurfaceFlinger] setDesiredDisplayModeSpecs, from process 2236, 0, 0, primaryRanges = [ 120.000008, 120.000008, 120.000008, 120.000008 ], appRequestRanges = [ 120.000008, 120.000008, 120.000008 120.000008 ]
04-22 15:27:43.687  1421  1531 I [UAH_CLIENT]: UahPlatformResAcquire
04-22 15:27:43.687  1421  1531 I [UAH_CLIENT]: UahEventAcquire, cmdid:-3, pkg:1421 0, identity:mtk-powerd
04-22 15:27:43.687  1537  1537 I SurfaceFlinger: setDesiredDisplayModeSpecs: policy={defaultModeId=0, allowGroupSwitching=false, primaryRanges={physical=[120.00 Hz, 120.00 Hz], render=[120.00 Hz, 120.00 Hz]}, appRequestRanges={physical=[120.00 Hz, 120.00 Hz], render=[120.00 Hz, 120.00 Hz]} idleScreenConfig=nullptr}
04-22 15:27:43.687  1537  1537 I RefreshRateSelector: Display 4627039422300187648 policy changed
04-22 15:27:43.687  1537  1537 I RefreshRateSelector: Previous: {defaultModeId=2, allowGroupSwitching=false, primaryRanges={physical=[0.00 Hz, 120.00 Hz], render=[0.00 Hz, 60.00 Hz]}, appRequestRanges={physical=[0.00 Hz, 120.00 Hz], render=[0.00 Hz, 60.00 Hz]} idleScreenConfig=nullptr}
04-22 15:27:43.687  1537  1537 I RefreshRateSelector: Current:  DisplayManagerPolicy{defaultModeId=0, allowGroupSwitching=false, primaryRanges={physical=[120.00 Hz, 120.00 Hz], render=[120.00 Hz, 120.00 Hz]}, appRequestRanges={physical=[120.00 Hz, 120.00 Hz], render=[120.00 Hz, 120.00 Hz]} idleScreenConfig=nullptr}
04-22 15:27:43.687  1537  1537 I RefreshRateSelector: 1 mode changes were performed under the previous policy
04-22 15:27:43.687  1537  1537 D SurfaceFlinger: VRR [SurfaceFlinger] applyRefreshRateSelectorPolicy: 0 (120.00 Hz), policy: {defaultModeId=0, allowGroupSwitching=false, primaryRanges={physical=[120.00 Hz, 120.00 Hz], render=[120.00 Hz, 120.00 Hz]}, appRequestRanges={physical=[120.00 Hz, 120.00 Hz], render=[120.00 Hz, 120.00 Hz]} idleScreenConfig=nullptr}
04-22 15:27:43.687  1537  1537 D SurfaceFlinger: VRR [SurfaceFlinger] setDesiredActiveMode: displayId: 4627039422300187648, renderRate: 120, vsyncRate: 120, event: 1
04-22 15:27:43.687  1537  1537 D DisplayModeController: setDesiredMode 4627039422300187648 {mode={fps=120.00 Hz, modePtr={id=0, vsyncRate=120.00 Hz, peakRefreshRate=120.00 Hz}}, emitEvent=true, force=false}
04-22 15:27:43.687  2236  3258 I Osense-BaseDecisionMaker: notifySceneToAthenaPolicy: SCENE_LAUNCHER, bundle: Bundle[{prevPkgName=com.adarshk8.indplaymonorepo, curUid=10195, isGame=false, curPkgName=com.android.launcher, prevUid=10594}]
04-22 15:27:43.687  1537  1537 D Scheduler: frame_rate = 120, set halftime to 8ms
04-22 15:27:43.687  1537  1537 I PowerHalWrapper: updateFps(): 120
04-22 15:27:43.687  1537  2001 D VRR [OTI]: handleIdle from 0 to 0
04-22 15:27:43.687  1537  2001 D VRR [OTI-HW]: isStateReady 0
04-22 15:27:43.688  1537  2001 D VRR [OTI-HW]: restore sys rate.
04-22 15:27:43.688  1537  2001 D SurfaceFlinger: requestDisplayModes mModeChangePending is true
04-22 15:27:43.688  2236  3348 D ActivityTaskManager: setAppVisibility(Token{a547610 ActivityRecord{212336314 u0 com.android.launcher/.Launcher t5}}, visible=true):  visible=false mVisibleRequested=false
04-22 15:27:43.688  2236  2387 D DisplayModeDirector: setAppRequest displayId : 0  modeId: 1  requestedRefreshRate: 120.00001  requestedMinRefreshRateRange: 120.00001  requestedMaxRefreshRateRange: 120.00001
04-22 15:27:43.688  2236  3348 D WindowManager: NFW_setClientVisible:ActivityRecord{212336314 u0 com.android.launcher/.Launcher t5} clientVisible:true
04-22 15:27:43.689  2236  3348 D ActivityTaskManager: setVisibility(Token{a547610 ActivityRecord{212336314 u0 com.android.launcher/.Launcher t5}}, visible=true) defer commitVisibility for transition collecting
04-22 15:27:43.689   471  8676 D VRI[Launcher]: dispatchAppVisibility visible:true mUpcomingWindowFocus:false
04-22 15:27:43.689  2236  3258 I Osense-BaseDecisionMaker: scene: SCENE_LAUNCHER, excutingPolicy: clear
04-22 15:27:43.690  2236  2350 I UserAwareMgr: handleTopAppChanged: com.android.launcher, pid: 471, uid: 10195
04-22 15:27:43.690  2236  3348 D ActivityTaskManager: onWindowFocusChanged Task{b53750d #5 type=home I=com.android.launcher/.Launcher} would transfer to compact
04-22 15:27:43.690  2236  3258 D Osense-BaseDecisionMaker: invoke clear policy,type: cached
04-22 15:27:43.690  2236  3348 D ActivityTaskManager: NFW_setLastResumedActivityUncheckLocked:true r:ActivityRecord{212336314 u0 com.android.launcher/.Launcher t5} currentFocus:Window{69d19c5 u0 com.adarshk8.indplaymonorepo/com.adarshk8.indplaymonorepo.MainActivity}
04-22 15:27:43.690  2236  3348 D QuickBackInputPolicy: hasMultiChildrenInTask: false
04-22 15:27:43.690  2236  3348 D WindowManager: NFW_findFocusedWindowIfNeeded:Window{fc92af8 u0 com.android.launcher/com.android.launcher.Launcher} mCurrentFocus:Window{69d19c5 u0 com.adarshk8.indplaymonorepo/com.adarshk8.indplaymonorepo.MainActivity}
04-22 15:27:43.690  2236  3348 D WindowManager: attachImeScreenshotOnTargetIfNeeded, mImeHiding = false, requestedVisibleTypes = -9
04-22 15:27:43.691  2236  3265 I OsenseKillAction: KillAction: [atomic clean] start name=lowmem, requestId=8426, startAvail=1630, startFreeMB=84, purposeAvailMB=2000, purposeFreeMB=-1, anonRssTarget=370, minBgCount=0, maxAppCare=100, swapTarget=0, scene=SCENE_LAUNCHER, type=cached, qb=false, cchOnly=true, urgency=false, hoggingCpuPids={}, invalid-cnt=3
04-22 15:27:43.692  2236  3348 D QuickBackInputPolicy: hasMultiChildrenInTask: false
04-22 15:27:43.692  2236  3750 I OPM-Process: resume pkg: com.android.launcher, uid:10195, prev pkg: com.adarshk8.indplaymonorepo, prev uid: 10594
04-22 15:27:43.694  2236  3348 D WindowManager: setFrameRateStart invalid typeId return!
04-22 15:27:43.696  2236  3348 D WindowManager: setFrameRateStart invalid typeId return!
04-22 15:27:43.696  2236  3348 D Theia.NoFocusWindow: FocusWindowErrorScene cancelCheckFreezeScreen
04-22 15:27:43.697  2236  3348 W TheiaWindowMonitor: [check] focusedWindow is null or enable is false
04-22 15:27:43.697  2236  3348 D FlexibleTaskController: onTaskFocusChanged prevTask:Task{bbbb3a2 #19612 type=standard A=10594:com.adarshk8.indplaymonorepo} ,currentTask:Task{b53750d #5 type=home I=com.android.launcher/.Launcher}, reason: resumeTopActivity - onActivityStateChanged
04-22 15:27:43.697  2236  3348 D OplusFlexibleDCSManager: onNextPkgChanged pkg = com.android.launcher
04-22 15:27:43.698  2236  2894 I [UAH_CLIENT]: UahEventAcquire, cmdid:0, pkg:com.android.launcher, identity:com.android.server.wm
04-22 15:27:43.698  2236  3348 I PowerHalWrapper: amsBoostNotify pid:471,activity:com.android.launcher.Launcher, package:com.android.launcher, mProcessCreatePackcom.adarshk8.indplaymonorepo 
04-22 15:27:43.698  2236  3348 I PowerHalWrapper: state: 1 
04-22 15:27:43.698  1420  1420 I IPCThreadState: oneway function results for code 2 on binder at 0xb4000073992709a0 will be dropped but finished with status UNKNOWN_TRANSACTION
04-22 15:27:43.698  1420  1420 I vendor.mediatek.hardware.mtkpower_applist-service.mediatek: packName: com.android.launcher actName: com.android.launcher.Launcher pid: 471 uid: 10195 state: 1
04-22 15:27:43.698  1420  1420 I MTK_APPList: [notifyAPPstate] com.android.launcher/com.android.launcher.Launcher, pid=471, uid=10195, state:RESUMED, fps:-1, win:0
04-22 15:27:43.698  1420  1420 I MTK_APPList: [notifyAPPstate] multi_resumed_app_count: 1
04-22 15:27:43.698  1420  1420 I MTK_APPList: [notifyAPPstate] multi_resumed_app_info[0] com.android.launcher/com.android.launcher.Launcher, pid:471, fps:-1, isMultiWindow:0
04-22 15:27:43.698  1420  1420 I MTK_APPList: [getForegroundAPPCount] 1
04-22 15:27:43.698  1420  1420 I MTK_APPList: [notifyAPPstate] foreground:com.android.launcher, pid:471, uid:10195
04-22 15:27:43.698  1420  1420 I MTK_APPList: [notifyNetdUID] 10195
04-22 15:27:43.699  1420  1420 I MTK_APPList: [notifyPID] 471
04-22 15:27:43.700  1420  1420 I MTK_APPList: [notifyAPPstate] pc:1, com.adarshk8.indplaymonorepo => com.android.launcher
04-22 15:27:43.701  2236  3348 I PowerHalWrapper: amsBoostNotify AMS_BOOST_PROCESS_CREATE_BOOST:true 
04-22 15:27:43.702  2236  2236 D MBrainLocalService: isVendorFreezeConditionPass is false
04-22 15:27:43.702  2236  2236 E MBrainLocalService: notifyAppSwitch failed
04-22 15:27:43.703  2236  3348 D WindowManager: rotation(ROTATION_0) no changed  displayId = 0, lastOrientation = 5
04-22 15:27:43.703  1537  1537 I HWC2    : [0] setActiveConfigWithConstraints[0]
04-22 15:27:43.704  1406  1406 I hwcomposer: [HWC] number Config: 6  
04-22 15:27:43.704  1406  1406 I hwcomposer: [HWC] (0) Attribute: config:0, attr:1, value:1080  
04-22 15:27:43.704  1406  1406 I hwcomposer: [HWC] number Config: 6  
04-22 15:27:43.704  1406  1406 I hwcomposer: [HWC] (0) Attribute: config:0, attr:2, value:2400  
04-22 15:27:43.704  1406  1406 I hwcomposer: [HWCDisplay] (0) setActiveConfigWithConstraints config:0  
04-22 15:27:43.704  1406  1406 I hwcomposer: [HWCDisplay] setActiveConfigWithConstraints(), now 390303874588186, diff 389538, estimated_applied_time 16666667 queued_size:0  
04-22 15:27:43.705  2236  3348 D WindowManager: NFW_setClientVisible:WallpaperWindowToken{5539234 showWhenLocked=false} clientVisible:true
04-22 15:27:43.708  2236  3348 D DisplayModeDirector: setAppRequest displayId : 0  modeId: 1  requestedRefreshRate: 0.0  requestedMinRefreshRateRange: 0.0  requestedMaxRefreshRateRange: 120.00001
04-22 15:27:43.710  2236  3348 I TaskOrganizerController: onTaskInfoChanged taskid 19612 config { mBounds=Rect(0, 0 - 1080, 2400) mAppBounds=Rect(0, 0 - 1080, 2400) mMaxBounds=Rect(0, 0 - 1080, 2400) mDisplayRotation=ROTATION_0 mWindowingMode=fullscreen mActivityType=standard mAlwaysOnTop=undefined mRotation=ROTATION_0}
04-22 15:27:43.710   471   471 I SplitScreenManager: Attached Launcher#a76d604 ON_START
04-22 15:27:43.710   471   471 W LauncherClient[u0]: isConnected false because mOverlay is null
04-22 15:27:43.710   471   471 W LauncherClient[u0]: isConnected false because mOverlay is null
04-22 15:27:43.711  2236  3348 D OplusVisibleTasks:  notifyTaskFocusChange no need.
04-22 15:27:43.711  2236  3348 D OplusFlexibleDragToSplitAnimController: visibleFlexibleTaskInfos delete:19612
04-22 15:27:43.711  2236  3348 E FlexibleWindowManagerService: notifyTaskObserverToAttachController not need to notify!
04-22 15:27:43.711  2236  3348 I FlexibleWindowManagerService: onFlexibleWindowTaskInfoChanged, return for cur task not embedded
04-22 15:27:43.712  2236  3348 I TaskOrganizerController: onTaskInfoChanged taskid 1 config { mBounds=Rect(0, 0 - 1080, 2400) mAppBounds=Rect(0, 0 - 1080, 2400) mMaxBounds=Rect(0, 0 - 1080, 2400) mDisplayRotation=ROTATION_0 mWindowingMode=fullscreen mActivityType=home mAlwaysOnTop=undefined mRotation=ROTATION_0}
04-22 15:27:43.712  1406  7336 I hwcomposer: [HWCDisplay] updateAppliedConfigState: applied config complete[idx:390303891254853, config:0]  
04-22 15:27:43.712   471   471 D ActivityThread: ComponentInfo{com.android.launcher/com.android.launcher.Launcher} checkFinished=false 2
04-22 15:27:43.712   471   471 D ResourcesManagerExtImpl: applyConfigurationToAppResourcesLocked app.getDisplayId() return callback.displayId:0
04-22 15:27:43.713   471   471 I MSP-LOG-SDK-ActivityLifeCallBack: onActivityResumed Launcher
04-22 15:27:43.713   471   471 I SplitScreenManager: Attached Launcher#a76d604 ON_RESUME
04-22 15:27:43.713  2236  3348 D OplusFlexibleDragToSplitAnimController: visibleFlexibleTaskInfos delete:1
04-22 15:27:43.713  2236  3348 E FlexibleWindowManagerService: notifyTaskObserverToAttachController not need to notify!
04-22 15:27:43.713  2236  3348 I FlexibleWindowManagerService: onFlexibleWindowTaskInfoChanged, return for cur task not embedded
04-22 15:27:43.714   471   471 W LauncherClient[u0]: isConnected false because mOverlay is null
04-22 15:27:43.714   471   471 W QuickSearchKeepAlive[u0]: return by Process priority filter
04-22 15:27:43.715   471   471 E OLauncher[u0]: resumeWsnAnimState not support wsn full animation, return!
04-22 15:27:43.715  2236  6230 D UsageStatsService: User[0] type=0 b=1776851820705 e=1776851863713 cb=1776839514915 ce=1776851863649 disk=0 all=8
04-22 15:27:43.716   471   471 D ViewRootImplExtImpl: wrapConfigInfoIntoFlags rotation=0, smallestScreenWidthDp=360, residentWS=true, scenario=0, bounds=Rect(0, 0 - 1080, 2400), relayoutAsync=true, flags=0, newFlags=1258302724, title=com.android.launcher/com.android.launcher.Launcher
04-22 15:27:43.717  2236  3265 E OsenseKillAction: KillAction: find invalid process: com.adarshk8.indplaymonorepo:20833:2
04-22 15:27:43.717   471   471 D VRI[Launcher]: relayoutWindow result, sizeChanged:false, surfaceControlChanged:false, transformHintChanged:false, mSurfaceSize:Point(1080, 2400), mLastSurfaceSize:Point(1080, 2400), mWidth:1080, mHeight:2400, requestedWidth:1080, requestedHeight:2400, transformHint:0, installOrientation:0, displayRotation:0, isSurfaceValid:true, attr.flag:-2121203456, tmpFrames:ClientWindowFrames{frame=[0,0][1080,2400] display=[0,0][1080,2400] parentFrame=[0,0][1080,2400]}, relayoutAsync:true, mSyncSeqId:0
04-22 15:27:43.717   471   471 W VRI[Launcher]: updateBlastSurfaceIfNeeded, surfaceSize:Point(1080, 2400), lastSurfaceSize:Point(1080, 2400), format:-2, blastBufferQueue:android.graphics.BLASTBufferQueue@80e4fa8
04-22 15:27:43.717  2236  2338 D HandleApplicationCrash: doUpload: stability
04-22 15:27:43.718   471   471 I SurfaceControl:  setExtendedRangeBrightness sc=Surface(name=com.android.launcher/com.android.launcher.Launcher)/@0xbc3f8db,currentBufferRatio=1.0,desiredRatio=1.0
04-22 15:27:43.718  1537  2001 D SurfaceFlinger: VRR [SurfaceFlinger] setDesiredActiveMode: displayId: 4627039422300187648, renderRate: 120, vsyncRate: 120, event: 1
04-22 15:27:43.718  1537  2001 D DisplayModeController: setDesiredMode 4627039422300187648 {mode={fps=120.00 Hz, modePtr={id=0, vsyncRate=120.00 Hz, peakRefreshRate=120.00 Hz}}, emitEvent=true, force=false}
04-22 15:27:43.719  3054  3170 D ShellTaskOrganizerExt: visibleFlexibleTaskInfos delete:19612
04-22 15:27:43.719  1537  2001 D VRR [OTI-HW]: isStateReady 0
04-22 15:27:43.719  3054  3170 D ShellTaskOrganizerExt: isOnCanvas size:0
04-22 15:27:43.719  3054  3170 D ShellTaskOrganizerExt: isOnThreeFlexibleCanvas size:0
04-22 15:27:43.719  1537  2001 D VRR [OTI-HW]: keep rate.
04-22 15:27:43.719  3054  3170 D ShellTaskOrganizerExt: visibleFlexibleTaskInfos delete:1
04-22 15:27:43.719  3054  3170 D ShellTaskOrganizerExt: isOnCanvas size:0
04-22 15:27:43.719  3054  3170 D ShellTaskOrganizerExt: isOnThreeFlexibleCanvas size:0
04-22 15:27:43.719  2236  6467 D OplusAppStartupConfigExt: ActivityChangedListener prePkg = com.adarshk8.indplaymonorepo  nextPkg = com.android.launcher
04-22 15:27:43.719  2236  3265 I OsenseKillAction: KillAction: group process done, total=2ms, firstLoop=1ms, updateProcessInfo=1ms, idleList=0ms, curBg=5
04-22 15:27:43.719  2236  6467 I OplusJoystickManager: handleApplicationSwitch deprecated!
04-22 15:27:43.719  2236  6467 I GameManagerServiceExt-GameManagerServiceExt: on FG change: com.adarshk8.indplaymonorepo|com.android.launcher
04-22 15:27:43.719  3054  3170 D WindowManagerShell: setLauncherKeepClearAreaHeight: visible=true, height=192
04-22 15:27:43.719  2236  2385 D OplusAppSwitchListener: App Activity Change
04-22 15:27:43.719  2236  2385 D OplusAppSwitchListener: Detect com.adarshk8.indplaymonorepo switch to background
04-22 15:27:43.719  2236  2385 D OplusFeatureReduceBrightness: onAppExit , info = com.adarshk8.indplaymonorepo
04-22 15:27:43.720  2236  2385 D OplusAppSwitchListener: Detect com.android.launcher switch to foreground
04-22 15:27:43.720  2236  6467 I PowerHalWrapper: amsBoostNotify pid:471,activity:com.android.launcher.Launcher, package:com.android.launcher, mProcessCreatePackcom.adarshk8.indplaymonorepo 
04-22 15:27:43.720  2236  6467 I PowerHalWrapper: state: 1 
04-22 15:27:43.721  2236  3833 D OplusEapManager: mTargetExitName :com.adarshk8.indplaymonorepo
04-22 15:27:43.721  2236  2910 D ORBrightnessMarvelsDataCollector: Runnable-MarvelsAppEnterInfo[2026-04-22 15:27:43,com.android.launcher,6.0]
04-22 15:27:43.722  1006  1256 W Battery : AppSwitchDetectorV2: OnAppSwitchObserver: onAppExit , info = OplusAppExitInfo = {  targetName = com.adarshk8.indplaymonorepo hasResumingActivity = true resumingPackageName = com.android.launcher resumingActivityName = com.android.launcher.Launcher resumingWindowMode = 1 isResumingMultiApp = false isResumingFirstStart = false extension = Bundle[mParcelledData.dataSize=628]} lastReg=1776825538000
04-22 15:27:43.722  1006  1256 W Battery : AppSwitchManager: onAppSwitch: [m4.o$d@3ad3ee9]
04-22 15:27:43.723  2236  3833 D OplusAppSwitchRuleInfo: generateAppEnterInfo - launch_source_type =  , launch_source_traceid = 
04-22 15:27:43.723  2236  3833 D OplusLatencyOptimizerManager: enter pkg: com.android.launcher isPrevBlackAppTop: false mIsBlackAppTop: false
04-22 15:27:43.723  1006  1256 W Battery : ThermalControlUtils: mForegroundPkg=com.android.launcher mLastWindowMode=1
04-22 15:27:43.723  2236  3833 I OPM     : home scene change to true
04-22 15:27:43.723  3054  3054 I PluginSeedling--Base: SeedlingPluginService-->onStateChange: Bundle[{app_switch_resume_pkg=com.android.launcher, app_switch_exit_pkg=com.adarshk8.indplaymonorepo, state=onFrontAppSwitched, isTransientHide=false, app_switch_resume_activity=com.android.launcher.Launcher}]
04-22 15:27:43.723  3054  3054 D PluginSeedling--Base: AppFrontManager-->front App changed com.android.launcher
04-22 15:27:43.723  3054  3054 D PluginSeedling--Base: StatusBarDataManager-->onPluggableInvalidated FRONT_APP
04-22 15:27:43.723  2236  3833 D OplusEapManager: mTargetEnterName :com.android.launcher
04-22 15:27:43.723  2236  3833 D OplusAppSwitchRuleInfo: generateAppEnterInfo - launch_source_type =  , launch_source_traceid = 
04-22 15:27:43.724  2236  3833 D OplusAppSwitchRuleInfo: generateAppEnterInfo - launch_source_type =  , launch_source_traceid = 
04-22 15:27:43.724  2236  3833 D OplusAppSwitchRuleInfo: generateAppEnterInfo - launch_source_type =  , launch_source_traceid = 
04-22 15:27:43.725  2236  3833 D OplusAppSwitchRuleInfo: generateAppEnterInfo - launch_source_type =  , launch_source_traceid = 
04-22 15:27:43.725  2236  3833 D OplusAppSwitchRuleInfo: generateAppEnterInfo - launch_source_type =  , launch_source_traceid = 
04-22 15:27:43.725  1420  1420 I IPCThreadState: oneway function results for code 2 on binder at 0xb4000073992709a0 will be dropped but finished with status UNKNOWN_TRANSACTION
04-22 15:27:43.726  1420  1420 I vendor.mediatek.hardware.mtkpower_applist-service.mediatek: packName: com.android.launcher actName: com.android.launcher.Launcher pid: 471 uid: 10195 state: 1
04-22 15:27:43.726  1420  1420 I MTK_APPList: [notifyAPPstate] com.android.launcher/com.android.launcher.Launcher, pid=471, uid=10195, state:RESUMED, fps:-1, win:0
04-22 15:27:43.726  1420  1420 I MTK_APPList: [notifyAPPstate] multi_resumed_app_count: 1
04-22 15:27:43.726  1420  1420 I MTK_APPList: [notifyAPPstate] multi_resumed_app_info[0] com.android.launcher/com.android.launcher.Launcher, pid:471, fps:-1, isMultiWindow:0
04-22 15:27:43.726  1420  1420 I MTK_APPList: [getForegroundAPPCount] 1
04-22 15:27:43.726  1420  1420 I MTK_APPList: [notifyAPPstate] foreground:com.android.launcher, pid:471, uid:10195
04-22 15:27:43.726  1420  1420 I MTK_APPList: [notifyNetdUID] 10195
04-22 15:27:43.726  2236  3833 D OplusAppSwitchRuleInfo: generateAppEnterInfo - launch_source_type =  , launch_source_traceid = 
04-22 15:27:43.727  1537  1537 I BpBinder: onLastStrongRef automatically unlinking death recipients: 
04-22 15:27:43.727  2236  3833 D OplusAppSwitchRuleInfo: generateActivityEnterInfo - launch_source_type =  , launch_source_traceid = 
04-22 15:27:43.728   471  1544 D VRI[Launcher]: Received frameCommittedCallback lastAttemptedDrawFrameNum=3303 didProduceBuffer=true syncBuffer=false
04-22 15:27:43.728  2236  3833 D OplusAppSwitchRuleInfo: generateActivityEnterInfo - launch_source_type =  , launch_source_traceid = 
04-22 15:27:43.728   471   471 D VRI[Launcher]: draw finished. seqId=0
04-22 15:27:43.728  2236  3833 D OplusAppSwitchRuleInfo: generateActivityEnterInfo - launch_source_type =  , launch_source_traceid = 
04-22 15:27:43.728  2236  6467 I PowerHalWrapper: amsBoostNotify AMS_BOOST_PROCESS_CREATE_BOOST:false 
04-22 15:27:43.728  1420  1420 I MTK_APPList: [notifyPID] 471
04-22 15:27:43.728  1006  1256 W Battery : ThermalControllerCenter: mSafetyState=10000,  mSafetyTestConfigList=01111,10111,11011,11101,11110,00111,01011,01101,01110,10011,10101,10110,11001,11010,11100,11111,10100
04-22 15:27:43.729  1006  1256 W Battery : ThermalControlConfig: mNonBigVersionOtaPeriodVal=2
04-22 15:27:43.729  2236  2387 D VRR [OPlusRefreshRateService]: handleFrontAppChange pkgName: com.android.launcher
04-22 15:27:43.729  1006  1256 W Battery : ThermalControllHandler: tempLevel=[11],userMode=2,gameUserMode=7,appType=-1,envTempType=0,appStates=[],appSwitchSafetyMode=false,split=[],float=[],full=[com.android.launcher], tempGear=[11],configItemName=common_config
04-22 15:27:43.725  3427  4425 I Athena  : AthenaDynamicReceiver: pre_app:com.adarshk8.indplaymonorepo, next_app:com.android.launcher(10195|471)
04-22 15:27:43.730  2236  6229 D OplusBatteryServiceFeature: setSmartCoolDown: coolDown = 2, normalCoolDown = 2, pkgName = com.android.launcher
04-22 15:27:43.730  2987 28673 D DCSEX-AppLaunchEventRecorder: onAppSwitch from = com.adarshk8.indplaymonorepo to = com.android.launcher
04-22 15:27:43.732  1443  1443 D vendor.oplus.hardware.charger-V9-service: set cooldown:2,  normalCoolDown:2
04-22 15:27:43.734  1006  1114 W Battery : ThermalControllHandler: MSG_THERMAL_CONTROL_CATEGORY_CHANGED
04-22 15:27:43.734  1006  1114 W Battery : ThermalControllerCenter: startCollingMethods,thermalPolicy=Policy info
04-22 15:27:43.734  1006  1114 W Battery : {
04-22 15:27:43.734  1006  1114 W Battery :  categoryName: com.android.launcher
04-22 15:27:43.734  1006  1114 W Battery :  configItemName: gear_config 
04-22 15:27:43.734  1006  1114 W Battery :  gearVal:[11], cpuVal:3, gpuVal:3, restrictVal:4, brightnessVal:6, chargeVal:2, modemVal:3, disFlashVal:0, stopCameraVideoVal:1, cameraBrightnessVal:100, disCameraVal:0, disWifiHotSpotVal:0, disTorchVal:0, disFrameInsertVal:0, fpsVal:0, refreshRateVal:0, cpuPowerVal:-2, disVideoSRVal:-2, thermalSerious:-2, speedChargeAdd:-2, ipaweight:-2,-2,-2, boostBreak1:-2, boostBreak2:-2, heatoffPolicy:-2, freezer:-2 
04-22 15:27:43.734  1006  1114 W Battery : } 
04-22 15:27:43.734  1006  1114 W Battery : ThermalControllerCenter: in modem protect period, not set modem
04-22 15:27:43.735  1006  9475 W Battery : AppSceneCenter: PerfPolicy not enable!
04-22 15:27:43.736  2236  6467 D OplusBatteryServiceFeature: setSmartCoolDown: coolDown = 2, normalCoolDown = 2, pkgName = com.android.launcher
04-22 15:27:43.736  2236  2338 I ActivityManager: hookHandleApplicationCrashBeforeInner do not showErrorDialog shouldThottle= true
04-22 15:27:43.736  2236  3265 I OsenseKillAction: scanCchEmptyProc: +++++++ start double check +++++++
04-22 15:27:43.736  2236  3265 I OsenseKillAction: scanCchEmptyProc: cch check done: killablePss=0kb, killableAnonRss=0mb, time=18ms, candidate cnt: 0
04-22 15:27:43.736  2236  3265 I OsenseKillAction: scanNonUiProc: ----------start check non ui proc-----------
04-22 15:27:43.736  2236  3265 I OsenseKillAction: scanNonUiProc: done check non ui proc: killablePss=0kb, killableAnonRss=0mb, time=0ms, collected proc num: 0
04-22 15:27:43.736  2236  3265 I OsenseKillAction: scanOomAdj: skip scan oom adj for lowmem
04-22 15:27:43.736  2236  3265 I OsenseKillAction: scanAllProc: skip scan all proc for lowmem
04-22 15:27:43.736  2236  3265 I OsenseKillAction: KillAction: done execute kill, pi2app=0ms, monitor=0ms, kill=0ms, total=0ms, kill cnt=0, local cnt=0
04-22 15:27:43.737  2236  3265 I OsenseKillAction: KillAction: [atomic clean] end requestId=8426, endAvail=1589mb, reclaimed: [pss=0mb, anonRss=0mb, swap=0mb, mem=0mb, Rss=0mb], timing: [total=46ms, update=1ms, readMem=3ms, group=2ms, cch=18ms, nonUi=0ms, oomadj=0ms, allProc=0ms, monitor=21ms, kill=0ms], sysinfo: [bgcount=5]
