04-22 15:27:43.893  2236  6224 I AppWidgetServiceImpl: lookupWidgetLocked widgetId=19, uid=10158, packageName=com.coloros.alarmclock, mWidgets.size=6
04-22 15:27:43.893  2236  6224 I AppWidgetServiceImpl: isDifferentPackageFromProvider provider.id=ProviderId{user:0, app:10158, cmp:ComponentInfo{com.coloros.alarmclock/com.coloros.widget.smallweather.OppoWeatherSingle}}, provider.id.componentName=ComponentInfo{com.coloros.alarmclock/com.coloros.widget.smallweather.OppoWeatherSingle}, packageName=com.coloros.alarmclock, providerpackgename=com.coloros.alarmclock
04-22 15:27:43.894 20079 20079 D ClockTag_WidgetUpdateHelper: checkResizeWidgetIds widget height:87
04-22 15:27:43.894 20079 20079 D ClockTag_WidgetUpdateHelper: relayoutAllWidgets normalWidgetIds:[19]
04-22 15:27:43.894 20079 20079 D ClockTag_ClockWidget.BaseClockWidget: relayoutWidget mLastClockType = 1 isClockAllOverTheme =false
04-22 15:27:43.897 20079 20079 D ClockTag_ClockWidgetUtils: supportLandWidget false
04-22 15:27:43.898 20079 20079 D ClockTag_ClockWidget.ClockWidgetManager: getIntentToStartApp action=com.oplus.alarmclock.AlarmClock category=null
04-22 15:27:43.898  2236  2340 D DisplayManagerService: Delivering display event: displayId=0, event=EVENT_DISPLAY_REFRESH_RATE_CHANGED
04-22 15:27:43.899  2236  2338 D WindowManager: DeferredDisplayUpdater: partially applying DisplayInfo(1080 x 2400) immediately
04-22 15:27:43.899  2236  2819 D AudioSystem: +setParameters(): screen_state=on 
04-22 15:27:43.899 20079 20079 D PackageDisabledManager: pkg com.coloros.weather2  status  is 0
04-22 15:27:43.900 20079 20079 D PackageDisabledManager: pkg net.oneplus.weather  status  is 2
04-22 15:27:43.900  2236  2338 D OplusVFXScreenEffectFeature: notifySFCompatWindowStateChange entered false
04-22 15:27:43.900  2236  2338 D FSS_FoldScreenBlackCoverController: displayChangeToOn, dc:Display{#0 state=ON size=1080x2400 ROTATION_0}
04-22 15:27:43.900  1537  1636 D [PREVIEW]: SF obtain preview_adapter: 0
04-22 15:27:43.900  1537  1636 D [PREVIEW]: TabletPreviewAdapter::parallel world 0
04-22 15:27:43.900  1497  5566 D AudioBoost: audioSchedBoost, pid=1497, tid=5566, enable=1, ret=0
04-22 15:27:43.900 20079 20079 D ClockTag_ClockWidget.BaseWidgetViewHelper: getLocalWeatherInfo isCommonWeatherServiceExist is true
04-22 15:27:43.900  1497  5566 D AudioFlingerExtImpl: AudioFlingerExtImpl oplusSetParameters: keyvalue screen_state=on
04-22 15:27:43.901  1396  2812 D AudioALSAHardware: +setParameters(): screen_state=on
04-22 15:27:43.901  1396  2812 D AudioALSAHardware: =====>GetInstance()->MMI_Auto_Test
04-22 15:27:43.901  1396  2812 D audio_engineer_test: do_audio_test_process Enter all_test[0]:NoneTest in_call:false
04-22 15:27:43.901  1396  2812 D AudioALSAStreamOut: +setScreenState(), flag 2, mode 1
04-22 15:27:43.901  1396  2812 D AudioALSAStreamOut: +setScreenState(), flag 8, mode 1
04-22 15:27:43.901  1396  2812 D AudioALSAStreamOut: +setScreenState(), flag 4, mode 1
04-22 15:27:43.901  1396  2812 D AudioALSAStreamOut: +setScreenState(), flag 32768, mode 1
04-22 15:27:43.901  1396  2812 D AudioALSAStreamOut: +setScreenState(), flag 65536, mode 1
04-22 15:27:43.901  1396  2812 D AudioALSAHardware: -setParameters(): screen_state=on
04-22 15:27:43.902  2236  2236 E OplusGestureAnimationManagerPolicy: mScreenHeight:2400 mScreenWidth:1080 mRotation:0
04-22 15:27:43.904  1497  5566 D AudioBoost: audioSchedBoost, pid=1497, tid=5566, enable=0, ret=0
04-22 15:27:43.905  2236  2863 D BackgroundInstallControlService: Package event received: 0
04-22 15:27:43.908  2236  4587 D UsageStatsService: User[0] type=0 b=1776851820921 e=1776851863902 cb=1776839514915 ce=1776851863894 disk=0 all=10
04-22 15:27:43.908 20079 20079 D ClockTag_ClockWidgetState: systemWallpaperColor:-16777216/false
04-22 15:27:43.908 20079 20079 D ClockTag_ClockWidget.ClockWidgetManager: updateTextColor -- str = -16777216/false, colors size = 2
04-22 15:27:43.908 20079 20079 D ClockTag_ClockWidget.ClockWidgetManager: updateTextColor, color: ff000000, mDrawTextShadow = false, mCurDividerLineColor = 4d000000
04-22 15:27:43.909 20079 20079 D ClockTag_ClockWidget.BaseClockWidget: updateAllChildTextViewColor color = -16777216
04-22 15:27:43.909  3054  3054 I KeyguardDisplayManager: onDisplayChanged displayId: 0
04-22 15:27:43.909  3054  3054 I SystemUi--Keyguard: KeyguardDisplayManagerExImpl-->orientationChanged=false, presentationDisplayChanged=false, lastPresentationWidth=0, lastPresentationHeight=0, lastPresentationDensity=0
04-22 15:27:43.910 20079 20079 D ClockTag_CommonUtil: isAddZero language:en
04-22 15:27:43.910 20079 20079 D ClockTag_ClockWidget.BaseClockWidget: updateTimeFormat:HH
04-22 15:27:43.913 20079 20079 D ClockTag_ClockWidget.OppoWeatherSingle: update colon default font
04-22 15:27:43.914 20079 20079 D ClockTag_ClockWidget.BaseClockWidget: updateDataFormat dataFormat=EEE d MMM
04-22 15:27:43.915 20079 20079 D ClockTag_ClockWidget.BaseClockWidget: updateDataFormat:EEE d MMM
04-22 15:27:43.915  3723  8271 D ActivityAdapter: taskChange: pre: 0, cur: 1, changed:true
04-22 15:27:43.915  3723  8271 D ActivityAdapter: notifyActivityQuery: [com.adarshk8.indplaymonorepo; com.adarshk8.indplaymonorepo.MainActivity; 1; COMMON; 10594]
04-22 15:27:43.916  3723  8271 D OPlusFrontAppManager: useAdapterResult, pkg=com.adarshk8.indplaymonorepo,activity=com.adarshk8.indplaymonorepo.MainActivity,result=true
04-22 15:27:43.916  3723  8271 D OPlusFrontAppManager: decide -->> [com.adarshk8.indplaymonorepo; com.adarshk8.indplaymonorepo.MainActivity; 1; COMMON; 10594]
04-22 15:27:43.916  3723  8271 D ConferenceScene: pkg:com.adarshk8.indplaymonorepo, activity:com.adarshk8.indplaymonorepo.MainActivity, appSense:COMMON
04-22 15:27:43.916  3723  8271 D NetworkUtils: list1 size 1,list2 size0
04-22 15:27:43.916  3723  3723 D AtomNetworkScoreInfo: handleMessage: 1006
04-22 15:27:43.916  3723  3723 D AtomNetworkScoreInfo: top app size: 1
04-22 15:27:43.916  3723  3723 D AtomNetworkScoreInfo: Front app state: 1
04-22 15:27:43.916  3723  7912 D Subsys-ScoreAppManager: handleMessage what:2
04-22 15:27:43.916  3723  7912 D Subsys-ScoreAppManager: EVENT_ID_APP_SENSE_CHANGE  onFrontActivityChanged
04-22 15:27:43.916  3723  3723 D AtomHighLoadSenseInfo: handleMessage what:1000
04-22 15:27:43.916  3723  7912 D Subsys-ScoreAppManager: appSceneChange fgAppUnits size 1 fgAppUnits [{pkgName:com.adarshk8.indplaymonorepo,activityName:,winMode:1,event:COMMON,type:0,subEvent:0,pid:20833,uid:10594}] mLastNetworkList[191]
04-22 15:27:43.916  3723  3723 D AtomHighLoadSenseInfo: handleAppSenseChanged original mode:{live:0,video:0,voice call:0,video call:0,live host:0,meeting:0}
04-22 15:27:43.916  3723  7912 D Subsys-ScoreAppManager: createApp
04-22 15:27:43.916  3723  3723 D AtomHighLoadSenseInfo: handleAppSenseChanged appInfoUnit:{pkgName:com.adarshk8.indplaymonorepo,activityName:,winMode:1,event:COMMON,type:0,subEvent:0,pid:20833,uid:10594}
04-22 15:27:43.916  3723  3723 D SceneService: handleMessage what:1004
04-22 15:27:43.916  3723  3723 D SceneService: notifyAppSceneChanged original mode:{live:0,video:0,voice call:0,video call:0,live host:0,game:0,meeting:0,news:0,file transfer:0},appInfoUnit:[{pkgName:com.adarshk8.indplaymonorepo,activityName:,winMode:1,event:COMMON,type:0,subEvent:0,pid:20833,uid:10594}]
04-22 15:27:43.916  3723  7912 D CommonApp-191-10594: init22
04-22 15:27:43.917  2236  2340 D AppSenseClient: handleMessage: 100
04-22 15:27:43.917  2236  2340 D AppSenseClient: handleSenseEvent appInfoUnits: {pkgName:com.adarshk8.indplaymonorepo,activityName:com.adarshk8.indplaymonorepo.MainActivity,winMode:1,event:COMMON,type:0,subEvent:0,pid:20833,uid:10594},
04-22 15:27:43.917  2236  2340 D AppSenseClient: handleSenseEvent clients: 1
04-22 15:27:43.917  2236  2340 D AppSenseClient: handleSenseEvent clientId: 15371506
04-22 15:27:43.918  2236  2340 D AppSenseClient: notifyAppEvent: pkgName: com.adarshk8.indplaymonorepo,activityName:com.adarshk8.indplaymonorepo.MainActivity;state: 1;event: COMMON;type: 0;subEvent: 0;pid: 20833;uid: 10594
04-22 15:27:43.918  2236  2340 D AppSenseClient: notifyAppChanges: [{pkgName:com.adarshk8.indplaymonorepo,activityName:com.adarshk8.indplaymonorepo.MainActivity,winMode:1,event:COMMON,type:0,subEvent:0,pid:20833,uid:10594}]
04-22 15:27:43.918 20079 20079 D ClockTag_DeviceUtils: isDisableWeatherTemperature false
04-22 15:27:43.918 20079 20079 D ClockTag_ClockWidget.BaseClockWidget: localWeatherInfo = 41‎°‎
04-22 15:27:43.918  3723  7912 D NetworkService[0]: getIfIndexByNetid netId:191,ifName:ccmni2,ifIndex:16
04-22 15:27:43.918  3723  7912 D NetworkService[0]: getIfIndexByNetid netId:191,ifName:ccmni2,ifIndex:16
04-22 15:27:43.918  3723  7912 D CommonApp-191-10594: BaseApp init, mNetId 191 mIfIndex 16 network 191
04-22 15:27:43.919  3723  7912 D CommonApp-191-10594: network 191 capability [ Transports: CELLULAR Capabilities: SUPL&XCAP&INTERNET&NOT_RESTRICTED&TRUSTED&NOT_VPN&VALIDATED&NOT_ROAMING&FOREGROUND&NOT_CONGESTED&NOT_SUSPENDED&NOT_VCN_MANAGED&NOT_BANDWIDTH_CONSTRAINED LinkUpBandwidth>=56062Kbps LinkDnBandwidth>=56062Kbps Specifier: <TelephonyNetworkSpecifier [mSubId = 1]> AdminUids: [10307] SubscriptionIds: {1} UnderlyingNetworks: Null] subId 1
04-22 15:27:43.919  3723  8271 D AppSenseService: notifySenseEvent: {pkgName:com.adarshk8.indplaymonorepo,activityName:com.adarshk8.indplaymonorepo.MainActivity,winMode:1,event:COMMON,type:0,subEvent:0,pid:20833,uid:10594},
04-22 15:27:43.918  3658  3658 D AppSenseClient: handleMessage: 100
04-22 15:27:43.919  3658  3658 D AppSenseClient: handleSenseEvent appInfoUnits: {pkgName:com.adarshk8.indplaymonorepo,activityName:com.adarshk8.indplaymonorepo.MainActivity,winMode:1,event:COMMON,type:0,subEvent:0,pid:20833,uid:10594},
04-22 15:27:43.919  3658  3658 D AppSenseClient: handleSenseEvent clients: 1
04-22 15:27:43.919  3658  3658 D AppSenseClient: handleSenseEvent clientId: 201467766
04-22 15:27:43.919  3658  3658 D AppSenseClient: notifyAppEvent: pkgName: com.adarshk8.indplaymonorepo,activityName:com.adarshk8.indplaymonorepo.MainActivity;state: 1;event: COMMON;type: 0;subEvent: 0;pid: 20833;uid: 10594
04-22 15:27:43.919  3658  3658 D AppSenseClient: notifyAppChanges: [{pkgName:com.adarshk8.indplaymonorepo,activityName:com.adarshk8.indplaymonorepo.MainActivity,winMode:1,event:COMMON,type:0,subEvent:0,pid:20833,uid:10594}]
04-22 15:27:43.919  3658  3658 D NhsAppSenseListener: onAppEvent enter
04-22 15:27:43.919  3658  3658 D NhsAppSenseListener: new event: event=0, state=1, pkg=com.adarshk8.indplaymonorepo, type=0, subEvent=0
04-22 15:27:43.919  3646  3800 D AppSenseClient: handleMessage: 100
04-22 15:27:43.919  3658  3658 D NhsAppSenseListener: onAppChanged, app list size: 1
04-22 15:27:43.919  3646  3800 D AppSenseClient: handleSenseEvent appInfoUnits: {pkgName:com.adarshk8.indplaymonorepo,activityName:com.adarshk8.indplaymonorepo.MainActivity,winMode:1,event:COMMON,type:0,subEvent:0,pid:20833,uid:10594},
04-22 15:27:43.919  3646  3800 D AppSenseClient: handleSenseEvent clients: 1
04-22 15:27:43.919  3646  3800 D AppSenseClient: handleSenseEvent clientId: 38291173
04-22 15:27:43.919  3646  3800 D AppSenseClient: notifyAppEvent: pkgName: com.adarshk8.indplaymonorepo,activityName:com.adarshk8.indplaymonorepo.MainActivity;state: 1;event: COMMON;type: 0;subEvent: 0;pid: 20833;uid: 10594
04-22 15:27:43.919  3593  3851 D AppSenseClient: handleMessage: 100
04-22 15:27:43.919  3646  3800 D AppSenseClient: notifyAppChanges: [{pkgName:com.adarshk8.indplaymonorepo,activityName:com.adarshk8.indplaymonorepo.MainActivity,winMode:1,event:COMMON,type:0,subEvent:0,pid:20833,uid:10594}]
04-22 15:27:43.919  3646  3800 D NAS-DataSceneEvent: onAppEvent enter
04-22 15:27:43.919  3646  3800 D NAS-DataSceneEvent: new event: event=0, state=1, pkg=com.adarshk8.indplaymonorepo, type=0, subEvent=0
04-22 15:27:43.919  3646  3800 D NAS-DataSceneEvent: onAppChanged, app list size: 1
04-22 15:27:43.919  3593  3851 D AppSenseClient: handleSenseEvent appInfoUnits: {pkgName:com.adarshk8.indplaymonorepo,activityName:com.adarshk8.indplaymonorepo.MainActivity,winMode:1,event:COMMON,type:0,subEvent:0,pid:20833,uid:10594},
04-22 15:27:43.919  3646  3800 D NAS-DataSceneEvent: updateAppSenseChange [{pkgName:com.adarshk8.indplaymonorepo,activityName:com.adarshk8.indplaymonorepo.MainActivity,winMode:1,event:COMMON,type:0,subEvent:0,pid:20833,uid:10594}]
04-22 15:27:43.919  3593  3851 D AppSenseClient: handleSenseEvent clients: 1
04-22 15:27:43.919  3593  3851 D AppSenseClient: handleSenseEvent clientId: 221800991
04-22 15:27:43.919 20079 20079 D ClockTag_ClockWidget.BaseClockWidget: TextSize ratio:1.0;false
04-22 15:27:43.920  3593  3851 D AppSenseClient: notifyAppEvent: pkgName: com.adarshk8.indplaymonorepo,activityName:com.adarshk8.indplaymonorepo.MainActivity;state: 1;event: COMMON;type: 0;subEvent: 0;pid: 20833;uid: 10594
04-22 15:27:43.920  3593  3851 D AppSenseClient: notifyAppChanges: [{pkgName:com.adarshk8.indplaymonorepo,activityName:com.adarshk8.indplaymonorepo.MainActivity,winMode:1,event:COMMON,type:0,subEvent:0,pid:20833,uid:10594}]
04-22 15:27:43.920 20079 20079 D ClockTag_WidgetUpdateHelper: relayoutAllWidgets widgetIds: [19] remoteView:android.widget.RemoteViews@5e09585
04-22 15:27:43.920 20079 20079 I AppWidgetManager: updateAppWidgetIds, mPackageName: com.coloros.alarmclock, appWidgetIds: [19], views:android.widget.RemoteViews@5e09585
04-22 15:27:43.922  2236  6230 D AppWidgetServiceImpl: updateAppWidgetIds remoteViews = android.widget.RemoteViews@91bf5a8
04-22 15:27:43.922  2236  6230 D AppWidgetServiceImpl: action size = 36
04-22 15:27:43.922  2236  6230 I AppWidgetServiceImpl: lookupWidgetLocked widgetId=19, uid=10158, packageName=com.coloros.alarmclock, mWidgets.size=6
04-22 15:27:43.922  2236  6230 I AppWidgetServiceImpl: isDifferentPackageFromProvider provider.id=ProviderId{user:0, app:10158, cmp:ComponentInfo{com.coloros.alarmclock/com.coloros.widget.smallweather.OppoWeatherSingle}}, provider.id.componentName=ComponentInfo{com.coloros.alarmclock/com.coloros.widget.smallweather.OppoWeatherSingle}, packageName=com.coloros.alarmclock, providerpackgename=com.coloros.alarmclock
04-22 15:27:43.922  3646  5635 E OplusNetlinkConnect: parse rsp msg failed!Protocol message contained an invalid tag (zero).
04-22 15:27:43.923  2236  6230 I AppWidgetServiceImpl: updateViews: 229701825 widget:AppWidgetId{19:Host{HostId{user:0, app:10195, hostId:1024, pkg:com.android.launcher}}:Provider{ProviderId{user:0, app:10158, cmp:ComponentInfo{com.coloros.alarmclock/com.coloros.widget.smallweather.OppoWeatherSingle}}}}
04-22 15:27:43.923  2236  2835 I AppWidgetServiceImpl: handleNotifyUpdateAppWidget,appWidgetId: 19,packageName:com.coloros.alarmclock
04-22 15:27:43.923  2236  2835 D AppWidgetServiceImpl: Trying to notify widget update for package com.coloros.alarmclock with widget id: 19
04-22 15:27:43.924 20079 20079 D ClockTag_WidgetUpdateHelper: relayoutAllWidgets finished
04-22 15:27:43.924 20079 20079 D ClockTag_WidgetUpdateHelper: relayoutAllWidgets smallWidgetIds:[]
04-22 15:27:43.924 20079 20079 E ClockTag_WidgetUpdateHelper: relayoutAllWidgets widget is null or empty!
04-22 15:27:43.924 20079 20079 D ClockTag_WidgetUpdateHelper: getWidgetIds: class com.coloros.widget.smallweather.OppoWeatherMultiVertical
04-22 15:27:43.924   471   471 D AppWidgetHostView: inflateAsync(rvToApply), appWidgetId: 19
04-22 15:27:43.925 20079 20079 D ClockTag_WidgetUpdateHelper: updateWidget: null class com.coloros.widget.smallweather.OppoWeatherMultiVertical
04-22 15:27:43.925  3723  7912 D CommonApp-191-10594: choiceScoreWay
04-22 15:27:43.925  3723  7912 D CommonApp-191-10594: useTraditionalScore
04-22 15:27:43.925  3723  7912 D CommonApp-191-10594: initState
04-22 15:27:43.925  3723  7912 D CommonApp-191-10594: createScenarios
04-22 15:27:43.925 20079 20079 D ClockTag_WidgetUpdateHelper: getWidgetIds: class com.coloros.widget.smallweather.OppoWeatherVertical
04-22 15:27:43.925  3723  7912 D CommonApp-191-10594: init end
04-22 15:27:43.925  3723  7912 D Subsys-ScoreAppManager: unit: {pkgName:com.adarshk8.indplaymonorepo,activityName:,winMode:1,event:COMMON,type:0,subEvent:0,pid:20833,uid:10594}
04-22 15:27:43.926  3723  7912 D CommonApp-191-10594: CommonState enter
04-22 15:27:43.926  3723  7912 D CommonApp-191-10594: DefaultState EVENT_INIT_STATE_COMPLETE
04-22 15:27:43.926  3723  7912 D CommonApp-191-10594: startDataCollection
04-22 15:27:43.926  3723  7912 D CommonApp-191-10594: current network is cellular
04-22 15:27:43.926  3723  7912 D STS-ModemDataCollection-1: ModemDataCollection, mSlotId = 0
04-22 15:27:43.926  3723  7912 D RadioProxyJ[0]: [36295]> setQosConfig enabled:1 config:[3]
04-22 15:27:43.926 20079 20079 D ClockTag_WidgetUpdateHelper: updateWidget: null class com.coloros.widget.smallweather.OppoWeatherVertical
04-22 15:27:43.926 20079 20079 D ClockTag_WidgetUpdateHelper: getWidgetIds: class com.coloros.widget.smallweather.RealmeWeather
04-22 15:27:43.926  3723  7912 D NetworkService[0]: registerEventRegistrants eventId:25,what:43,obj:null,messenger:null,handler:Handler (com.oplus.sense.netscore.n0) {20e0da1}
04-22 15:27:43.927  3723  7912 D ModemStuckAnalyse1: ModemStuckAnalyse, mSlotId = 0
04-22 15:27:43.927  3723  7912 D NetlinkUtils: sendToKernel byteBuffer:java.nio.HeapByteBuffer[pos=32 lim=32 cap=32],nlmsg_pid:3723,nlmsg_type:48,cmdType:1,type:9,nla_len:12
04-22 15:27:43.927 20079 20079 D ClockTag_WidgetUpdateHelper: getWidgetViewProxy:480
04-22 15:27:43.927  3723  7912 D NetlinkUtils: sendTransportScoreInfo result:true
04-22 15:27:43.927  3723  7912 D Subsys-ScoreAppManager: handleMessage what:40
04-22 15:27:43.927  3723  7912 D Subsys-ScoreAppManager: EVENT_SCORE_STATE_INFOtrue
04-22 15:27:43.927  3723  7912 D ScorePolicyManager: handleMessage: SCORE_STATE_CHANGEtrue
04-22 15:27:43.927 20079 20079 D ClockTag_WidgetUpdateHelper: updateWidget: [I@f156c0b class com.coloros.widget.smallweather.RealmeWeather
04-22 15:27:43.927 20079 20079 D ClockTag_WidgetUpdateHelper: relayoutAllWidget :[2]
04-22 15:27:43.927 20079 20079 D ClockTag_ClockWidget.RPlusWeather: relayoutWidget
04-22 15:27:43.928 20079 20079 D ClockTag_ClockWidget.RPlusWeather: updateDataFormat:EEE d MMM
04-22 15:27:43.929  1673  1758 D MipcProxy: handleMessage msg is 4001, instance 0
04-22 15:27:43.929  1673  1758 D RadioProxy: setQosConfig : response cb for instance 0
04-22 15:27:43.931  3723  5484 D RadioProxyJ[0]: [36295]< setQosConfigResponse 
04-22 15:27:43.931 20079 20079 D ClockTag_ClockWidget.RPlusWeather: relayoutWidget localWeatherInfo = 41‎°‎
04-22 15:27:43.932 20079 20079 D ClockTag_ClockWidgetState: systemWallpaperColor:-16777216/false
04-22 15:27:43.932 20079 20079 D ClockTag_ClockWidget.ClockWidgetManager: updateTextColor -- str = -16777216/false, colors size = 2
04-22 15:27:43.932 20079 20079 D ClockTag_ClockWidget.ClockWidgetManager: updateTextColor, color: ff000000, mDrawTextShadow = false, mCurDividerLineColor = 4d000000
04-22 15:27:43.932 20079 20079 D ClockTag_ClockWidget.RPlusWeather: updateAllChildTextViewColor color = -16777216
04-22 15:27:43.934 20079 20079 D ClockTag_WidgetUpdateHelper: relayoutAllWidgets widgetIds: [2] remoteView:android.widget.RemoteViews@c83cf00
04-22 15:27:43.934 20079 20079 I AppWidgetManager: updateAppWidgetIds, mPackageName: com.coloros.alarmclock, appWidgetIds: [2], views:android.widget.RemoteViews@c83cf00
04-22 15:27:43.935  2236  6225 D AppWidgetServiceImpl: updateAppWidgetIds remoteViews = android.widget.RemoteViews@da391b5
04-22 15:27:43.935  2236  6225 D AppWidgetServiceImpl: action size = 13
04-22 15:27:43.935  2236  6225 I AppWidgetServiceImpl: lookupWidgetLocked widgetId=2, uid=10158, packageName=com.coloros.alarmclock, mWidgets.size=6
04-22 15:27:43.935  2236  6225 I AppWidgetServiceImpl: isDifferentPackageFromProvider provider.id=ProviderId{user:0, app:10158, cmp:ComponentInfo{com.coloros.alarmclock/com.coloros.widget.smallweather.RealmeWeather}}, provider.id.componentName=ComponentInfo{com.coloros.alarmclock/com.coloros.widget.smallweather.RealmeWeather}, packageName=com.coloros.alarmclock, providerpackgename=com.coloros.alarmclock
04-22 15:27:43.935  2236  6225 I AppWidgetServiceImpl: updateViews: 201875530 widget:AppWidgetId{2:Host{HostId{user:0, app:10195, hostId:1024, pkg:com.android.launcher}}:Provider{ProviderId{user:0, app:10158, cmp:ComponentInfo{com.coloros.alarmclock/com.coloros.widget.smallweather.RealmeWeather}}}}
04-22 15:27:43.936  2236  2835 I AppWidgetServiceImpl: handleNotifyUpdateAppWidget,appWidgetId: 2,packageName:com.coloros.alarmclock
04-22 15:27:43.936  2236  2835 D AppWidgetServiceImpl: Trying to notify widget update for package com.coloros.alarmclock with widget id: 2
04-22 15:27:43.936 20079 20079 D ClockTag_WidgetUpdateHelper: relayoutAllWidgets finished
04-22 15:27:43.936 20079 20079 D ClockTag_WidgetUpdateHelper: end update all widgets
04-22 15:27:43.937 20079 20902 D ClockTag_ClockWidget.BaseWidgetViewHelper: requestDoubleWeatherInfo methodName=getDoubleCityWeatherDataAndUpdate isNeed=false
04-22 15:27:43.937 20079 20079 D ClockTag_ClockWidgetUtils: supportLandWidget false
04-22 15:27:43.938 20079 20902 I WeatherS_WeatherBaseDataTask: Service has not started, bind update Service.
04-22 15:27:43.938 20079 20902 I WeatherS_WeatherServiceManager: bindUpdateService false
04-22 15:27:43.938 20079 20079 D ClockTag_FoldScreenUtils: haveFold:false
04-22 15:27:43.938 20079 20079 D ClockTag_ClockWidgetUtils: supportMultiWallpaper: false
04-22 15:27:43.941  2236  6225 E OplusDexOptimizeManager: Start app fature is off
04-22 15:27:43.943 20715 20730 W OplusExSystemServiceHelper: checkOplusExSystemService intent getComponent is null
04-22 15:27:43.945 20079 20079 I WeatherS_WeatherServiceManager: onServiceConnected
04-22 15:27:43.946 20079 20903 I WeatherS_WeatherBaseDataTask: executeRequest getDoubleCityWeatherDataAndUpdate
04-22 15:27:43.948 20715 20730 E WeatherS_PrivacyStatementExport: isSupportExportPrivacyVersion metaData -> true
04-22 15:27:43.948 20715 20730 E WeatherS_PrivacyStatementExport: isAgreed-1
04-22 15:27:43.950 20715 20730 E WeatherS_WeatherCommonServiceProxy: getLocationCityInfo
04-22 15:27:43.950 20715 20730 D WeatherS_PoolManager:  thread: Thread[pool-1-thread-4,5,main]
04-22 15:27:43.952 20715 20730 I WeatherS_WeatherCommonServiceProxy: getLocationCityAndUpdate id = 2 cityId:0
04-22 15:27:43.952 20715 20730 E WeatherS_WeatherCommonServiceProxy: getTimeZoneOfAttendCity
04-22 15:27:43.952 20715 20730 D WeatherS_PoolManager:  thread: Thread[pool-1-thread-5,5,main]
04-22 15:27:43.954 20715 20730 E WeatherS_WeatherCommonServiceProxy: getOneAttentCityWeatherInfoList
04-22 15:27:43.954 20715 20730 D WeatherS_PoolManager:  thread: Thread[pool-1-thread-6,5,main]
04-22 15:27:43.957 20715 20906 I WeatherS_WeatherCommonServiceProxy: parseWeatherToAttentWeatherInfo currentTemp: 41
04-22 15:27:43.958 20715 20906 I WeatherS_SharedUtil: tryCheckLocWeatherAndSend sLastSendResult is 202.
04-22 15:27:43.958 20715 20730 I WeatherS_WeatherCommonServiceProxy: getLocationCityAndUpdate  temp = 41 Sunny 54
04-22 15:27:43.959 20715 20730 E WeatherS_WeatherCommonServiceProxy: getLocationCityAndUpdate  needUpdateWeatherInfo = false, isCallFromWeatherApp = false
04-22 15:27:43.959 20715 20730 D WeatherS_PoolManager:  thread: Thread[pool-2-thread-3,5,main]
04-22 15:27:43.960 20715 20730 I WeatherS_WeatherCommonServiceProxy: getResidentCity list size: 0
04-22 15:27:43.960 20715 20730 I WeatherS_WeatherCommonServiceProxy: getDoubleCityData temp: 41 weatherType:54 weatherDesc:Sunny
04-22 15:27:43.960 20715 20730 I WeatherS_WeatherCommonServiceProxy: getDoubleCityData data is null
04-22 15:27:43.960 20715 20730 D WeatherS_PoolManager:  thread: Thread[pool-2-thread-4,5,main]
04-22 15:27:43.961 20079 20903 I WeatherS_WeatherBaseDataTask: after doRequestFromWeatherService getDoubleCityWeatherDataAndUpdate result true
04-22 15:27:43.963 20079 20903 I WeatherS_WeatherBaseDataTask:  doRequestFromWeatherService getDoubleCityWeatherDataAndUpdate response data true
04-22 15:27:43.963 20079 20903 D ClockTag_ClockWidget.BaseWidgetViewHelper: locationWeather: 41;410000;5.5
04-22 15:27:43.965 20079 20903 I ClockTag_ClockWidget.ClockWidgetManager: isRPlus = false
04-22 15:27:43.965 20079 20903 D ClockTag_ClockWidget.ClockWidgetManager: allCheck: false
04-22 15:27:43.965 20079 20903 D ClockTag_ClockWidget.BaseWidgetViewHelper: getLocalWeatherInfo isCommonWeatherServiceExist is true
04-22 15:27:43.965 20079 20903 D ClockTag_ClockWidget.BaseWidgetViewHelper: getResidentWeatherInfo isCommonWeatherServiceExist=true 
04-22 15:27:43.965 20079 20903 D ClockTag_ClockWidget.BaseWidgetViewHelper: isExpVersion getCurClockType isDoubleClockOpened:false,localWeatherEntity:WeatherEntity{mDegree='41', mType='54', mDescription='Sunny', mCentigrade='°', mTimeZone='5.5', mParentCityCode='', mLocationResultCode='410000', sunriseTime='1776816513000', sunsetTime='1776863142000'},residentWeatherEntity:null
04-22 15:27:43.965 20079 20903 D ClockTag_ClockWidget.ClockWidgetManager: init clock type:1->1
04-22 15:27:43.965 20079 20903 D ClockTag_ClockWidget.BaseWidgetViewHelper: getLocalWeatherInfo isCommonWeatherServiceExist is true
04-22 15:27:43.966 20079 20903 D ClockTag_OplusDateUtils: isTimeMillisDayTime -- hour = 15 sunriseTime:1776816513000 sunsetTime:1776863142000
04-22 15:27:43.966 20079 20903 D ClockTag_WeatherResUtil: getOpWeatherIcon -- index:54 OP_WEATHER_ICON_LENGTH:71 correctWeatherIndex:54
04-22 15:27:43.967 20079 20903 D ClockTag_ClockWidget.ClockWidgetManager: updateTimeAndDateInfo lunar:
04-22 15:27:43.967 20079 20903 D ClockTag_ClockWidget.ClockWidgetManager: getLocalDateAndWeatherTime
04-22 15:27:43.968 20079 20903 D ClockTag_ClockWidget.ClockWidgetManager: updateLocalData type:false weather:false time:false force:true
04-22 15:27:43.968 20079 20903 D ClockTag_WidgetUpdateHelper: start update all widgets
04-22 15:27:43.968 20079 20903 D ClockTag_WidgetUpdateHelper: getWidgetIds: class com.coloros.widget.smallweather.OppoWeather
04-22 15:27:43.969 20079 20903 D ClockTag_WidgetUpdateHelper: updateWidget: null class com.coloros.widget.smallweather.OppoWeather
04-22 15:27:43.969 20079 20903 D ClockTag_WidgetUpdateHelper: getWidgetIds: class com.coloros.widget.smallweather.OppoWeatherSingle
04-22 15:27:43.970 20079 20903 D ClockTag_WidgetUpdateHelper: getWidgetViewProxy:480
04-22 15:27:43.970 20079 20903 D ClockTag_WidgetUpdateHelper: updateWidget: [I@a4ae9f5 class com.coloros.widget.smallweather.OppoWeatherSingle
04-22 15:27:43.971 20079 20903 D ClockTag_WidgetUpdateHelper: checkResizeWidgetIds widget size: 1
04-22 15:27:43.971  2236  4587 I AppWidgetServiceImpl: lookupWidgetLocked widgetId=19, uid=10158, packageName=com.coloros.alarmclock, mWidgets.size=6
04-22 15:27:43.971  2236  4587 I AppWidgetServiceImpl: isDifferentPackageFromProvider provider.id=ProviderId{user:0, app:10158, cmp:ComponentInfo{com.coloros.alarmclock/com.coloros.widget.smallweather.OppoWeatherSingle}}, provider.id.componentName=ComponentInfo{com.coloros.alarmclock/com.coloros.widget.smallweather.OppoWeatherSingle}, packageName=com.coloros.alarmclock, providerpackgename=com.coloros.alarmclock
04-22 15:27:43.972 20079 20903 D ClockTag_WidgetUpdateHelper: checkResizeWidgetIds widget height:87
04-22 15:27:43.972 20079 20903 D ClockTag_WidgetUpdateHelper: relayoutAllWidgets normalWidgetIds:[19]
04-22 15:27:43.972 20079 20903 D ClockTag_ClockWidget.BaseClockWidget: relayoutWidget mLastClockType = 1 isClockAllOverTheme =false
04-22 15:27:43.972 20079 20903 D ClockTag_ClockWidgetUtils: supportLandWidget false
04-22 15:27:43.973 20079 20903 D ClockTag_ClockWidget.ClockWidgetManager: getIntentToStartApp action=com.oplus.alarmclock.AlarmClock category=null
04-22 15:27:43.973 20079 20903 D PackageDisabledManager: pkg com.coloros.weather2  status  is 0
04-22 15:27:43.973 20079 20903 D PackageDisabledManager: pkg net.oneplus.weather  status  is 2
04-22 15:27:43.973 20079 20903 D ClockTag_ClockWidget.BaseWidgetViewHelper: getLocalWeatherInfo isCommonWeatherServiceExist is true
04-22 15:27:43.974 20079 20903 D ClockTag_ClockWidgetState: systemWallpaperColor:-16777216/false
04-22 15:27:43.974 20079 20903 D ClockTag_ClockWidget.ClockWidgetManager: updateTextColor -- str = -16777216/false, colors size = 2
04-22 15:27:43.974 20079 20903 D ClockTag_ClockWidget.ClockWidgetManager: updateTextColor, color: ff000000, mDrawTextShadow = false, mCurDividerLineColor = 4d000000
04-22 15:27:43.974 20079 20903 D ClockTag_ClockWidget.BaseClockWidget: updateAllChildTextViewColor color = -16777216
04-22 15:27:43.974   633   633 E lowmemorykiller: adj:1001 file_cache: 355322 free:29504
04-22 15:27:43.974   633   633 E lowmemorykiller: device has enough memory 1724736Kib, and freeMemory 118408Kib, disable killing(limit_killing:1468004Kib)
04-22 15:27:43.974 20079 20903 D ClockTag_CommonUtil: isAddZero language:en
04-22 15:27:43.975 20079 20903 D ClockTag_ClockWidget.BaseClockWidget: updateTimeFormat:HH
04-22 15:27:43.975 20079 20903 D ClockTag_ClockWidget.OppoWeatherSingle: update colon default font
04-22 15:27:43.976 20079 20903 D ClockTag_ClockWidget.BaseClockWidget: updateDataFormat dataFormat=EEE d MMM
04-22 15:27:43.976 20079 20903 D ClockTag_ClockWidget.BaseClockWidget: updateDataFormat:EEE d MMM
04-22 15:27:43.979 20079 20903 D ClockTag_DeviceUtils: isDisableWeatherTemperature false
04-22 15:27:43.980 20079 20903 D ClockTag_ClockWidget.BaseClockWidget: localWeatherInfo = 41‎°‎
04-22 15:27:43.981 20079 20903 D ClockTag_ClockWidget.BaseClockWidget: TextSize ratio:1.0;false
04-22 15:27:43.982 20079 20903 D ClockTag_WidgetUpdateHelper: relayoutAllWidgets widgetIds: [19] remoteView:android.widget.RemoteViews@d663e56
04-22 15:27:43.982 20079 20903 I AppWidgetManager: updateAppWidgetIds, mPackageName: com.coloros.alarmclock, appWidgetIds: [19], views:android.widget.RemoteViews@d663e56
04-22 15:27:43.984  2236  6225 D AppWidgetServiceImpl: updateAppWidgetIds remoteViews = android.widget.RemoteViews@7afe733
04-22 15:27:43.984  2236  6225 D AppWidgetServiceImpl: action size = 36
04-22 15:27:43.984  2236  6225 I AppWidgetServiceImpl: lookupWidgetLocked widgetId=19, uid=10158, packageName=com.coloros.alarmclock, mWidgets.size=6
04-22 15:27:43.984  2236  6225 I AppWidgetServiceImpl: isDifferentPackageFromProvider provider.id=ProviderId{user:0, app:10158, cmp:ComponentInfo{com.coloros.alarmclock/com.coloros.widget.smallweather.OppoWeatherSingle}}, provider.id.componentName=ComponentInfo{com.coloros.alarmclock/com.coloros.widget.smallweather.OppoWeatherSingle}, packageName=com.coloros.alarmclock, providerpackgename=com.coloros.alarmclock
04-22 15:27:43.985  2236  6225 I AppWidgetServiceImpl: updateViews: 46738160 widget:AppWidgetId{19:Host{HostId{user:0, app:10195, hostId:1024, pkg:com.android.launcher}}:Provider{ProviderId{user:0, app:10158, cmp:ComponentInfo{com.coloros.alarmclock/com.coloros.widget.smallweather.OppoWeatherSingle}}}}
04-22 15:27:43.985  2236  2835 I AppWidgetServiceImpl: handleNotifyUpdateAppWidget,appWidgetId: 19,packageName:com.coloros.alarmclock
04-22 15:27:43.985  2236  2835 D AppWidgetServiceImpl: Trying to notify widget update for package com.coloros.alarmclock with widget id: 19
04-22 15:27:43.985 20079 20903 D ClockTag_WidgetUpdateHelper: relayoutAllWidgets finished
04-22 15:27:43.985 20079 20903 D ClockTag_WidgetUpdateHelper: relayoutAllWidgets smallWidgetIds:[]
04-22 15:27:43.985 20079 20903 E ClockTag_WidgetUpdateHelper: relayoutAllWidgets widget is null or empty!
04-22 15:27:43.985 20079 20903 D ClockTag_WidgetUpdateHelper: getWidgetIds: class com.coloros.widget.smallweather.OppoWeatherMultiVertical
04-22 15:27:43.987   471   471 D AppWidgetHostView: inflateAsync(rvToApply), appWidgetId: 19
04-22 15:27:43.987 20079 20903 D ClockTag_WidgetUpdateHelper: updateWidget: null class com.coloros.widget.smallweather.OppoWeatherMultiVertical
04-22 15:27:43.987 20079 20903 D ClockTag_WidgetUpdateHelper: getWidgetIds: class com.coloros.widget.smallweather.OppoWeatherVertical
04-22 15:27:43.988 20079 20903 D ClockTag_WidgetUpdateHelper: updateWidget: null class com.coloros.widget.smallweather.OppoWeatherVertical
04-22 15:27:43.988 20079 20903 D ClockTag_WidgetUpdateHelper: getWidgetIds: class com.coloros.widget.smallweather.RealmeWeather
04-22 15:27:43.989 20079 20903 D ClockTag_WidgetUpdateHelper: getWidgetViewProxy:480
04-22 15:27:43.990 20079 20903 D ClockTag_WidgetUpdateHelper: updateWidget: [I@2b763c4 class com.coloros.widget.smallweather.RealmeWeather
04-22 15:27:43.990 20079 20903 D ClockTag_WidgetUpdateHelper: relayoutAllWidget :[2]
04-22 15:27:43.990 20079 20903 D ClockTag_ClockWidget.RPlusWeather: relayoutWidget
04-22 15:27:43.991 20079 20903 D ClockTag_ClockWidget.RPlusWeather: updateDataFormat:EEE d MMM
04-22 15:27:43.993 20079 20903 D ClockTag_ClockWidget.RPlusWeather: relayoutWidget localWeatherInfo = 41‎°‎
04-22 15:27:43.994 20079 20903 D ClockTag_ClockWidgetState: systemWallpaperColor:-16777216/false
04-22 15:27:43.994 20079 20903 D ClockTag_ClockWidget.ClockWidgetManager: updateTextColor -- str = -16777216/false, colors size = 2
04-22 15:27:43.994 20079 20903 D ClockTag_ClockWidget.ClockWidgetManager: updateTextColor, color: ff000000, mDrawTextShadow = false, mCurDividerLineColor = 4d000000
04-22 15:27:43.994 20079 20903 D ClockTag_ClockWidget.RPlusWeather: updateAllChildTextViewColor color = -16777216
04-22 15:27:43.996   749 20878 W keystore2: system/security/keystore2/watchdog/src/lib.rs:143 - ### Keystore Watchdog report - BEGIN ###
04-22 15:27:43.996   749 20878 W keystore2: system/security/keystore2/watchdog/src/lib.rs:152 - When extracting from a bug report, please include this header and all 1 records below (to footer)
04-22 15:27:43.996   749 20878 W keystore2: system/security/keystore2/watchdog/src/lib.rs:199 - ThreadId(6063) invalidate key closure: calling IKeyMintDevice::deleteKey Started: 04-22 09:57:43.495 UTC Pending: 500.717154ms Overdue 718.077µs
04-22 15:27:43.996   749 20878 W keystore2: system/security/keystore2/watchdog/src/lib.rs:211 - ### Keystore Watchdog report - END ###
04-22 15:27:43.997 20079 20903 D ClockTag_WidgetUpdateHelper: relayoutAllWidgets widgetIds: [2] remoteView:android.widget.RemoteViews@aeb3a65
04-22 15:27:43.997 20079 20903 I AppWidgetManager: updateAppWidgetIds, mPackageName: com.coloros.alarmclock, appWidgetIds: [2], views:android.widget.RemoteViews@aeb3a65
04-22 15:27:43.999  2236  4587 D AppWidgetServiceImpl: updateAppWidgetIds remoteViews = android.widget.RemoteViews@ba16ffa
04-22 15:27:43.999  2236  4587 D AppWidgetServiceImpl: action size = 13
04-22 15:27:43.999  2236  4587 I AppWidgetServiceImpl: lookupWidgetLocked widgetId=2, uid=10158, packageName=com.coloros.alarmclock, mWidgets.size=6
04-22 15:27:43.999  2236  4587 I AppWidgetServiceImpl: isDifferentPackageFromProvider provider.id=ProviderId{user:0, app:10158, cmp:ComponentInfo{com.coloros.alarmclock/com.coloros.widget.smallweather.RealmeWeather}}, provider.id.componentName=ComponentInfo{com.coloros.alarmclock/com.coloros.widget.smallweather.RealmeWeather}, packageName=com.coloros.alarmclock, providerpackgename=com.coloros.alarmclock
04-22 15:27:43.999  2236  4587 I AppWidgetServiceImpl: updateViews: 154601899 widget:AppWidgetId{2:Host{HostId{user:0, app:10195, hostId:1024, pkg:com.android.launcher}}:Provider{ProviderId{user:0, app:10158, cmp:ComponentInfo{com.coloros.alarmclock/com.coloros.widget.smallweather.RealmeWeather}}}}
04-22 15:27:43.999  2236  2835 I AppWidgetServiceImpl: handleNotifyUpdateAppWidget,appWidgetId: 2,packageName:com.coloros.alarmclock
04-22 15:27:43.999  2236  2835 D AppWidgetServiceImpl: Trying to notify widget update for package com.coloros.alarmclock with widget id: 2
04-22 15:27:43.999 20079 20903 D ClockTag_WidgetUpdateHelper: relayoutAllWidgets finished
04-22 15:27:43.999 20079 20903 D ClockTag_WidgetUpdateHelper: end update all widgets
04-22 15:27:43.999 20079 20903 I WeatherS_WeatherServiceManager: unBindUpdateService true
04-22 15:27:44.039  3054  3054 I SystemUi--Notification: SimpleQsClock-->textWidth:152.0, mPaddingEnd 18, dynamicWidth 200, systemFontScale 1.0
04-22 15:27:44.072  2236  4113 I OplusHansManager : FastFreeze exit, unfreeze uids: [10186, 10294]
04-22 15:27:44.072  2236  4113 I OplusHansManager : exit FastFreezer, unfreeze uids: [10294, 10186] thaw: [], reason: exitFF
04-22 15:27:44.073  2236  4113 I OplusHansManager : notify state machine event=FF_EXIT to uids=[10186, 10294]
04-22 15:27:44.082  3723  7912 D CommonApp-191-10594: transport layer data is invalid
04-22 15:27:44.082  3723  7912 D ScorePolicy: handleScoreChanged: []
04-22 15:27:44.082  3723  7912 D ScorePolicy: handleScoreChanged: []
04-22 15:27:44.082  3723  7912 D ScorePolicy: handleScoreChanged: []
04-22 15:27:44.116  3723  3723 D SubsysEventListenerManager-SubsysTelephonyCallback[0]: onDataActivity
04-22 15:27:44.116  3723  3723 D DataService[0]: onDataActivity direction:3
04-22 15:27:44.117  3054  3434 I SystemUi--Statusbar: MobileConnectionRepositoryImpl-->subId:1 isSoftSimCard:false slotId:0
04-22 15:27:44.117  3054  3054 D Tile.OplusCellularTile: refreshState: tile not listening, ignore
04-22 15:27:44.183  3723  3723 I Subsys-Service: runGcAutomatic dalvik memory info{max=10.10MB,free=2.22MB,allocated=7.88MB}
04-22 15:27:44.235  1537  2001 D VRR [OTI-HW]: isStateReady 0
04-22 15:27:44.235  1537  2001 D VRR [OTI-HW]: keep rate.
04-22 15:27:44.246  2236  6225 E OplusDexOptimizeManager: Start app fature is off
04-22 15:27:44.250  2236  4587 E OplusDexOptimizeManager: Start app fature is off
04-22 15:27:44.264  2236  4587 E OplusDexOptimizeManager: Start app fature is off
04-22 15:27:44.284   471   471 E OplusDisplayModeManager: has been initialized.
04-22 15:27:44.284   471   471 D OplusDisplayModeManager: requestRefreshRate priority 85 status 0 rate 120.0
04-22 15:27:44.285  2236  6225 W RefreshRate: requestRefreshRate:repeat request priority：85 rate: 120.0 status: 0
04-22 15:27:44.306   471   471 D OplusGcSupressionExtImpl: callGcDesupression : java.lang.NullPointerException: Attempt to invoke virtual method 'java.lang.Object java.lang.reflect.Method.invoke(java.lang.Object, java.lang.Object[])' on a null object reference
04-22 15:27:44.306   471   471 E [OPLUS_AFS_CONFIG]: Failed to open AFS config file: /proc/oplus_afs_config/afs_config
04-22 15:27:44.306   471   471 E AFS_CONFIG: Failed to get scene config
04-22 15:27:44.306   471   471 E OplusAfsManager: afsConfigSceneConfigGet sceneType is null
04-22 15:27:44.306   471  2017 D RemoteAnimationRunnerCompat: animationFinishedCallback start, transition id: 10604, multiOpenId: -1, isPredictiveBackBlockablAnim: false, mFinishCallback: android.window.IRemoteTransitionFinishedCallback$Stub$Proxy@4c4bcca, mMultiRemoteCallback: null
04-22 15:27:44.306   471  2017 W RemoteAnimFrameRateManager: this os is not support dynamic frame rate .
04-22 15:27:44.306   471   471 E OsenseResClient: osenseClrSceneAction: handle is illegal
04-22 15:27:44.306   471  2017 D RemoteAnimRunnerExt: setPredictiveBackAnimPair, id: 10604, active: false, previous id: -1
04-22 15:27:44.306   471  2017 W RemoteAnimRunnerExt: setPredictiveBackBlockablAnimPair, miss matching id for inactive
04-22 15:27:44.306   471  2017 D RemoteAnimationRunnerCompat: animationFinishedCallback call, transition id: 10604, needMergeT: false, mergeTransition: null
04-22 15:27:44.307  3054 25216 D OplusShellTransition: RemoteTransitionHandlerandroid.os.BinderProxy@fcc3b5c, onTransitionFinished thread=304, true
04-22 15:27:44.307  3054  3170 D OplusShellTransition: RemoteTransitionHandlerandroid.os.BinderProxy@fcc3b5c, onTransitionFinished, finishTransaction.mNativeObject=-5476376659068909952, thread=45
04-22 15:27:44.308  3054  3170 D SplitScreen-->AppLockManager: setStartFromSafeControl mStartFromSafeControl=false
04-22 15:27:44.309  3054  3170 D ShellTaskOrganizerExt: adjust change for exiting mini task: -1
04-22 15:27:44.312  2236  6230 D Transition: finishTransition ar ActivityRecord{212336314 u0 com.android.launcher/.Launcher t5}, isVisibleRequested=true, state=RESUMED, visibleAtTransitionEndTokens={WallpaperWindowToken{5539234 showWhenLocked=false}, ActivityRecord{212336314 u0 com.android.launcher/.Launcher t5}}, this=TransitionRecord{4cd912c id=10604 track=0 type=CLOSE flags=0x10 state=2 c=[
04-22 15:27:44.312  2236  6230 D Transition:    ChangeInfo{b59198a container=Display{#0 state=ON size=1080x2400 ROTATION_0} flags=0x0}
04-22 15:27:44.312  2236  6230 D Transition:    ChangeInfo{280437e container=WallpaperWindowToken{5539234 showWhenLocked=false} flags=0x0}
04-22 15:27:44.312  2236  6230 D Transition:    ChangeInfo{35b2500 container=Task{acb25c0 #1 type=home} flags=0x30}
04-22 15:27:44.312  2236  6230 D Transition:    ChangeInfo{5741bfb container=Task{b53750d #5 type=home I=com.android.launcher/.Launcher} flags=0x30}
04-22 15:27:44.312  2236  6230 D Transition:    ChangeInfo{114f139 container=Task{bbbb3a2 #19612 type=standard A=10594:com.adarshk8.indplaymonorepo} flags=0x10}
04-22 15:27:44.312  2236  6230 D Transition:    ChangeInfo{2189418 container=DefaultTaskDisplayArea@197255990 flags=0x0}
04-22 15:27:44.312  2236  6230 D Transition:    ChangeInfo{4268e71 container=ActivityRecord{212336314 u0 com.android.launcher/.Launcher t5} flags=0x0}
04-22 15:27:44.312  2236  6230 D Transition:    ChangeInfo{374456 container=ActivityRecord{233241905 u0 com.adarshk8.indplaymonorepo/.MainActivity t19612 f} isExiting} flags=0x0}
04-22 15:27:44.312  2236  6230 D Transition: ]
04-22 15:27:44.312  2236  6230 D Transition: }
04-22 15:27:44.313  2236  6230 D Transition: finishTransition ar ActivityRecord{233241905 u0 com.adarshk8.indplaymonorepo/.MainActivity t19612 f} isExiting}, isVisibleRequested=false, state=DESTROYED, visibleAtTransitionEndTokens={WallpaperWindowToken{5539234 showWhenLocked=false}, ActivityRecord{212336314 u0 com.android.launcher/.Launcher t5}}, this=TransitionRecord{4cd912c id=10604 track=0 type=CLOSE flags=0x10 state=2 c=[
04-22 15:27:44.313  2236  6230 D Transition:    ChangeInfo{b59198a container=Display{#0 state=ON size=1080x2400 ROTATION_0} flags=0x0}
04-22 15:27:44.313  2236  6230 D Transition:    ChangeInfo{280437e container=WallpaperWindowToken{5539234 showWhenLocked=false} flags=0x0}
04-22 15:27:44.313  2236  6230 D Transition:    ChangeInfo{35b2500 container=Task{acb25c0 #1 type=home} flags=0x30}
04-22 15:27:44.313  2236  6230 D Transition:    ChangeInfo{5741bfb container=Task{b53750d #5 type=home I=com.android.launcher/.Launcher} flags=0x30}
04-22 15:27:44.313  2236  6230 D Transition:    ChangeInfo{114f139 container=Task{bbbb3a2 #19612 type=standard A=10594:com.adarshk8.indplaymonorepo} flags=0x10}
04-22 15:27:44.313  2236  6230 D Transition:    ChangeInfo{2189418 container=DefaultTaskDisplayArea@197255990 flags=0x0}
04-22 15:27:44.313  2236  6230 D Transition:    ChangeInfo{4268e71 container=ActivityRecord{212336314 u0 com.android.launcher/.Launcher t5} flags=0x0}
04-22 15:27:44.313  2236  6230 D Transition:    ChangeInfo{374456 container=ActivityRecord{233241905 u0 com.adarshk8.indplaymonorepo/.MainActivity t19612 f} isExiting} flags=0x0}
04-22 15:27:44.313  2236  6230 D Transition: ]
04-22 15:27:44.313  2236  6230 D Transition: }
04-22 15:27:44.313  2236  6230 D ActivityTaskManager: commitVisibility: ActivityRecord{233241905 u0 com.adarshk8.indplaymonorepo/.MainActivity t19612 f} isExiting}: visible=false visibleRequested=false, isInTransition=false 
04-22 15:27:44.313  2236  6230 D WindowManager: NFW_setClientVisible:ActivityRecord{233241905 u0 com.adarshk8.indplaymonorepo/.MainActivity t19612 f} isExiting} clientVisible:false
04-22 15:27:44.314  2236  6230 W ActivityManager: pid 2236 system sent binder code 7 with flags 1 to frozen apps and got error -32
04-22 15:27:44.314  2236  6230 W WindowManager: Exception thrown during dispatchAppVisibility Window{69d19c5 u0 com.adarshk8.indplaymonorepo/com.adarshk8.indplaymonorepo.MainActivity EXITING}
04-22 15:27:44.314  2236  6230 W WindowManager: android.os.DeadObjectException
04-22 15:27:44.314  2236  6230 W WindowManager: 	at android.os.BinderProxy.transactNative(Native Method)
04-22 15:27:44.314  2236  6230 W WindowManager: 	at android.os.BinderProxy.transact(BinderProxy.java:685)
04-22 15:27:44.314  2236  6230 W WindowManager: 	at android.view.IWindow$Stub$Proxy.dispatchAppVisibility(IWindow.java:609)
04-22 15:27:44.314  2236  6230 W WindowManager: 	at com.android.server.wm.WindowState.sendAppVisibilityToClients(WindowState.java:3635)
04-22 15:27:44.314  2236  6230 W WindowManager: 	at com.android.server.wm.WindowContainer.sendAppVisibilityToClients(WindowContainer.java:1499)
04-22 15:27:44.314  2236  6230 W WindowManager: 	at com.android.server.wm.WindowToken.setClientVisible(WindowToken.java:427)
04-22 15:27:44.314  2236  6230 W WindowManager: 	at com.android.server.wm.ActivityRecord.setClientVisible(ActivityRecord.java:8324)
04-22 15:27:44.314  2236  6230 W WindowManager: 	at com.android.server.wm.ActivityRecord.commitVisibility(ActivityRecord.java:6838)
04-22 15:27:44.314  2236  6230 W WindowManager: 	at com.android.server.wm.Transition.finishTransition(Transition.java:1693)
04-22 15:27:44.314  2236  6230 W WindowManager: 	at com.android.server.wm.TransitionController.finishTransition(TransitionController.java:1159)
04-22 15:27:44.314  2236  6230 W WindowManager: 	at com.android.server.wm.WindowOrganizerController.finishTransition(WindowOrganizerController.java:595)
04-22 15:27:44.314  2236  6230 W WindowManager: 	at android.window.IWindowOrganizerController$Stub.onTransact(IWindowOrganizerController.java:376)
04-22 15:27:44.314  2236  6230 W WindowManager: 	at com.android.server.wm.WindowOrganizerController.onTransact(WindowOrganizerController.java:238)
04-22 15:27:44.314  2236  6230 W WindowManager: 	at android.os.Binder.execTransactInternal(Binder.java:1444)
04-22 15:27:44.314  2236  6230 W WindowManager: 	at android.os.Binder.execTransact(Binder.java:1378)
04-22 15:27:44.314  2236  6230 W Process : Unable to open /proc/20833/status
04-22 15:27:44.315  2236  6230 I WindowManager: Window{69d19c5 u0 com.adarshk8.indplaymonorepo/com.adarshk8.indplaymonorepo.MainActivity EXITING} state from HAS_DRAWN to DRAW_PENDING; reason: resetDrawState
04-22 15:27:44.315  2236  6230 I OplusAppSwitchManagerService:  handleAppVisible , r = ActivityRecord{212336314 u0 com.android.launcher/.Launcher t5}
04-22 15:27:44.315  2236  2349 D WallpaperControllerExtImpl: screenshot + id = 422 userId = 0
04-22 15:27:44.316  2236  6230 D QuickBackInputPolicy: hasMultiChildrenInTask: false
04-22 15:27:44.316  2236  6230 D WindowManager: NFW_findFocusedWindowIfNeeded:Window{fc92af8 u0 com.android.launcher/com.android.launcher.Launcher} mCurrentFocus:Window{fc92af8 u0 com.android.launcher/com.android.launcher.Launcher}
04-22 15:27:44.317  2236  4587 D Transition: finishTransaction-onCommitted syncId=10604
04-22 15:27:44.320  2236  6230 I TaskOrganizerController: onTaskInfoChanged taskid 19612 config { mBounds=Rect(0, 0 - 1080, 2400) mAppBounds=Rect(0, 0 - 1080, 2400) mMaxBounds=Rect(0, 0 - 1080, 2400) mDisplayRotation=ROTATION_0 mWindowingMode=fullscreen mActivityType=standard mAlwaysOnTop=undefined mRotation=ROTATION_0}
04-22 15:27:44.320  2236  6230 D OplusFlexibleDragToSplitAnimController: visibleFlexibleTaskInfos delete:19612
04-22 15:27:44.320  2236  6230 E FlexibleWindowManagerService: notifyTaskObserverToAttachController not need to notify!
04-22 15:27:44.320  2236  6230 I FlexibleWindowManagerService: onFlexibleWindowTaskInfoChanged, return for cur task not embedded
04-22 15:27:44.321  2236  6230 D ActivityTaskManager: removeAppToken: ActivityRecord{233241905 u0 com.adarshk8.indplaymonorepo/.MainActivity t19612 f}} delayed=false parent=Task{bbbb3a2 #19612 type=standard A=10594:com.adarshk8.indplaymonorepo} animating=false Callers=com.android.server.wm.ActivityRecord.removeImmediately:5352 com.android.server.wm.WindowToken.removeIfPossible:267 com.android.server.wm.WindowToken.handleCompleteDeferredRemoval:273 com.android.server.wm.WindowContainer.handleCompleteDeferredRemoval:1646 
04-22 15:27:44.321  2236  6230 D QuickBackInputPolicy: hasMultiChildrenInTask: false
04-22 15:27:44.321  2236  6230 D WindowManager: NFW_findFocusedWindowIfNeeded:Window{fc92af8 u0 com.android.launcher/com.android.launcher.Launcher} mCurrentFocus:Window{fc92af8 u0 com.android.launcher/com.android.launcher.Launcher}
04-22 15:27:44.323  1421  1531 I mtkpower@impl: [powerd_req] TIMER_MSG_PERF_LOCK_TIMEOUT hdl:434676
04-22 15:27:44.323  2236  6230 I WindowManager: Window{69d19c5 u0 com.adarshk8.indplaymonorepo/com.adarshk8.indplaymonorepo.MainActivity EXITING} state from DRAW_PENDING to NO_SURFACE; reason: destroySurface
04-22 15:27:44.323  1421  1531 I [UAH_CLIENT]: UahRelease, handle:468309
04-22 15:27:44.328  2236  6230 D OplusMirageWindowManagerService: onTaskRemoved displayid:0 taskId:19612 callers:com.android.server.wm.MirageWindowManagerExtImpl.onTaskRemoved:47 com.android.server.wm.TaskDisplayArea.removeChildTask:391 com.android.server.wm.TaskDisplayArea.removeChild:380 com.android.server.wm.WindowContainer.removeImmediately:1098 com.android.server.wm.TaskFragment.removeImmediately:3761 
04-22 15:27:44.328  2236  6230 I OplusScreenSecurityMask: onStackRemoved task = Task{bbbb3a2 #19612 type=standard A=10594:com.adarshk8.indplaymonorepo} record = null displayId = 0
04-22 15:27:44.328  2236  6230 D OplusAlwaysAliveManager: removing: 19612, ComponentInfo{com.adarshk8.indplaymonorepo/com.adarshk8.indplaymonorepo.MainActivity}
04-22 15:27:44.329  2236  6230 D OplusTransitionController: finishTransition, transition: TransitionRecord{4cd912c id=10604 track=0 type=CLOSE flags=0x10 state=4 c=[
04-22 15:27:44.329  2236  6230 D OplusTransitionController:    ChangeInfo{b59198a container=Display{#0 state=ON size=1080x2400 ROTATION_0} flags=0x0}
