04-22 15:26:36.658  2236  2387 D LocalDisplayAdapter: setDesiredDisplayModeSpecsAsync: display unique id = local:4627039422300187648, display mode specs = defaultMode=0 allowGroupSwitching=false primaryRanges=physical: (0.0 120.0) render:  (0.0 120.0) appRequestRanges=physical: (0.0 120.0) render:  (0.0 120.0) idleScreenRefreshRate=null
04-22 15:26:36.660  1537  1652 I SurfaceFlinger: setDesiredDisplayModeSpecs: calling_process=system_server
04-22 15:26:36.660  1537  1652 D SurfaceFlinger: VRR [SurfaceFlinger] setDesiredDisplayModeSpecs, from process 2236, 0, 0, primaryRanges = [ 0.000000, 120.000000, 0.000000, 120.000000 ], appRequestRanges = [ 0.000000, 120.000000, 0.000000 120.000000 ]
04-22 15:26:36.660  1537  1537 I SurfaceFlinger: setDesiredDisplayModeSpecs: policy={defaultModeId=0, allowGroupSwitching=false, primaryRanges={physical=[0.00 Hz, 120.00 Hz], render=[0.00 Hz, 120.00 Hz]}, appRequestRanges={physical=[0.00 Hz, 120.00 Hz], render=[0.00 Hz, 120.00 Hz]} idleScreenConfig=nullptr}
04-22 15:26:36.661  1537  1537 I RefreshRateSelector: Display 4627039422300187648 policy changed
04-22 15:26:36.661  1537  1537 I RefreshRateSelector: Previous: {defaultModeId=1, allowGroupSwitching=false, primaryRanges={physical=[0.00 Hz, 120.00 Hz], render=[0.00 Hz, 90.00 Hz]}, appRequestRanges={physical=[0.00 Hz, 120.00 Hz], render=[0.00 Hz, 90.00 Hz]} idleScreenConfig=nullptr}
04-22 15:26:36.661  1537  1537 I RefreshRateSelector: Current:  DisplayManagerPolicy{defaultModeId=0, allowGroupSwitching=false, primaryRanges={physical=[0.00 Hz, 120.00 Hz], render=[0.00 Hz, 120.00 Hz]}, appRequestRanges={physical=[0.00 Hz, 120.00 Hz], render=[0.00 Hz, 120.00 Hz]} idleScreenConfig=nullptr}
04-22 15:26:36.661  1537  1537 I RefreshRateSelector: 1 mode changes were performed under the previous policy
04-22 15:26:36.661  2236  3400 E OplusCustomizeRestrictionManagerService: isUSBFileTransferDisabled start
04-22 15:26:36.661  1537  1537 D SurfaceFlinger: VRR [SurfaceFlinger] applyRefreshRateSelectorPolicy: 0 (120.00 Hz), policy: {defaultModeId=0, allowGroupSwitching=false, primaryRanges={physical=[0.00 Hz, 120.00 Hz], render=[0.00 Hz, 120.00 Hz]}, appRequestRanges={physical=[0.00 Hz, 120.00 Hz], render=[0.00 Hz, 120.00 Hz]} idleScreenConfig=nullptr}
04-22 15:26:36.661  1537  1537 D SurfaceFlinger: VRR [SurfaceFlinger] setDesiredActiveMode: displayId: 4627039422300187648, renderRate: 120, vsyncRate: 120, event: 1
04-22 15:26:36.661  1537  1537 D DisplayModeController: setDesiredMode 4627039422300187648 {mode={fps=120.00 Hz, modePtr={id=0, vsyncRate=120.00 Hz, peakRefreshRate=120.00 Hz}}, emitEvent=true, force=false}
04-22 15:26:36.661  1537  1537 D Scheduler: frame_rate = 120, set halftime to 8ms
04-22 15:26:36.661  1537  1537 I PowerHalWrapper: updateFps(): 120
04-22 15:26:36.661  1537  2001 D VRR [OTI]: handleIdle from 0 to 0
04-22 15:26:36.662  1537  2001 D VRR [OTI-HW]: isStateReady 0
04-22 15:26:36.662  1537  2001 D VRR [OTI-HW]: keep rate.
04-22 15:26:36.662  3054  3054 I SystemUi--Common: UsbService-->showUsbDialog_UsbDialogActivity.showSelecttypeDialog
04-22 15:26:36.665  3054  3054 I SystemUi--QuickSettings: OplusSeparateQSManager-->collapseQSPanel: shouldAnimate:true isQsLaunchingActivity:false animate:true
04-22 15:26:36.665  3054  3054 I SystemUi--QuickSettings: OplusQSRootViewController-->[resetCurrentPage]
04-22 15:26:36.672  1537  1537 I HWC2    : [0] setActiveConfigWithConstraints[0]
04-22 15:26:36.672 17712 17712 W VRI[SubSettings]: handleResized abandoned!
04-22 15:26:36.672  1406  1406 I hwcomposer: [HWC] number Config: 6  
04-22 15:26:36.673  1406  1406 I hwcomposer: [HWC] (0) Attribute: config:0, attr:1, value:1080  
04-22 15:26:36.673  1406  1406 I hwcomposer: [HWC] number Config: 6  
04-22 15:26:36.673  1406  1406 I hwcomposer: [HWC] (0) Attribute: config:0, attr:2, value:2400  
04-22 15:26:36.673  1406  1406 I hwcomposer: [HWCDisplay] (0) setActiveConfigWithConstraints config:0  
04-22 15:26:36.673  1406  1406 I hwcomposer: [HWCDisplay] setActiveConfigWithConstraints(), now 390236843777413, diff 717461, estimated_applied_time 11111111 queued_size:0  
04-22 15:26:36.673  3054  3054 W VRI[StatusBar]: handleResized abandoned!
04-22 15:26:36.673  3054  3054 W VRI[NotificationShade]: handleResized abandoned!
04-22 15:26:36.673  3054  3054 W VRI[NavigationBar_displayId_0]: handleResized abandoned!
04-22 15:26:36.674  1584  1584 I touch_boost: enable=0, render_deboost=1, active_time=100, duration=200, idleprefer(TA,FG)=(0,1), util(TA,FG)=(80,0), freq(c0,c1,c2)=(1800000,2000000,0)
04-22 15:26:36.676  1421  1531 I [UAH_CLIENT]: UahRelease, handle:468120
04-22 15:26:36.676  1537  2045 D SurfaceFlinger: updateWinowInfo=1, setFocusedWindow timestamp=390236811747567, windowName=e251004 com.android.settings/com.android.settings.SubSettings
04-22 15:26:36.676  2236  6229 I InputDispatcher: NFW_setFocusedWindow, e251004 com.android.settings/com.android.settings.SubSettings on display 0, same as the previous:0
04-22 15:26:36.676  2236  6229 I InputDispatcher: updateFocusedWindow, e251004 com.android.settings/com.android.settings.SubSettings on display 0, reason: setFocusedWindow, result:   FocusedWindows:
04-22 15:26:36.676  2236  6229 I InputDispatcher:     displayId=0, name='e251004 com.android.settings/com.android.settings.SubSettings'
04-22 15:26:36.677  3054  3054 D VRI[NotificationShade]: onFocusEvent false
04-22 15:26:36.678 17712 17712 D VRI[SubSettings]: onFocusEvent true
04-22 15:26:36.681  1537  2001 D VRR [OTI-HW]: isStateReady 0
04-22 15:26:36.681  1537  2001 D VRR [OTI-HW]: keep rate.
04-22 15:26:36.682  2236  2340 I DisplayDeviceRepository: Display device changed render timings: "Built-in Screen", renderFrameRate=120.00001, presentationDeadlineNanos=12600000, appVsyncOffsetNanos=1099999, frameRateOverrides=[]
04-22 15:26:36.682  2236  2340 D LogicalDisplayExt: set displayInfo flag FLAG_ROTATES_WITH_CONTENT
04-22 15:26:36.682  2236  2340 D DisplayManagerService: Delivering display event: displayId=0, event=EVENT_DISPLAY_REFRESH_RATE_CHANGED
04-22 15:26:36.684  1406  7336 I hwcomposer: [HWCDisplay] updateAppliedConfigState: applied config complete[idx:390236854888524, config:0]  
04-22 15:26:36.686  2236  2819 D AudioSystem: +setParameters(): screen_state=on 
04-22 15:26:36.688  2236  2338 D WindowManager: DeferredDisplayUpdater: partially applying DisplayInfo(1080 x 2400) immediately
04-22 15:26:36.689  2236  2528 D InputMethodManagerService: isSecurity: attribute.packageName = com.android.settings mCurMethodId = com.google.android.inputmethod.latin/com.android.inputmethod.latin.LatinIME isSecurity = false ( enable = false needShow = false inBlackList = false isExist = true )
04-22 15:26:36.689  2236  2528 I ImeTracker: com.android.settings:258a4fc9: onRequestHide at ORIGIN_SERVER reason HIDE_UNSPECIFIED_WINDOW fromUser false
04-22 15:26:36.690  2236  2338 D OplusVFXScreenEffectFeature: notifySFCompatWindowStateChange entered false
04-22 15:26:36.690  1537  1636 D [PREVIEW]: SF obtain preview_adapter: 0
04-22 15:26:36.690  2236  2338 D FSS_FoldScreenBlackCoverController: displayChangeToOn, dc:Display{#0 state=ON size=1080x2400 ROTATION_0}
04-22 15:26:36.690  1537  1636 D [PREVIEW]: TabletPreviewAdapter::parallel world 0
04-22 15:26:36.690   633   633 E lowmemorykiller: adj:1001 file_cache: 359084 free:8195
04-22 15:26:36.690   633   633 E lowmemorykiller: device has enough memory 1536528Kib, and freeMemory 32960Kib, disable killing(limit_killing:1468004Kib)
04-22 15:26:36.691  1497 29041 D AudioBoost: audioSchedBoost, pid=1497, tid=29041, enable=1, ret=0
04-22 15:26:36.691  1497 29041 D AudioFlingerExtImpl: AudioFlingerExtImpl oplusSetParameters: keyvalue screen_state=on
04-22 15:26:36.691  3054  3054 I SystemUi--Keyguard: OplusRepeatWhenAttachedUnlock-->updateState: view.windowVisibility: 0, keyguardShow: false, isInPreviewMode: false, view.hasWindowFocus(): false
04-22 15:26:36.691  3054  3054 I SystemUi--Keyguard: OplusRepeatWhenAttachedUnlock-->updateState: view.windowVisibility: 0, keyguardShow: false, isInPreviewMode: false, view.hasWindowFocus(): false
04-22 15:26:36.693  1396  2812 D AudioALSAHardware: +setParameters(): screen_state=on
04-22 15:26:36.693  3054  3054 I SystemUi--QuickSettings: StaggeredPagerLayoutManager_A-->[updatePadding] [2 * 3]-[456 * 228],horizontalSpace=0, verticalSpace=0
04-22 15:26:36.693  1396  2812 D AudioALSAHardware: =====>GetInstance()->MMI_Auto_Test
04-22 15:26:36.693  1396  2812 D audio_engineer_test: do_audio_test_process Enter all_test[0]:NoneTest in_call:false
04-22 15:26:36.693  2236  2236 E OplusGestureAnimationManagerPolicy: mScreenHeight:2400 mScreenWidth:1080 mRotation:0
04-22 15:26:36.694  1396  2812 D AudioALSAStreamOut: +setScreenState(), flag 2, mode 1
04-22 15:26:36.694  1396  2812 D AudioALSAStreamOut: +setScreenState(), flag 8, mode 1
04-22 15:26:36.694  1396  2812 D AudioALSAStreamOut: +setScreenState(), flag 4, mode 1
04-22 15:26:36.694  1396  2812 D AudioALSAStreamOut: +setScreenState(), flag 32768, mode 1
04-22 15:26:36.694  1396  2812 D AudioALSAStreamOut: +setScreenState(), flag 65536, mode 1
04-22 15:26:36.694  1396  2812 D AudioALSAHardware: -setParameters(): screen_state=on
04-22 15:26:36.697  1497 29041 D AudioBoost: audioSchedBoost, pid=1497, tid=29041, enable=0, ret=0
04-22 15:26:36.701  1421  1531 I mtkpower@impl: [powerd_req] TIMER_MSG_PERF_LOCK_TIMEOUT hdl:434559
04-22 15:26:36.701  1421  1531 I [UAH_CLIENT]: UahRelease, handle:468122
04-22 15:26:36.719  6756  6756 I GoogleInputMethodService: GoogleInputMethodService.onFinishInput():2159 
04-22 15:26:36.722  1537  1537 I BufferQueueProducer: [com.android.settings/com.android.settings.SubSettings#161415](this:0xb400007622a752f8,id:-1,api:0,p:-1,c:1537) queueBuffer: fps=3.53 dur=3678.38 max=3279.43 min=10.39
04-22 15:26:36.724 17712 17712 D InsetsController: hide(ime(), fromIme=false)
04-22 15:26:36.725 17712 17712 I ImeTracker: com.android.settings:258a4fc9: onCancelled at PHASE_CLIENT_ALREADY_HIDDEN
04-22 15:26:36.725  2236  2460 W OPLUS_LOG_LOAD: ==LOGS PROG INFO, prog(system_server) ==
04-22 15:26:36.725  2236  2460 D WindowManager: setFrameRateStart invalid typeId return!
04-22 15:26:36.727  2236  2460 I ImeTracker: system_server:795d37a5: onRequestHide at ORIGIN_SERVER reason IME_REQUESTED_CHANGED_LISTENER fromUser false
04-22 15:26:36.727  6756  6756 I Module  : DeviceLockedStatusModuleProvider$Module.updateDeviceLockedStatus():103 repeatCheckTimes = 0, locked = false
04-22 15:26:36.731  3054  3054 I SystemUi--QuickSettings: NotificationPanelView-->flingToHeight--vel:0.0,expand:false,target:0.0,collapseSpeedUpFactor:1.0,expandBecauseOfFalsing:falsemExpandedHeight:1924.0,cause: collapse delay
04-22 15:26:36.732  3054  3054 I SystemUi--Notification: PanelAnimationEx-->getHeightAnimator isTracking false state 0 fixedDuration -1 maxPanelTransitionDistance 1924 targetHeight 0.0 currentExpandedHeight 1924.0 rawFraction 1.0
04-22 15:26:36.732  3054  3054 I SystemUi--Notification: OplusSpringAnimation-->start targetValue 0.0 vel 0.0 isAnimationRunning false
04-22 15:26:36.732  3054  3054 I SystemUi--Notification: PanelAnimationEx-->expandedTo targetValue 0.0 vel 0.0
04-22 15:26:36.732  3054  3054 I SystemUi--Notification: PanelAnimationEx-->animateExpanded, isExpanded=false, (1.0 -> 0.0), lastFinalPosition=1.0, stiffness=($400.0 -> 400.0)rawFraction=1.0, blurFraction=1.0 
04-22 15:26:36.734  3054  3054 I SystemUi--Notification: NotificationStackScrollLayoutExtImpl-->setLayerType isHardware=true, scene=1, visibleChildren: 7
04-22 15:26:36.734  3054  3054 I KeyguardDisplayManager: onDisplayChanged displayId: 0
04-22 15:26:36.734  3054  3054 I SystemUi--Keyguard: KeyguardDisplayManagerExImpl-->orientationChanged=false, presentationDisplayChanged=false, lastPresentationWidth=0, lastPresentationHeight=0, lastPresentationDensity=0
04-22 15:26:36.735  6756  6756 I GoogleInputMethodService: GoogleInputMethodService.onStartInput():1434 onStartInput(EditorInfo{EditorInfo{packageName=com.android.settings, inputType=0, inputTypeString=NULL, enableLearning=false, autoCorrection=false, autoComplete=false, imeOptions=0, privateImeOptions=null, actionName=UNSPECIFIED, actionLabel=null, initialSelStart=-1, initialSelEnd=-1, initialCapsMode=0, label=null, fieldId=0, fieldName=null, extras=Bundle[{com.oplus.im.WINDOW_MODE=1, com.oplus.im.SCENES=0}], hintText=null, hintLocales=[]}}, false)
04-22 15:26:36.736  6756  6756 I AndroidIME: LatinIMEBase.updateInputViewCoverNavigation():312 Update input view padding, isNavbarOverInputWindow=true, bottom inset=132
04-22 15:26:36.740  3054  4606 I oplus.android.OplusFrameworkFactoryImpl: get feature:IOplusDynamicVsyncFeature
04-22 15:26:36.740  3054  4606 I oplus.android.OplusFrameworkFactoryImpl: get feature:IOplusDynamicVsyncFeature
04-22 15:26:36.740  3054  4606 I oplus.android.OplusFrameworkFactoryImpl: get feature:IOplusDynamicVsyncFeature
04-22 15:26:36.741  6756  6756 I Module  : DeviceLockedStatusModuleProvider$Module.updateDeviceLockedStatus():103 repeatCheckTimes = 1, locked = false
04-22 15:26:36.749  3054  3054 I PluginSeedling--Base: SeedlingPluginService-->onStateChange: Bundle[{state=onPanelExpandFractionChange, expandFrom=2, expandFraction=0.98848677}]
04-22 15:26:36.756  2236  2387 D VRR [OPlusRefreshRateService]: handleConfigIdChange physicalDisplayId: 4627039422300187648 configId: 0 renderPeriod: 8333333
04-22 15:26:36.761  2236  2528 I ImeTracker: system_server:795d37a5: onCancelled at PHASE_SERVER_SHOULD_HIDE
04-22 15:26:36.766 19320 19330 W System  : A resource failed to call AbstractCursor.close. 
04-22 15:26:36.766 19320 19330 W System  : A resource failed to call AbstractCursor.close. 
04-22 15:26:36.766 19320 19330 W System  : A resource failed to call AbstractCursor.close. 
04-22 15:26:36.771  3054  3054 I PluginSeedling--Base: SeedlingPluginService-->onStateChange: Bundle[{state=onPanelExpandFractionChange, expandFrom=2, expandFraction=0.8579732}]
04-22 15:26:36.771  3054  3054 I SystemUi--Notification: ClearAllController-->onFirstElementShowingChanged
04-22 15:26:36.772  3054  3054 I SystemUi--Notification: OplusSimpleQSFakeController-->show fake view, set extraSimpleQSFootTranslationY: 0.0
04-22 15:26:36.772  3054  3054 I SystemUi--Notification: NotificationPanelChildAppearAnimationManager-->[animateTo] isShow=true, delayIndex=0, finalResponse=0.3, android.widget.FrameLayout{9f67506 V.E...... ........ 11,15-181,105 #7f0a0956 app:id/oplus_fake_clock_container alpha=0.0 viewInfo = }
04-22 15:26:36.772  3054  3054 I SystemUi--Notification: OplusSimpleQSManagerImpl-->updatePanelFraction, shouldShowFirstElement: false
04-22 15:26:36.772  3054  3054 I SystemUi--Notification: NotificationPanelChildAppearAnimationManager-->[animateTo] isShow=false, delayIndex=0, finalResponse=0.3, com.oplus.systemui.qs.widget.SimpleQsClock{aeb3aa1 VFED..C.. ........ 24,31-376,77 #7f0a0ad7 app:id/qs_footer_clock alpha=1.0 viewInfo = }
04-22 15:26:36.772  3054  3054 I SystemUi--Notification: NotificationPanelChildAppearAnimationManager-->[animateTo] isShow=false, delayIndex=-10, finalResponse=0.100000024, com.oplus.systemui.qs.widget.OplusQSDateView{ba17a86 VFED..C.. ..S..... 376,22-846,79 #7f0a0950 app:id/oplus_date alpha=1.0 viewInfo = }
04-22 15:26:36.772  3054  3054 I SystemUi--Notification: NotificationPanelNsslScaleAnimationManagerImpl-->isShow=false, (startScale,startY) = (1.0 0.0)
04-22 15:26:36.772  3054  3054 I SystemUi--Notification: ClearAllController-->onElementShowingChanged
04-22 15:26:36.772  3054  3054 I SystemUi--Notification: ClearAllController-->setVisible  visible false  targetAlpha 0.9989339 mDialogShowing false lastScreenState 3 showDismiss true
04-22 15:26:36.772  3054  3054 I SystemUi--Common: PanelAnimationEx-->isElementShowing: false
04-22 15:26:36.773  3054  3054 I SystemUi--Common: PanelAnimationEx-->isFirstElementShowing: false
04-22 15:26:36.775  3054  3054 I SystemUi--Notification: NotificationPanelSeparateAnimation-->alphaAnimateTo isShow=false, startAlpha = 1.0
04-22 15:26:36.775  3054  3054 I SystemUi--Notification: NotificationPanelSeparateAnimation-->scaleAnimateTo isShow=false, startScale = 1.0
04-22 15:26:36.775  3054  3054 I SystemUi--Notification: NotificationPanelSeparateAnimation-->alphaAnimateTo isShow=false, startAlpha = 1.0
04-22 15:26:36.775  3054  3054 I SystemUi--Notification: NotificationPanelSeparateAnimation-->scaleAnimateTo isShow=false, startScale = 1.0
04-22 15:26:36.775  3054  3054 I SystemUi--Notification: NotificationPanelSeparateAnimation-->alphaAnimateTo isShow=false, startAlpha = 1.0
04-22 15:26:36.775  3054  3054 I SystemUi--Notification: NotificationPanelSeparateAnimation-->scaleAnimateTo isShow=false, startScale = 1.0
04-22 15:26:36.775  3054  3054 I SystemUi--Notification: NotificationPanelSeparateAnimation-->alphaAnimateTo isShow=false, startAlpha = 1.0
04-22 15:26:36.775  3054  3054 I SystemUi--Notification: NotificationPanelSeparateAnimation-->scaleAnimateTo isShow=false, startScale = 1.0
04-22 15:26:36.775  3054  3054 I SystemUi--Notification: NotificationPanelSeparateAnimation-->alphaAnimateTo isShow=false, startAlpha = 1.0
04-22 15:26:36.775  3054  3054 I SystemUi--Notification: NotificationPanelSeparateAnimation-->scaleAnimateTo isShow=false, startScale = 1.0
04-22 15:26:36.775  3054  3054 I SystemUi--Notification: NotificationPanelSeparateAnimation-->alphaAnimateTo isShow=false, startAlpha = 1.0
04-22 15:26:36.775  3054  3054 I SystemUi--Notification: NotificationPanelSeparateAnimation-->scaleAnimateTo isShow=false, startScale = 1.0
04-22 15:26:36.775  3054  3054 I SystemUi--Notification: NotificationPanelSeparateAnimation-->alphaAnimateTo isShow=false, startAlpha = 1.0
04-22 15:26:36.775  3054  3054 I SystemUi--Notification: NotificationPanelSeparateAnimation-->scaleAnimateTo isShow=false, startScale = 1.0
04-22 15:26:36.778  6756  6756 W NotificationCenter: NotificationCenter$NotificationQueue.notifyPendingNotificationsOnExecutor():877 Heavy notify work detected on UI thread: [nhm->mrv, nhm->lak, nhm->kxt, nhm->kxt, nhm->pnx, nhm->nge, nhm->gqd, nhm->kxt, nhm->kxt, nhm->oyt, nhm->kxt, nhm->kxt, nhm->kxt, nhm->kxt, nhm->ngn, nhm->hst, nhm->kxt, nhm->kxt, nhm->gtb, nhm->mgr, nhm->kxt, nhm->ilb, nhm->kxt, nhm->kxt] takes 42ms
04-22 15:26:36.779 19320 19562 W naptube.premium: Verification of com.snaptube.dataadapter.model.AdapterResult com.snaptube.dataadapter.youtube.BaseYoutubeDataAdapter.getSettings() took 119.407ms (2470.52 bytecodes/s) (0B arena alloc)
04-22 15:26:36.786  3054  3054 I PluginSeedling--Base: SeedlingPluginService-->onStateChange: Bundle[{state=onPanelExpandFractionChange, expandFrom=2, expandFraction=0.7357589}]
04-22 15:26:36.788  2236  3400 W PackageConfigPersister: App-specific configuration not found for packageName: com.android.settings and userId: 0
04-22 15:26:36.790 17712 17712 W VRI[SubSettings]: handleResized abandoned!
04-22 15:26:36.791   633   633 E lowmemorykiller: adj:1001 file_cache: 356196 free:7213
04-22 15:26:36.791   633   633 E lowmemorykiller: device has enough memory 1520516Kib, and freeMemory 29132Kib, disable killing(limit_killing:1468004Kib)
04-22 15:26:36.817  3054  3054 I SystemUi--Notification: NotificationPanelSeparateAnimation-->alphaAnimateTo isShow=false, startAlpha = 1.0
04-22 15:26:36.817  3054  3054 I SystemUi--Notification: NotificationPanelSeparateAnimation-->scaleAnimateTo isShow=false, startScale = 1.0
04-22 15:26:36.817  3054  3054 I SystemUi--Notification: NotificationPanelSeparateAnimation-->alphaAnimateTo isShow=false, startAlpha = 1.0
04-22 15:26:36.817  3054  3054 I SystemUi--Notification: NotificationPanelSeparateAnimation-->scaleAnimateTo isShow=false, startScale = 1.0
04-22 15:26:36.817  3054  3054 I SystemUi--Notification: NotificationPanelSeparateAnimation-->alphaAnimateTo isShow=false, startAlpha = 1.0
04-22 15:26:36.817  3054  3054 I SystemUi--Notification: NotificationPanelSeparateAnimation-->scaleAnimateTo isShow=false, startScale = 1.0
04-22 15:26:36.817  3054  3054 I SystemUi--Notification: NotificationPanelSeparateAnimation-->alphaAnimateTo isShow=false, startAlpha = 1.0
04-22 15:26:36.817  3054  3054 I SystemUi--Notification: NotificationPanelSeparateAnimation-->scaleAnimateTo isShow=false, startScale = 1.0
04-22 15:26:36.817  3054  3054 I SystemUi--Notification: NotificationPanelSeparateAnimation-->alphaAnimateTo isShow=false, startAlpha = 1.0
04-22 15:26:36.817  3054  3054 I SystemUi--Notification: NotificationPanelSeparateAnimation-->scaleAnimateTo isShow=false, startScale = 1.0
04-22 15:26:36.817  3054  3054 I SystemUi--Notification: NotificationPanelSeparateAnimation-->alphaAnimateTo isShow=false, startAlpha = 1.0
04-22 15:26:36.817  3054  3054 I SystemUi--Notification: NotificationPanelSeparateAnimation-->scaleAnimateTo isShow=false, startScale = 1.0
04-22 15:26:36.817  3054  3054 I SystemUi--Notification: NotificationPanelSeparateAnimation-->alphaAnimateTo isShow=false, startAlpha = 1.0
04-22 15:26:36.817  3054  3054 I SystemUi--Notification: NotificationPanelSeparateAnimation-->scaleAnimateTo isShow=false, startScale = 1.0
04-22 15:26:36.821  3054  3054 W VRI[StatusBar]: handleResized abandoned!
04-22 15:26:36.822  3054  3054 W VRI[NotificationShade]: handleResized abandoned!
04-22 15:26:36.822  3054  3054 W VRI[NavigationBar_displayId_0]: handleResized abandoned!
04-22 15:26:36.823  3054  3054 I PluginSeedling--Base: SeedlingPluginService-->onStateChange: Bundle[{state=onPanelExpandFractionChange, expandFrom=2, expandFraction=0.5057697}]
04-22 15:26:36.829  3054  3054 I PluginSeedling--Base: SeedlingPluginService-->onStateChange: Bundle[{state=onPanelExpandFractionChange, expandFrom=2, expandFraction=0.45691267}]
04-22 15:26:36.835  1410  1450 E sensors-hal-HfLooper: device_orientation is [[4]]
04-22 15:26:36.836 19872 19892 D OplusAppHeapManager: java.lang.NoSuchMethodException: dalvik.system.VMRuntime.updateProcessValue [int, int, int]
04-22 15:26:36.839  3054  3054 I PluginSeedling--Base: SeedlingPluginService-->onStateChange: Bundle[{state=onPanelExpandFractionChange, expandFrom=2, expandFraction=0.4060059}]
04-22 15:26:36.841 19872 19872 D CompactWindowAppManager: initCompactApplicationInfo CompactMode: , NormalMode: 
04-22 15:26:36.843  2236 30611 E OplusStorageUFSBandwidth: storage_io_metrics_path is /proc/oplus_storage/io_metrics/forever/
04-22 15:26:36.847  3054  3054 I PluginSeedling--Base: SeedlingPluginService-->onStateChange: Bundle[{state=onPanelExpandFractionChange, expandFrom=2, expandFraction=0.36442742}]
04-22 15:26:36.845  2236 30611 E OplusStorageUFSBandwidth: Bandwidth - Read: 89.23 MB/s, Write: 1.50 MB/s
04-22 15:26:36.849  2236 30611 E OplusStorageUFSBandwidth: Task time: 6ms
04-22 15:26:36.855  3054  3054 I PluginSeedling--Base: SeedlingPluginService-->onStateChange: Bundle[{state=onPanelExpandFractionChange, expandFrom=2, expandFraction=0.32626835}]
04-22 15:26:36.855  2236 30611 E OplusStorageUFSBandwidth: Alarm set to trigger in 10 seconds
04-22 15:26:36.861 19872 19872 D OplusScrollToTopManager: setIsInWhiteList false
04-22 15:26:36.861 19872 19872 D OplusScrollManager: SpringScroll Config: [mOverScrollerEnable:true,mWebViewEnableSpringScroll:false,mAppRTOptEnable:false,mParamsConfig:4000,10000,3.8,3.4,0.2,WebConfig{level:-1,type:-1,viewName:,containerName:,blacklist:,whitelist:,blackhost:},RTConfig{rtWhiteList:[],rtExtraMap:{}}]
04-22 15:26:36.862  3054  3054 I PluginSeedling--Base: SeedlingPluginService-->onStateChange: Bundle[{state=onPanelExpandFractionChange, expandFrom=2, expandFraction=0.28729755}]
04-22 15:26:36.865 19872 19892 W OplusExSystemServiceHelper: checkOplusExSystemService intent getComponent is null
04-22 15:26:36.872  3054  3054 I PluginSeedling--Base: SeedlingPluginService-->onStateChange: Bundle[{state=onPanelExpandFractionChange, expandFrom=2, expandFraction=0.25601053}]
04-22 15:26:36.876 19872 19872 D OplusViewDebugManager: OplusViewDebugManager Constructor android.view.debug.OplusViewDebugManager@2d35afd [mHasViewDebugProperty true] [mHasMsgDebugProperty false] [DEBUG false] [EXTRAINFOENABLE false] [LIGHT_OS true]
04-22 15:26:36.881  3054  3054 I PluginSeedling--Base: SeedlingPluginService-->onStateChange: Bundle[{state=onPanelExpandFractionChange, expandFrom=2, expandFraction=0.22769473}]
04-22 15:26:36.826 19274 19278 W com.jio.myjio: userfaultfd: MOVE ioctl seems unsupported: Connection timed out
04-22 15:26:36.890  3054  3054 I PluginSeedling--Base: SeedlingPluginService-->onStateChange: Bundle[{state=onPanelExpandFractionChange, expandFrom=2, expandFraction=0.20215552}]
04-22 15:26:36.892   633   633 E lowmemorykiller: adj:1001 file_cache: 354814 free:7345
04-22 15:26:36.892   633   633 E lowmemorykiller: device has enough memory 1515504Kib, and freeMemory 29648Kib, disable killing(limit_killing:1468004Kib)
04-22 15:26:36.901  3054  3054 I PluginSeedling--Base: SeedlingPluginService-->onStateChange: Bundle[{state=onPanelExpandFractionChange, expandFrom=2, expandFraction=0.15618026}]
04-22 15:26:36.901  3054  3054 I SystemUi--Notification: ClearAllController-->targetAlpha: 0.0
04-22 15:26:36.907 19872 19872 D OplusSmartLoopDragManager: For this package, DragConfig = PackageDragConfigInfo{mPackageName='com.android.chrome', mConfigDragInfo=ConfigDragInfo{mVersion=20251114, mLog=1, mDataTracking=1, mPressTimeout=1100, mTouchSlop=24, mBitmapConfig=4, mBitmapScale=1}, mWhiteList=[ActivityDragInfo{mActivityName='com.google.android.apps.chrome.Main', mEnableFileDrag=false', mViewDragInfoList=[ViewDragInfo{mViewName='ImageView', mTyp+ e='image', mId='null', mParent='null', mBrother='null', mUncle='null', mCousin='null', mNephews='null', mNest=0, mSource='null', mEvaluateJs='null', mUncleVisibility='null', mTouchView='null', mBottomView='true', mFileDir='null', m+ FileField='null', mFileFlag='0', mFilePath='null', mFileSuffix='null', mFileTarget='null', mFileTargetField='null', mVideoDir='null', mMaxDepth='null', mDrawCover='null', mFileView='null', mTextFieldPath='null'}, ViewDragInfo{mViewName='ComponentHost', mTyp+ e='text', mId='null', mParent='null', mBrother='null', mUncle='null', mCousin='null', mNephews='null', mNest=0, mSource='null', mEvaluateJs='null', mUncleVisibility='null', mTouchView='null', mBottomView='null', mFileDir='null', m+ FileField='null', mFileFlag='0', mFilePath='null', mFileSuffix='null', mFileTarget='null', mFileTargetField='null', mVideoDir='null', mMaxDepth='null', mDrawCover='null', mFileView='null', mTextFieldPath='null'}, ViewDragInfo{mViewName='Rc2', mTyp+ e='text', mId='null', mParent='null', mBrother='null', mUncle='null', mCousin='null', mNephews='null', mNest=0, mSource='null', mEvaluateJs='null', mUncleVisibility='null', mTouchView='null', mBottomView='null', mFileDir='null', m+ FileField='null', mFileFlag='0', mFilePath='null', mFileSuffix='null', mFileTarget='null', mFileTargetField='null', mVideoDir='null', mMaxDepth='null', mDrawCover='null', mFileView='null', mTextFieldPath='null'}, ViewDragInfo{mViewName='TextViewWithLeading', mTyp+ e='text', mId='null', mParent='null', mBrother='null', mUncle='null', mCousin='null', mNephews='null', mNest=0, mSource='null', mEvaluateJs='null', mUncleVisibility='null', mTouchView='null', mBottomView='null', mFileDir='null', m+ FileField='null', mFileFlag='0', mFilePath='null', mFileSuffix='null', mFileTarget='null', mFileTargetField='null', mVideoDir='null', mMaxDepth='null', mDrawCover='null', mFileView='null', mTextFieldPath='null'}, ViewDragInfo{mViewName='Zg2', mTyp+ e='text', mId='null', mParent='null', mBrother='null', mUncle='null', mCousin='null', mNephews='null', mNest=0, mSource='null', mEvaluateJs='null', mUncleVisibility='null', mTouchView='null', mBottomView='null', mFileDir='null', m+ FileField='null', mFileFlag='0', mFilePath='null', mFileSuffix='null', mFileTarget='null', mFileTargetField='null', mVideoDir='null', mMaxDepth='null', mDrawCover='null', mFileView='null', mTextFieldPath='null'}]}, ActivityDragInfo{mActivityName='org.chromium.chrome.browser.history.HistoryActivity', mEnableFileDrag=false', mViewDragInfoList=[ViewDragInfo{mViewName='Rc2', mTyp+ e='text', mId='null', mParent='null', mBrother='null', mUncle='null', mCousin='null', mNephews='null', mNest=0, mSource='null', mEvaluateJs='null', mUncleVisibility='null', mTouchView='null', mBottomView='null', mFileDir='null', m+ FileField='null', mFileFlag='0', mFilePath='null', mFileSuffix='null', mFileTarget='null', mFileTargetField='null', mVideoDir='null', mMaxDepth='null', mDrawCover='null', mFileView='null', mTextFieldPath='null'}, ViewDragInfo{mViewName='Zg2', mTyp+ e='text', mId='null', mParent='null', mBrother='null', mUncle='null', mCousin='null', mNephews='null', mNest=0, mSource='null', mEvaluateJs='null', mUncleVisibility='null', mTouchView='null', mBottomView='null', mFileDir='null', m+ FileField='null', mFileFlag='0', mFilePath='null', mFileSuffix='null', mFileTarget='null', mFileTargetField='null', mVideoDir='null', mMaxDepth='null', mDrawCover='null', mFileView='null', mTextFieldPath='null'}]}, ActivityDragInfo{mActivityName='org.chromium.chrome.browser.app.bookmarks.BookmarkActivity', mEnableFileDrag=false', mViewDragInfoList=[ViewDragInfo{m
04-22 15:26:36.909 19872 19872 D OplusSmartLoopDragManager: For this package,smartloop DragConfig = [PackageDragConfig:mPackageName com.android.chrome,mSkipEventTrack 0,[ActivityDragConfig:mActivityName=org.chromium.chrome.browser.customtabs.CustomTabActivity,mViewBlackList=null,mTargetViews=AppCompatImageView,TextViewWithLeading,mEvaluateJs=null,mSkipCovered=0,mSkipEventTrack=0,DragType=31,PressTimeOut=0,TouchSlop=0,BitmapConfig=0,BitmapScale=0.0,LogState=1,DataTrackState=1],DragType=31,PressTimeOut=1000,TouchSlop=24,BitmapConfig=4,BitmapScale=1.0,LogState=1,DataTrackState=1]
04-22 15:26:36.910  3054  3054 I PluginSeedling--Base: SeedlingPluginService-->onStateChange: Bundle[{state=onPanelExpandFractionChange, expandFrom=2, expandFraction=0.13801722}]
04-22 15:26:36.915  3054  3356 D StatusBar##isHomeStatusBarAllowed: newValue: true
04-22 15:26:36.920  3054  3054 I PluginSeedling--Base: SeedlingPluginService-->onStateChange: Bundle[{state=onPanelExpandFractionChange, expandFrom=2, expandFraction=0.119913526}]
04-22 15:26:36.922   633   633 E lowmemorykiller: adj:1001 file_cache: 354387 free:7844
04-22 15:26:36.922   633   633 E lowmemorykiller: device has enough memory 1516312Kib, and freeMemory 32072Kib, disable killing(limit_killing:1468004Kib)
04-22 15:26:36.925  3054  3054 I SystemUi--QuickSettings: OplusSeparateQSPluginImpl-->shouldHideStatusBar isFullyCollapsed true
04-22 15:26:36.925  3054  3054 I SystemUi--Statusbar: CollapsedSbFragment-->New visibilities calculated internally. StatusBarVisibilityModel(showClock: true showNotificationIcons:true showPrimaryOngoingActivityChip:false showSecondaryOngoingActivityChip:false showSystemInfo:true ) 
04-22 15:26:36.925  3054  3054 I SystemUi--Statusbar: CollapsedStatusBarFragmentExImpl-->animate: true, unlockAnimationRunning: false, fadingAway: false, keyguard: false
04-22 15:26:36.925  3054  3054 I SystemUi--Statusbar: CollapsedStatusBarFragmentExImpl-->StatusBarVisibilityModelEx: StatusBarVisibilityModelEx(showClock: true showPromptView:false showPrimaryOngoingActivityChip:false showSecondaryOngoingActivityChip:false showNotificationContainer:true showOpName:true showSeedlingContainer:true ), animate: true
04-22 15:26:36.925  3054  3054 I SystemUi--Statusbar: CollapsedStatusBarFragmentExImpl-->showClockChanged: false lastModifiedVisibility.showClock: true previousModelEx.showClock: true statusBarFragment?.clockHiddenMode(): 4 clockView?.visibility: 0
04-22 15:26:36.926  2236  3255 I Osense-BaseDecisionMaker: notifySceneToAthenaPolicy: SCENE_RES_IO_PSI, bundle: Bundle[{ioLevel=3}]
04-22 15:26:36.926  2236  3255 I Osense-BaseDecisionMaker: OSense not supported scene! SCENE_RES_IO_PSI
04-22 15:26:36.926  3054  3054 I PluginSeedling--Base: SeedlingPluginService-->onStateChange: Bundle[{state=onPanelExpandFractionChange, expandFrom=2, expandFraction=0.105692014}]
04-22 15:26:36.935  3054  3054 I PluginSeedling--Base: SeedlingPluginService-->onStateChange: Bundle[{state=onPanelExpandFractionChange, expandFrom=2, expandFraction=0.093054496}]
04-22 15:26:36.945  3054  3054 I SystemUi--Notification: NotificationPanelChildAppearAnimationManager-->[animateTo] animationEnd  isShow=false, canceled=false, com.oplus.systemui.qs.widget.OplusQSDateView{ba17a86 VFED..C.. ..S..... 376,22-846,79 #7f0a0950 app:id/oplus_date alpha=0.0 viewInfo = } 
04-22 15:26:36.946  3054  3054 I PluginSeedling--Base: SeedlingPluginService-->onStateChange: Bundle[{state=onPanelExpandFractionChange, expandFrom=2, expandFraction=0.08053501}]
04-22 15:26:36.953  3054  3054 I PluginSeedling--Base: SeedlingPluginService-->onStateChange: Bundle[{state=onPanelExpandFractionChange, expandFrom=2, expandFraction=0.07075539}]
04-22 15:26:36.962  3054  3054 I PluginSeedling--Base: SeedlingPluginService-->onStateChange: Bundle[{state=onPanelExpandFractionChange, expandFrom=2, expandFraction=0.062107116}]
04-22 15:26:36.973  3054  3054 I PluginSeedling--Base: SeedlingPluginService-->onStateChange: Bundle[{state=onPanelExpandFractionChange, expandFrom=2, expandFraction=0.053580187}]
04-22 15:26:36.979 19872 19872 W libc    : Access denied finding property "ro.odm.prev.product.name"
04-22 15:26:36.980 19872 19872 W libc    : Access denied finding property "ro.vendor.oplus.gundam"
04-22 15:26:36.980  3054  3054 I PluginSeedling--Base: SeedlingPluginService-->onStateChange: Bundle[{state=onPanelExpandFractionChange, expandFrom=2, expandFraction=0.04694871}]
04-22 15:26:36.982  3054  3054 I SystemUi--Common: PanelAnimationEx-->isFixedElementShowing: false
04-22 15:26:36.987  3054  3054 I PluginSeedling--Base: SeedlingPluginService-->onStateChange: Bundle[{state=onPanelExpandFractionChange, expandFrom=2, expandFraction=0.041106902}]
04-22 15:26:36.993 18122 18227 W Finsky  : [1643] PreloadClasses: Unable to load [kotlinx.coroutines.internal.ThreadContextKt$countAll$1, kotlinx.coroutines.internal.ThreadContextKt$findOne$1, kotlinx.coroutines.internal.ThreadContextKt$updateState$1, androidx.compose.runtime.snapshots.SnapshotKt$emptyLambda$1, androidx.compose.runtime.Recomposer$broadcastFrameClock$1, androidx.compose.runtime.Recomposer$recompositionRunner$2$unregisterApplyObserver$1, androidx.compose.ui.platform.AndroidComposeView$keyInputModifier$1, androidx.compose.runtime.SlotTable, androidx.compose.runtime.ComposerImpl, androidx.compose.runtime.SlotReader, androidx.compose.runtime.SlotWriter, androidx.compose.runtime.SlotTableKt, androidx.compose.runtime.ComposableSingletons$CompositionKt$lambda-1$1, androidx.compose.runtime.ComposableSingletons$CompositionKt$lambda-2$1, androidx.compose.ui.platform.ComposableSingletons$Wrapper_androidKt$lambda-1$1, androidx.compose.ui.platform.AndroidComposeView$ViewTreeOwners, androidx.compose.ui.platform.WrappedComposition$setContent$1$1, androidx.compose.runtime.Recomposer$readObserverOf$1, androidx.compose.runtime.Recomposer$writeObserverOf$1, androidx.compose.runtime.KeyInfo, androidx.compose.runtime.GroupInfo, androidx.compose.ui.platform.AndroidCompositionLocals_androidKt$LocalSavedStateRegistryOwner$1, androidx.compose.ui.platform.AndroidCompositionLocals_androidKt$ProvideAndroidCompositionLocals$1$1, androidx.compose.runtime.saveable.SaveableStateRegistryKt$LocalSaveableStateRegistry$1, androidx.compose.material3.TypographyKt$LocalTypography$1, androidx.compose.material.ColorsKt$LocalColors$1, androidx.compose.material.ShapesKt$LocalShapes$1, androidx.compose.material.ContentAlphaKt$LocalContentAlpha$1, androidx.compose.foundation.IndicationKt$LocalIndication$1, androidx.compose.material.ripple.RippleThemeKt$LocalRippleTheme$1, androidx.compose.foundation.text.selection.TextSelectionColorsKt$LocalTextSelectionColors$1, androidx.compose.material.MaterialThemeKt$MaterialTheme$1, androidx.compose.material.TextKt$LocalTextStyle$1, androidx.compose.animation.core.InfiniteTransition$run$2, androidx.compose.animation.core.VectorConvertersKt$FloatToVector$1, androidx.compose.animation.core.VectorConvertersKt$FloatToVector$2, androidx.compose.animation.core.VectorConvertersKt$IntToVector$2, androidx.compose.animation.core.VectorConvertersKt$DpToVector$1, androidx.compose.animation.core.VectorConvertersKt$DpToVector$2, androidx.compose.material.ProgressIndicatorKt$CircularProgressIndicator$endAngle$2, androidx.compose.material.ProgressIndicatorKt$CircularProgressIndicator$startAngle$2, androidx.compose.foundation.ProgressSemanticsKt$progressSemantics$2, androidx.compose.material.MaterialThemeKt$MaterialTheme$2, androidx.compose.ui.platform.AndroidCompositionLocals_androidKt$ProvideAndroidCompositionLocals$4, androidx.compose.runtime.RememberManager, androidx.compose.foundation.IndicationKt$indication$2, androidx.compose.foundation.text.selection.SelectionRegistrarKt$LocalSelectionRegistrar$1, androidx.compose.runtime.saveable.SaverKt$AutoSaver$1, androidx.compose.runtime.saveable.SaverKt$AutoSaver$2, androidx.compose.runtime.snapshots.SnapshotStateList$StateListStateRecord, androidx.compose.material.ButtonKt$Button$2, androidx.compose.material.ElevationOverlayKt$LocalElevationOverlay$1, androidx.compose.material.ElevationOverlayKt$LocalAbsoluteElevation$1, androidx.compose.material.SurfaceKt$Surface$1, androidx.compose.material.TextKt$Text$4, androidx.compose.material.TextKt$ProvideTextStyle$1, androidx.compose.material.SurfaceKt$Surface$2, androidx.compose.material.ButtonKt$Button$3, androidx.compose.foundation.gestures.ScrollableStateKt$rememberScrollableState$1$1, androidx.compose.material.TextKt$Text$3, androidx.compose.material3.TextKt$Text$3, androidx.compose.foundation.layout.BoxWithConstraintsKt$BoxWithConstraints$1$1, androidx.compose.runtime.ComposerImpl$CompositionContextHolder, androidx.compose.runtime.ComposerImpl$CompositionContextImpl, androidx.compose.runtime.Updater$init$1, androidx.compose.runtime.inter
04-22 15:26:36.994  3054  3054 I PluginSeedling--Base: SeedlingPluginService-->onStateChange: Bundle[{state=onPanelExpandFractionChange, expandFrom=2, expandFraction=0.03596622}]
04-22 15:26:37.002  3054  3054 I PluginSeedling--Base: SeedlingPluginService-->onStateChange: Bundle[{state=onPanelExpandFractionChange, expandFrom=2, expandFraction=0.03092221}]
04-22 15:26:37.011  3054  3054 I PluginSeedling--Base: SeedlingPluginService-->onStateChange: Bundle[{state=onPanelExpandFractionChange, expandFrom=2, expandFraction=0.027017262}]
04-22 15:26:37.014  3054  4606 D PhoneWindowExtImpl: Only UI thread can process decor: null ,contentView:null ,threadId:2 ,threadName:main ,curThreadId:206 ,curThreadName:pool-17-thread-3 ,callers:com.android.internal.policy.PhoneWindow.installDecor:3035 com.android.internal.policy.PhoneWindow.getDecorView:2358 androidx.appcompat.app.AppCompatDialog.initViewTreeOwners$1:5 androidx.appcompat.app.AppCompatDialog.setContentView:3 com.google.android.material.bottomsheet.BottomSheetDialog.setContentView:2 com.coui.appcompat.panel.COUIBottomSheetDialog.setContentViewLocal:112 com.coui.appcompat.panel.COUIBottomSheetDialog.setContentView:3 com.oplus.systemui.usb.UsbBottomSheetDialog.access$initContent:37 com.oplus.systemui.usb.UsbBottomSheetDialog$1.get:2 com.oplus.systemui.usb.UsbBottomSheetDialog$1.get:1 
04-22 15:26:37.019  3054  3054 I PluginSeedling--Base: SeedlingPluginService-->onStateChange: Bundle[{state=onPanelExpandFractionChange, expandFrom=2, expandFraction=0.02359105}]
04-22 15:26:37.023   633   633 E lowmemorykiller: adj:1001 file_cache: 353355 free:13136
04-22 15:26:37.023   633   633 E lowmemorykiller: device has enough memory 1532704Kib, and freeMemory 53584Kib, disable killing(limit_killing:1468004Kib)
04-22 15:26:37.026 19872 19872 W .android.chrome: Failed to find entry 'classes.dex': Entry not found
04-22 15:26:37.028 19872 19872 D nativeloader: Configuring clns-9 for other apk /data/app/~~8KfE2TddBMfIN15ei6aMow==/com.google.android.trichromelibrary_772710133-WBCl4DeSbVQnpnQpVLQllg==/base.apk. target_sdk_version=36, uses_libraries=ALL, library_path=/data/app/~~TYcxxaQPq3BqhIQ0wRk8eQ==/com.android.chrome-s_yU78eqwdTG3Y4ADrBiuA==/lib/arm64:/data/app/~~TYcxxaQPq3BqhIQ0wRk8eQ==/com.android.chrome-s_yU78eqwdTG3Y4ADrBiuA==/base.apk!/lib/arm64-v8a:/data/app/~~8KfE2TddBMfIN15ei6aMow==/com.google.android.trichromelibrary_772710133-WBCl4DeSbVQnpnQpVLQllg==/base.apk!/lib/arm64-v8a, permitted_path=/data:/mnt/expand:/data/user/0/com.android.chrome
04-22 15:26:37.028 19872 19872 D nativeloader: Extending system_exposed_libraries: libapuwareapusys.mtk.so:libapuwareapusys_v2.mtk.so:libapuwarexrp.mtk.so:libapuwarexrp_v2.mtk.so:libapuwareutils.mtk.so:libapuwareutils_v2.mtk.so:libapuwarehmp.mtk.so:libneuron_graph_delegate.mtk.so:libneuronusdk_adapter.mtk.so:libtflite_mtk.mtk.so:libarmnn_ndk.mtk.so:libcmdl_ndk.mtk.so:libnir_neon_driver_ndk.mtk.so:libmvpu_runtime.mtk.so:libmvpu_runtime_pub.mtk.so:libmvpu_engine_pub.mtk.so:libmvpu_pattern_pub.mtk.so:libmvpuop_mtk_cv.mtk.so:libmvpuop_mtk_nn.mtk.so:libmvpu_runtime_25.mtk.so:libmvpu_runtime_25_pub.mtk.so:libmvpu_engine_25_pub.mtk.so:libmvpu_pattern_25_pub.mtk.so:libmvpuop25_mtk_cv.mtk.so:libmvpuop25_mtk_nn.mtk.so:libmvpu_config.mtk.so:libmvpu_engine_30.mtk.so:libmvpu_pattern_30.mtk.so:libmvpu_cic_ci_compiler_30.mtk.so:libmvpu_runtime_30.mtk.so:libmvpu_clc_30_mvpu_debuginfo.mtk.so:libmvpu_clc_30_mvpu_elf.mtk.so:libmvpu_clc_30_mvpu_utility.mtk.so:libneuronservice_adapter.mtk.so:libneuron_sys_util.mtk.so:libmvpuop30_mtk_nn.mtk.so:libneuronusdk_adapter.9.mtk.so:l
04-22 15:26:37.032  3054  3054 I SystemUi--Notification: SimpleQsClock-->textWidth:152.0, mPaddingEnd 18, dynamicWidth 200, systemFontScale 1.0
04-22 15:26:37.040 19872 19872 D ApplicationLoaders: Returning zygote-cached class loader: /system_ext/framework/androidx.window.extensions.jar
04-22 15:26:37.040 19872 19872 D ApplicationLoaders: Returning zygote-cached class loader: /system_ext/framework/androidx.window.sidecar.jar
04-22 15:26:37.041  3054  3054 I PluginSeedling--Base: SeedlingPluginService-->onStateChange: Bundle[{state=onPanelExpandFractionChange, expandFrom=2, expandFraction=0.017651211}]
04-22 15:26:37.044 19320 19562 I naptube.premium: Waiting for a blocking GC ClassLinker
04-22 15:26:37.047  3054  3054 I PluginSeedling--Base: SeedlingPluginService-->onStateChange: Bundle[{state=onPanelExpandFractionChange, expandFrom=2, expandFraction=0.015386159}]
04-22 15:26:37.049  2236  3931 E OplusDexOptimizeManager: Start app fature is off
04-22 15:26:37.051  3054  3064 I ndroid.systemui: Background concurrent mark compact GC freed 22MB AllocSpace bytes, 23(1252KB) LOS objects, 25% free, 70MB/94MB, paused 2.221ms,16.750ms total 1.025s
04-22 15:26:37.055  3054  3054 I PluginSeedling--Base: SeedlingPluginService-->onStateChange: Bundle[{state=onPanelExpandFractionChange, expandFrom=2, expandFraction=0.01317559}]
04-22 15:26:37.055  3054  4606 D PhoneWindowExtImpl: Only UI thread can process decor: com.android.internal.policy.DecorView{5812f60 V.E...... R.....I. 0,0-0,0 alpha=1.0 viewInfo = }[] ,contentView:android.widget.FrameLayout{8b09c19 V.E...... ......I. 0,0-0,0 alpha=1.0 viewInfo = } ,threadId:2 ,threadName:main ,curThreadId:206 ,curThreadName:pool-17-thread-3 ,callers:com.android.internal.policy.PhoneWindow.setContentView:681 com.android.internal.policy.PhoneWindow.setContentView:660 androidx.appcompat.app.AppCompatDelegateImpl.ensureSubDecor:379 androidx.appcompat.app.AppCompatDelegateImpl.setContentView:1 androidx.appcompat.app.AppCompatDialog.setContentView:4 com.google.android.material.bottomsheet.BottomSheetDialog.setContentView:2 com.coui.appcompat.panel.COUIBottomSheetDialog.setContentViewLocal:112 com.coui.appcompat.panel.COUIBottomSheetDialog.setContentView:3 com.oplus.systemui.usb.UsbBottomSheetDialog.access$initContent:37 com.oplus.systemui.usb.UsbBottomSheetDialog$1.get:2 
04-22 15:26:37.064  3054  3054 D WindowManager: Add to mViews: com.android.internal.policy.DecorView{5812f60 V.E...... R.....I. 0,0-0,0 alpha=1.0 viewInfo = }[],pkg= null
04-22 15:26:37.064  3054  3415 D skia    : setRusSupported enable 0
04-22 15:26:37.068  2236  3400 D KEYLOG_PhoneWindowManagerExtImpl: checkAddPermission: com.oplus.permission.safe.WINDOW OKAY packageName = com.android.systemui
04-22 15:26:37.073  2236  3400 D WindowManager: NFW_findFocusedWindowIfNeeded:Window{859697e u0 com.android.systemui} mCurrentFocus:Window{e251004 u0 com.android.settings/com.android.settings.SubSettings}
04-22 15:26:37.074  2236  2894 E UAH-Framework: invalid window type -1
04-22 15:26:37.076  2236  3400 D WindowManager: setFrameRateStart invalid typeId return!
04-22 15:26:37.077  2236  3400 D Theia.NoFocusWindow: FocusWindowErrorScene cancelCheckFreezeScreen
04-22 15:26:37.077  2236  3400 W TheiaWindowMonitor: [check] focusedWindow is null or enable is false
04-22 15:26:37.078  2236  3400 I WindowManager: addWindow: New client android.os.BinderProxy@38a5b00 : window=Window{859697e u0 com.android.systemui}
04-22 15:26:37.081  3054  3054 D ViewRootImplExtImpl: onDisplayChanged -1 for VRI android.view.ViewRootImpl@e211b6
04-22 15:26:37.081  3054  3054 I SystemUi--NavBar: NavigationBarGestureExImpl-->oplusAllowSystemGestureIgnoringBarVisibility isOplusFlagAllowBackGestureIgnoreVisibilityState = false isGestureMisTouchPreventionEnable = true
04-22 15:26:37.083  3054  3054 I PluginSeedling--Base: SeedlingPluginService-->onStateChange: Bundle[{state=onPanelExpandFractionChange, expandFrom=2, expandFraction=0.00853726}]
04-22 15:26:37.084  3054  3054 E OplusBracketLog: [OplusViewMirrorManager] updateHostViewRootIfNeeded, not support android.view.ViewRootImpl@e211b6
04-22 15:26:37.088  2236  3400 D CoreBackPreview: Window{859697e u0 com.android.systemui}: Setting back callback OnBackInvokedCallbackInfo{mCallback=android.window.IOnBackInvokedCallback$Stub$Proxy@6388a18, mPriority=0, mIsAnimationCallback=true, mOverrideBehavior=0}
04-22 15:26:37.088  2236  3400 D CoreBackPreview: Window{859697e u0 com.android.systemui}: Setting back callback OnBackInvokedCallbackInfo{mCallback=android.window.IOnBackInvokedCallback$Stub$Proxy@6b64c71, mPriority=0, mIsAnimationCallback=false, mOverrideBehavior=0}
04-22 15:26:37.089  2236  3400 D CoreBackPreview: Window{859697e u0 com.android.systemui}: Setting back callback OnBackInvokedCallbackInfo{mCallback=android.window.IOnBackInvokedCallback$Stub$Proxy@74f2a56, mPriority=0, mIsAnimationCallback=false, mOverrideBehavior=0}
04-22 15:26:37.105 22070 22485 E msys    : E[N mns:DGWClient]_OnDiskCacheGetData(1102)=>Start post callback cache refresh DNS resolution
04-22 15:26:37.109  2236  2460 E OplusCustomizeRestrictionManagerService: isUSBFileTransferDisabled start
04-22 15:26:37.111  2236  2460 E OplusCustomizeRestrictionManagerService: isUSBFileTransferDisabled start
04-22 15:26:37.115  2236  2460 E OplusCustomizeRestrictionManagerService: isUSBFileTransferDisabled start
04-22 15:26:37.117  2236  3400 E OplusCustomizeRestrictionManagerService: isUSBFileTransferDisabled start
04-22 15:26:37.117 19872 19872 D nativeloader: Configuring clns-10 for other apk /data/app/~~TYcxxaQPq3BqhIQ0wRk8eQ==/com.android.chrome-s_yU78eqwdTG3Y4ADrBiuA==/base.apk. target_sdk_version=36, uses_libraries=, library_path=/data/app/~~TYcxxaQPq3BqhIQ0wRk8eQ==/com.android.chrome-s_yU78eqwdTG3Y4ADrBiuA==/lib/arm64:/data/app/~~TYcxxaQPq3BqhIQ0wRk8eQ==/com.android.chrome-s_yU78eqwdTG3Y4ADrBiuA==/base.apk!/lib/arm64-v8a:/data/app/~~8KfE2TddBMfIN15ei6aMow==/com.google.android.trichromelibrary_772710133-WBCl4DeSbVQnpnQpVLQllg==/base.apk!/lib/arm64-v8a, permitted_path=/data:/mnt/expand:/data/user/0/com.android.chrome
04-22 15:26:37.118  3646  3989 D DnsDomainBlock: onDnsEvent: latencyMs=1, returnCode=4, uid=10557
04-22 15:26:37.120  2236  2460 E OplusCustomizeRestrictionManagerService: isUSBFileTransferDisabled start
04-22 15:26:37.123  2236  2530 W Binder  : Outgoing transactions from this process must be FLAG_ONEWAY
04-22 15:26:37.123  2236  2530 W Binder  : java.lang.Throwable
04-22 15:26:37.123  2236  2530 W Binder  : 	at android.os.BinderProxy.transact(BinderProxy.java:639)
04-22 15:26:37.123  2236  2530 W Binder  : 	at android.content.ContentProviderProxy.insert(ContentProviderNative.java:587)
04-22 15:26:37.123  2236  2530 W Binder  : 	at android.content.ContentProviderClient.insert(ContentProviderClient.java:347)
04-22 15:26:37.123  2236  2530 W Binder  : 	at android.content.ContentProviderClient.insert(ContentProviderClient.java:336)
04-22 15:26:37.123  2236  2530 W Binder  : 	at com.oplus.util.OplusStatisticsImpl.insert(OplusStatisticsImpl.java:307)
04-22 15:26:37.123  2236  2530 W Binder  : 	at com.oplus.util.OplusStatisticsImpl.sendDataToDCS(OplusStatisticsImpl.java:287)
04-22 15:26:37.123  2236  2530 W Binder  : 	at com.oplus.util.OplusStatisticsImpl.flushInternal(OplusStatisticsImpl.java:264)
04-22 15:26:37.123  2236  2530 W Binder  : 	at com.oplus.util.OplusStatisticsImpl.lambda$setDelayFlushJobIfNeed$4(OplusStatisticsImpl.java:211)
04-22 15:26:37.123  2236  2530 W Binder  : 	at com.oplus.util.OplusStatisticsImpl.$r8$lambda$4UYTp2NCu6Rml69JNqEuK7o54SI(Unknown Source:0)
04-22 15:26:37.123  2236  2530 W Binder  : 	at com.oplus.util.OplusStatisticsImpl$$ExternalSyntheticLambda5.run(D8$$SyntheticClass:0)
04-22 15:26:37.123  2236  2530 W Binder  : 	at java.util.concurrent.Executors$RunnableAdapter.call(Executors.java:520)
04-22 15:26:37.123  2236  2530 W Binder  : 	at java.util.concurrent.FutureTask.run(FutureTask.java:317)
04-22 15:26:37.123  2236  2530 W Binder  : 	at java.util.concurrent.ScheduledThreadPoolExecutor$ScheduledFutureTask.run(ScheduledThreadPoolExecutor.java:348)
04-22 15:26:37.123  2236  2530 W Binder  : 	at java.util.concurrent.ThreadPoolExecutor.runWorker(ThreadPoolExecutor.java:1154)
04-22 15:26:37.123  2236  2530 W Binder  : 	at java.util.concurrent.ThreadPoolExecutor$Worker.run(ThreadPoolExecutor.java:652)
