--------- beginning of main
04-22 15:27:35.024  1584  1584 I touch_boost: enable=1, render_deboost=1, active_time=100, duration=200, idleprefer(TA,FG)=(0,1), util(TA,FG)=(80,0), freq(c0,c1,c2)=(1800000,2000000,0)
04-22 15:27:35.025  1421  1531 I [UAH_CLIENT]: UahPlatformResAcquire
04-22 15:27:35.025  1421  1531 I [UAH_CLIENT]: UahEventAcquire, cmdid:-3, pkg:1584 1584, identity:mtk-powerd
04-22 15:27:35.026  1537  2001 D VRR [OTI]: handleIdle from 1 to 0
04-22 15:27:35.026  1537  2001 D VRR [OTI-HW]: isStateReady 0
04-22 15:27:35.026  1537  2001 D VRR [OTI-HW]: keep rate.
--------- beginning of system
04-22 15:27:35.027  2236  2382 D PowerManagerService: userActivityNoUpdateLocked: groupId=0, eventTime=390295194, event=touch, flags=0x0, uid=1000
04-22 15:27:35.027  2236  3275 I [UAH_CLIENT]: UahEventAcquire, cmdid:37, pkg:none, identity:OplusUAwareInputHelper
04-22 15:27:35.027  1537  2008 D SurfaceFlinger: calculateTimeoutTime, triggerInterval = 2 sec + 999999923 nsec
04-22 15:27:35.028  2236  4632 I OGuardManager_ModuleUsageUpdateHelper: do not get uid: 99942 pkgName is null.
04-22 15:27:35.029  2236  3275 D UAH-UahAdaptHelper: adaptSetNotification identity = OplusUAwareInputHelpersrc = 1000 , type 0 ,p1 = -1 ,p2 = -1 ,p3 = -1 ,p4 =
04-22 15:27:35.029  2236  3275 I [UAH_CLIENT]: uahRuleCtl, ruleId:1000, status:0
04-22 15:27:35.030  1421  1480 E libPowerHal: [getCPUFreq] error cid:2, nClusterNum:2
04-22 15:27:35.030  2236  2922 D GestureLog_OplusMultiPointerDetector: onTouchEvent------>start, mCurNumPointers=1, mCurrStatus=0 mIsDownIntervalTimeout=true, action=0 downTime=390295194 deviceId=2
04-22 15:27:35.031  1421  1531 I [UAH_CLIENT]: UahPlatformResAcquire
04-22 15:27:35.031  1421  1531 I [UAH_CLIENT]: UahEventAcquire, cmdid:-3, pkg:1421 1480, identity:mtk-powerd
04-22 15:27:35.036  3054  3054 I SystemUi--Notification: SimpleQsClock-->textWidth:152.0, mPaddingEnd 18, dynamicWidth 200, systemFontScale 1.0
04-22 15:27:35.037  1537  1537 I BufferQueueProducer: [StatusBar#98](this:0xb40000765c4fa2f8,id:-1,api:0,p:-1,c:1537) queueBuffer: fps=1.99 dur=1003.60 max=986.69 min=16.92
04-22 15:27:35.039  3054  3054 E IJankManager: slideSceneEnd unknown scene 1000 mScene:-1
04-22 15:27:35.046  3054  3054 I PluginSeedling--Capsule: CapsuleTouchEventHandler-->onInterceptTouchEvent interceptEvent: false
04-22 15:27:35.049  3054  3054 I SystemUi--Notification: NotificationPanelViewControllerExImp-->set statusBarEventDownTime to: 390295194
04-22 15:27:35.049  2236  2350 W UserAwareMgr: can not find match thread: GaussianBlur for process com.android.systemui Pid: 3054
04-22 15:27:35.049  3054  3054 I SystemUi--Common: ScrollTranslationValue-->resetPanelTranslationY
04-22 15:27:35.049  3054  4450 I [UAH_CLIENT]: UahRelease, handle:468123
04-22 15:27:35.050  3054  4450 I [UAH_CLIENT]: UahEventAcquire, cmdid:97, pkg:none, identity:OsenseHelperImpl
04-22 15:27:35.051  3054  3054 I SystemUi--QuickSettings: OplusPanelViewPagerController-->shouldOpenNotification  set targetPage=NOTIFICATION
04-22 15:27:35.051  3054  3054 I SystemUi--QuickSettings: OplusPanelViewPagerController-->Intercept because shouldOpenNotification
04-22 15:27:35.051  3054  3054 I SystemUi--Common: ScrollTranslationValue-->resetPanelTranslationY
04-22 15:27:35.052  3054  3054 I SystemUi--QuickSettings: OplusPanelViewPagerController-->shouldOpenNotification  set targetPage=NOTIFICATION
04-22 15:27:35.052  3054  3054 I SystemUi--QuickSettings: OplusPanelViewPagerController-->Intercept because shouldOpenNotification
04-22 15:27:35.052  3054  3054 I SystemUi--QuickSettings: OplusPanelViewPagerController-->onTouchEvent notificationPanelView event MotionEvent { action=ACTION_DOWN, actionButton=0, id[0]=0, x[0]=201.75, y[0]=30.25, toolType[0]=TOOL_TYPE_FINGER, buttonState=0, classification=NONE, metaState=0, flags=0x0, edgeFlags=0x0, pointerCount=1, historySize=0, eventTime=390295194, downTime=390295194, deviceId=2, source=0x1002, displayId=0, eventId=295829195 }
04-22 15:27:35.055  3054  3054 I SystemUi--Keyguard: KeyguardStyleClockController-->isTouchInAnyWidget false
04-22 15:27:35.055  3054  3054 I SystemUi--Notification: NotificationPanelView-->onInterceptTouchEvent mAnimatingOnDown false mClosing false mIsSpringBackAnimation false
04-22 15:27:35.057  3054  3054 I SystemUi--Keyguard: KeyguardSliderLayout-->onTouchEvent ev = 0
04-22 15:27:35.058  3054  3054 I SystemUi--Notification: SeparatePanelAnimation-->startTracking
04-22 15:27:35.058  3054  3054 I SystemUi--Notification: SeparatePanelAnimation-->inTracking true
04-22 15:27:35.074  2236  2350 W QosScheduler: executeSceneQosStrategy failed! qos feature no enable
04-22 15:27:35.082  2236  3275 I [UAH_CLIENT]: UahEventAcquire, cmdid:68, pkg:none, identity:OplusUAwareInputHelper
04-22 15:27:35.083  3054  3054 I SystemUi--QuickSettings: NotificationPanelView-->onTrackingStarted:
04-22 15:27:35.083  3054  3054 I SystemUi--Notification: OplusShadeExpansionStat-->panelExpansionChanged expanded:true,mTracking:false,mState:0,fraction:0.0,reason:TrackingStarted
04-22 15:27:35.084  3054  3054 I SystemUi--Common: OplusShadeExpansionStat-->go state: CLOSED -> OPENING
04-22 15:27:35.084  3054  3054 I SystemUi--Common: NotificationPanelView-->onNotificationPanelStateChanged: state=1
04-22 15:27:35.084  3054  3054 I SystemUi--Notification: OplusNotificationShadeWindowControllerExImpl-->SHADE_FOCUSABLE-->mNotificationShadeFocusable= true, mPanelExpanded= false, mBouncerShowing= false, mKeyguardShowing= false, mKeyguardOccluded= false, mKeyguardNeedsInput= false, ENABLE_REMOTE_INPUT= true, mRemoteInputActive= false, glanceableHubShowing= false, keyguardIsAboutToOccluded= false, layoutFlags= -2130444216
04-22 15:27:35.084  3054  3054 I SystemUi--Notification: OplusNotificationShadeWindowControllerExImpl-->SHADE_VISIBLE-->mKeyguardShowing= false, mKeyguardOccluded= false, mPanelVisible= true, mKeyguardFadingAway= false, mKeyguardGoingAway= false, mBouncerShowing= false, mScrimsVisibility= 0, mBackgroundBlurRadius= 0, mForcePluginOpen= false, mediaBackdropShowing= false, viewVisibility= true, qsBlurFraction= 0.0, panelBlurFraction= 0.0
04-22 15:27:35.086  3054  3328 I NotificationShadeWindowController: stop Pending key thread event (apply)
04-22 15:27:35.087  2236  2350 I UserAwareMgr: handleTopAppChanged: com.android.systemui, pid: 3054, uid: 10197
04-22 15:27:35.087  3054  3054 I SystemUi--QuickSettings: BackActionInteractor-->registerBackCallback true
04-22 15:27:35.087  2236  4552 D CoreBackPreview: Window{1dd4195 u0 NotificationShade}: Setting back callback OnBackInvokedCallbackInfo{mCallback=android.window.IOnBackInvokedCallback$Stub$Proxy@48e2e2c, mPriority=0, mIsAnimationCallback=false, mOverrideBehavior=0}
04-22 15:27:35.090  2236  2338 D SystemGestures: detectSwipe: 1
04-22 15:27:35.094  3054  3054 I SystemUi--QuickSettings: ShadeInteractorImpl-->isExpandToQsEnabled isShadeEnabled=true isDozing=false disableFlags=DisableFlagsModel(disable1=0, disable2=0, animate=true) isDeviceProvisioned=true isSimpleUserSwitcher=false isQuickSettingsEnabled=true isUserSetup=true isOplusQsEnabled=false
04-22 15:27:35.095  3054  3054 I SystemUi--QuickSettings: OplusSeparateQSPluginImpl-->shouldHideStatusBar isFullyCollapsed true
04-22 15:27:35.095  3054  3054 I SystemUi--Statusbar: CollapsedSbFragment-->New visibilities calculated internally. StatusBarVisibilityModel(showClock: true showNotificationIcons:true showPrimaryOngoingActivityChip:false showSecondaryOngoingActivityChip:false showSystemInfo:true ) 
04-22 15:27:35.095  3054  3054 I SystemUi--Statusbar: CollapsedStatusBarFragmentExImpl-->animate: true, unlockAnimationRunning: false, fadingAway: false, keyguard: false
04-22 15:27:35.095  3054  3054 I SystemUi--Statusbar: CollapsedStatusBarFragmentExImpl-->StatusBarVisibilityModelEx: StatusBarVisibilityModelEx(showClock: true showPromptView:false showPrimaryOngoingActivityChip:false showSecondaryOngoingActivityChip:false showNotificationContainer:true showOpName:true showSeedlingContainer:true ), animate: true
04-22 15:27:35.096  3054  3054 I SystemUi--QuickSettings: OplusSeparateQSPluginImpl-->shouldHideStatusBar isFullyCollapsed true
04-22 15:27:35.096  3054  3054 I SystemUi--Statusbar: CollapsedStatusBarFragmentExImpl-->showClockChanged: false lastModifiedVisibility.showClock: true previousModelEx.showClock: true statusBarFragment?.clockHiddenMode(): 8 clockView?.visibility: 0
04-22 15:27:35.096  3054  3054 I SystemUi--Common: OplusShadeExpansionStat-->go state: CLOSED -> OPENING
04-22 15:27:35.096  3054  3054 I SystemUi--Common: NotificationPanelView-->onPanelStateChanged: state=1
04-22 15:27:35.096  3054  3054 I SystemUi--Notification: OplusHeadsUpNotificationViewBinder-->isVisibility: true
04-22 15:27:35.097  3054  3054 I SystemUi--Common: PanelAnimationEx-->isShadeShowing: true
04-22 15:27:35.097  3054  3054 I SystemUi--Notification: PanelAnimationEx-->updateVisibility alpha 1.0 scaleX 1.0 scaleY 1.0
04-22 15:27:35.098  3054  3054 I SystemUi--Notification: PanelAnimationEx-->starPullDownNotificationPanel
04-22 15:27:35.098  3054  3054 I SystemUi--Common: Common-->set isLogBufferDisabled true
04-22 15:27:35.098  3054  3054 I SystemUi--Common: NotificationShadeDepthC-->sceneFlag: 0x001, isStart = true, Current sceneFlags: 0x001
04-22 15:27:35.098  3054  3054 D NavigationBar: restrainNavigationBarInvertColor: true
04-22 15:27:35.098  3054  3054 D RegionSamplingHelper: animation scene, no need register sampling listener
04-22 15:27:35.099  3054  3054 E [OPLUS_AFS_CONFIG]: Failed to open AFS config file: /proc/oplus_afs_config/afs_config
04-22 15:27:35.099  3054  3054 E AFS_CONFIG: Failed to get scene config
04-22 15:27:35.099  3054  3054 E OplusAfsManager: afsConfigSceneConfigGet sceneType is null
04-22 15:27:35.099  3054  3054 I SystemUi--Common: AnimAfsManager-->enableAnimationCtrl key:40 enable:false, result: 0
04-22 15:27:35.099  2236 30611 E OplusStorageUFSBandwidth: storage_io_metrics_path is /proc/oplus_storage/io_metrics/forever/
04-22 15:27:35.099  3054  3054 E IJankManager: latencySceneEnd unknown scene 40 mScene:-1
04-22 15:27:35.099  3054  3054 E [OPLUS_AFS_CONFIG]: Failed to open AFS config file: /proc/oplus_afs_config/afs_config
04-22 15:27:35.099  3054  3054 E AFS_CONFIG: Failed to get scene config
04-22 15:27:35.099  3054  3054 E OplusAfsManager: afsConfigSceneConfigGet sceneType is null
04-22 15:27:35.099  3054  3054 I SystemUi--Common: AnimAfsManager-->enableAnimationCtrl key:42 enable:false, result: 0
04-22 15:27:35.099  3054  3054 E IJankManager: latencySceneEnd unknown scene 42 mScene:-1
04-22 15:27:35.099  3054  3054 I SystemUi--Notification: NotificationStackScrollLayoutExtImpl-->setLayerType isHardware=true, scene=1, visibleChildren: 6
04-22 15:27:35.100  3054  3360 D StatusBar##isHomeStatusBarAllowed: newValue: false
04-22 15:27:35.100  3054  3054 I SystemUi--Notification: PanelAnimationEx-->updateFraction, fractionAnimationStiffness=986.9604, finalPosition=0.0
04-22 15:27:35.101  3054  3054 I SystemUi--Notification: PanelAnimationEx-->updateFraction, blurFractionAnimationStiffness=322.2728, finalPosition=0.29522288
04-22 15:27:35.101  3054  3054 I SystemUi--QuickSettings: QuickSettingsController-->qqsVisible=true qsVisible=false mQQsVisible=false mQsVisible=false,mSplitShadeEnabled=false qsExpansionFraction=0.0 qsPanelBottomY=114,mFullyExpanded=false mExpansionHeight=384.0 mMinExpansionHeight=384 mMaxExpansionHeight=2400 getHeaderTranslation=-270.6344
04-22 15:27:35.101  2236 30611 E OplusStorageUFSBandwidth: Bandwidth - Read: 1.50 MB/s, Write: 0.00 MB/s
04-22 15:27:35.101  2236 30611 E OplusStorageUFSBandwidth: Task time: 2ms
04-22 15:27:35.102  2236 30611 E OplusStorageUFSBandwidth: Alarm set to trigger in 10 seconds
04-22 15:27:35.103  3054  3054 I SystemUi--Notification: OplusSimpleQSManagerImpl-->setQsVisible: true, true
04-22 15:27:35.104  3054  3054 I PluginSeedling--Base: SeedlingPluginService-->onStateChange: Bundle[{state=onSeamlessExpandStart}]
04-22 15:27:35.104  3054  3136 I [UAH_CLIENT]: UahEventAcquire, cmdid:413, pkg:none, identity:OsenseHelperImpl
04-22 15:27:35.104  3054  3054 D PluginSeedling--Base: SysUiStateHelper-->onQSExpandedChanged isExpanded: true
04-22 15:27:35.104  3054  3054 D PluginSeedling--Capsule: ThreadUtil-->SysUiStateHelper-runOnUiThreadDelay token:SysUiStateHelper_QS_EXPANDED
04-22 15:27:35.105  3054  3054 I SystemUi--Notification: ScrimControllerExImp-->[onQsBottomVisibleChanged] qsBottomVisible=true
04-22 15:27:35.105  3054  3054 I SystemUi--Common: PlatformBlurManagerImpl-->forceStopMotionBlur: stop=false
04-22 15:27:35.105  3054  3054 I SystemUi--Notification: ScrimControllerExImp-->refreshBehindDrawable isBAnimLevel: true, isThirdTheme: false, isSuperPowerSaveState: false, drawable: WallpaperBlurDrawable, android.graphics.drawable.BitmapDrawable@f2b52f6
04-22 15:27:35.106  3054  3054 D OplusPrivacyDotViewController: scheduleUpdate: 
04-22 15:27:35.106  3054  3570 D OplusPrivacyDotViewController: processNextViewState: 
04-22 15:27:35.106  3054  3570 D OplusPrivacyDotViewController: resolveState ViewState(systemPrivacyEventIsActive=false, shadeExpanded=true, needShow=true, rtl=false, rotation=0, height=12, x=27, y=57, cornerIndex=1, designatedCorner=android.widget.FrameLayout{e099885 G.E...... ......I. 0,0-12,12 #7f0a0609 app:id/icons_container alpha=0.0 viewInfo = }, contentDescription=null, chipAnimationStart=false, preDraw=false) shouldShowDot false
04-22 15:27:35.106  3054  3570 W SystemUi--Common: OplusSysUiSchedMgr-->schedForPrivacyIconShowing not showing, no need release
04-22 15:27:35.106  3054  3054 D PluginSeedling--Base: SysUiStateHelper-->onExpandedChanged (no qs) isExpanded: true
04-22 15:27:35.107  3054  3054 I SystemUi--Notification: OplusNotificationShadeWindowControllerExImpl-->SHADE_FOCUSABLE-->mNotificationShadeFocusable= true, mPanelExpanded= true, mBouncerShowing= false, mKeyguardShowing= false, mKeyguardOccluded= false, mKeyguardNeedsInput= false, ENABLE_REMOTE_INPUT= true, mRemoteInputActive= false, glanceableHubShowing= false, keyguardIsAboutToOccluded= false, layoutFlags= -2130313152
04-22 15:27:35.107  3054  3054 I SystemUi--Notification: OplusNotificationShadeWindowControllerExImpl-->SHADE_VISIBLE-->mKeyguardShowing= false, mKeyguardOccluded= false, mPanelVisible= true, mKeyguardFadingAway= false, mKeyguardGoingAway= false, mBouncerShowing= false, mScrimsVisibility= 0, mBackgroundBlurRadius= 0, mForcePluginOpen= false, mediaBackdropShowing= false, viewVisibility= true, qsBlurFraction= 0.0, panelBlurFraction= 0.0
04-22 15:27:35.108  3054  3054 I SystemUi--Notification: PanelAnimationEx-->setCurShadeExpanded isPanelExpanded true
04-22 15:27:35.108  3054  3054 D LauncherProxyService: Notifying sysui state change to launcher service: proxy=com.android.systemui.shared.recents.ILauncherProxy$Stub$Proxy@13e9d4c display=0 flags=awake|notif_visible
04-22 15:27:35.109  2236  4552 I VibratorManagerServiceExtImpl: cancelVibrate uid=1000, pid=2236, usageFilter=-15, token=65845732
04-22 15:27:35.110  3054 25433 D RingtonePlayer: stopAsync()
04-22 15:27:35.110  3054 25433 D RingtonePlayer: stop
04-22 15:27:35.111  3054  3054 I SystemUi--Keyguard: KeyguardRapidUnlockUtils-->composeKeyguard show=true, reason=applyVisibility_show
04-22 15:27:35.114  3054  3415 D TransactionExtImpl: Post timeout task for -5476376651843156224
04-22 15:27:35.115  3054  3415 D VRI[StatusBar]: Received frameCommittedCallback lastAttemptedDrawFrameNum=551695 didProduceBuffer=true syncBuffer=true
04-22 15:27:35.118  3054  3054 I SystemUi--Keyguard: KeyguardGlideTipView-->hideTips reason=hideGlideTipImmediateWithQsExpandingOrOplusKeyguardLoadOrGotoNtfCapsule withAnimator=true delayType=2
04-22 15:27:35.118  3054  3054 I SystemUi--Keyguard: KeyguardAffordanceTipsView-->hideTips reason=QsExpandingOrOplusKeyguardLoadOrGotoNtfCapsule withAnimator=true delayType=2
04-22 15:27:35.127  3054  3054 D ViewRootImplExtImpl: wrapConfigInfoIntoFlags rotation=0, smallestScreenWidthDp=360, residentWS=false, scenario=0, bounds=Rect(0, 0 - 1080, 2400), relayoutAsync=false, flags=1, newFlags=1258302721, title=NotificationShade
04-22 15:27:35.128  2236  4552 I WindowManager: Window{1dd4195 u0 NotificationShade} state from NO_SURFACE to DRAW_PENDING; reason: resetDrawState
04-22 15:27:35.132  2236  2382 D PowerManagerService: userActivityNoUpdateLocked: groupId=0, eventTime=390295301, event=touch, flags=0x0, uid=1000
04-22 15:27:35.133  2236  4552 D WindowManager: setFrameRateStart invalid typeId return!
04-22 15:27:35.135  2236  4552 D WindowManager: NFW_findFocusedWindowIfNeeded:Window{1dd4195 u0 NotificationShade} mCurrentFocus:Window{fc92af8 u0 com.android.launcher/com.android.launcher.Launcher}
04-22 15:27:35.136  2236  2894 E UAH-Framework: invalid window type -1
04-22 15:27:35.138  2236  4552 D WindowManager: setFrameRateStart invalid typeId return!
04-22 15:27:35.139  2236  4552 D WindowManager: setFrameRateStart invalid typeId return!
04-22 15:27:35.140  2236  4552 D Theia.NoFocusWindow: FocusWindowErrorScene cancelCheckFreezeScreen
04-22 15:27:35.140  2236  2350 W QosScheduler: executeSceneQosStrategy failed! qos feature no enable
04-22 15:27:35.140  2236  4552 W TheiaWindowMonitor: [check] focusedWindow is null or enable is false
04-22 15:27:35.142  3054  3054 W VRI[NotificationShade]: updateBlastSurfaceIfNeeded, surfaceSize:Point(1080, 2400), lastSurfaceSize:Point(1080, 2400), format:-3, blastBufferQueue:null
04-22 15:27:35.143  1537  1636 D [OSIE]  : scltmLayer_name VRI[NotificationShade][NotificationShade]
04-22 15:27:35.143  1537  1636 D [OSIE]  : IsSCLTMLayer=0 
04-22 15:27:35.143  3054  3054 D BufferQueueConsumer: [](id:bee00002322,api:0,p:-1,c:3054) connect: controlledByApp=false
04-22 15:27:35.143  3054  3054 D BufferQueueConsumer: [VRI[NotificationShade][NotificationShade]#8957(BLAST Consumer)8957](id:bee00002322,api:0,p:-1,c:3054) setMaxAcquiredBufferCount: 3
04-22 15:27:35.144  2236  2341 D SurfaceComposerClient: Transaction::apply InputWindowCommands.focusRequests timestamp=390295312857493, windowName=1dd4195 NotificationShade
04-22 15:27:35.144  3054  3415 D HWUI    : createSurface new attribs array
04-22 15:27:35.144  3054  3415 D libEGL  : this is from skia gles
04-22 15:27:35.149  1410  1450 I sensors-hal-HfLooper: ambient light  12.000000
04-22 15:27:35.150  1806  2840 D AALLightSensor: oldLux=51 [SA:-1 LA:-1] newLux=12 (oriLux: 12)
04-22 15:27:35.150  1806  2840 D AAL     : onALIChanged: 51 -> 12
04-22 15:27:35.151  3054  3054 I SurfaceControl:  setExtendedRangeBrightness sc=Surface(name=NotificationShade)/@0x1803b,currentBufferRatio=1.0,desiredRatio=1.0
04-22 15:27:35.159  1537  2045 D SurfaceFlinger: updateWinowInfo=1, setFocusedWindow timestamp=390295312857493, windowName=1dd4195 NotificationShade
04-22 15:27:35.159  2236  6467 I InputDispatcher: NFW_setFocusedWindow, 1dd4195 NotificationShade on display 0, same as the previous:0
04-22 15:27:35.159  2236  6467 I InputDispatcher: updateFocusedWindow,  on display 0, reason: Waiting for window because NOT_VISIBLE, result:   FocusedWindows: <none>
04-22 15:27:35.160   471   471 W OPLUS_LOG_LOAD: ==LOGS PROG INFO, prog(com.android.launcher) ==
04-22 15:27:35.160   471   471 D VRI[Launcher]: onFocusEvent false
04-22 15:27:35.164   471   471 D OplusSystemUINavigationGesture: packageName: com.android.launcher, systemGestureExclusionChanged region=SkRegion() list:
04-22 15:27:35.165   471   471 W VRI[Launcher]: handleResized abandoned!
04-22 15:27:35.165  2236  3275 D UAH-UahAdaptHelper: adaptSetNotification identity = OplusUAwareInputHelpersrc = 1000 , type 1 ,p1 = -1 ,p2 = -1 ,p3 = -1 ,p4 =
04-22 15:27:35.165  2236  3275 I [UAH_CLIENT]: uahRuleCtl, ruleId:1000, status:1
04-22 15:27:35.165  2236  2338 D OplusPanoramaWorkBranchController: notifyMotionUpOrCancel
04-22 15:27:35.166  2236  3275 I [UAH_CLIENT]: UahRelease, handle:468278
04-22 15:27:35.166  2236  3275 I [UAH_CLIENT]: UahEventAcquire, cmdid:6, pkg:none, identity:OplusUAwareInputHelper
04-22 15:27:35.222  3054  3415 D BLASTBufferQueue: [VRI[NotificationShade][NotificationShade]#8957](f:0,a:1) acquireNextBufferLocked size=1080x2400 mFrameNumber=1 applyTransaction=false mTimestamp=390295393056878(auto) mPendingTransactions.size=0 graphicBufferId=13116830216882 transform=0
04-22 15:27:35.223  3054  3415 D TransactionExtImpl: Post timeout task for -5476376658703825408
04-22 15:27:35.223  3054  3415 D VRI[NotificationShade]: Received frameCommittedCallback lastAttemptedDrawFrameNum=1 didProduceBuffer=true syncBuffer=true
04-22 15:27:35.223  3054  3054 D VRI[NotificationShade]: draw finished. seqId=0
04-22 15:27:35.223  1584  1584 I touch_boost: enable=0, render_deboost=1, active_time=100, duration=200, idleprefer(TA,FG)=(0,1), util(TA,FG)=(80,0), freq(c0,c1,c2)=(1800000,2000000,0)
04-22 15:27:35.224  1421  1531 I [UAH_CLIENT]: UahRelease, handle:468273
04-22 15:27:35.227  2236  4552 I WindowManager: Window{1dd4195 u0 NotificationShade} state from DRAW_PENDING to COMMIT_DRAW_PENDING; reason: finishDrawingLocked
04-22 15:27:35.227  3054  3054 I SystemUi--Statusbar: OplusStatusBarWindowViewTouchExImpl-->onTouchEvent handled:false
04-22 15:27:35.227  3054  3054 I SystemUi--Notification: NotificationPanelViewControllerExImp-->set statusBarEventDownTime to: null
04-22 15:27:35.227  3054  3054 I SystemUi--QuickSettings: OplusPanelViewPagerController-->reset
04-22 15:27:35.227  3054  3054 I SystemUi--QuickSettings: OplusPanelViewPagerController-->reset
04-22 15:27:35.227  3054  3054 I SystemUi--QuickSettings: OplusPanelViewPagerController-->onTouchEvent notificationPanelView event MotionEvent { action=ACTION_UP, actionButton=0, id[0]=0, x[0]=246.5, y[0]=471.25, toolType[0]=TOOL_TYPE_FINGER, buttonState=0, classification=NONE, metaState=0, flags=0x0, edgeFlags=0x0, pointerCount=1, historySize=0, eventTime=390295334, downTime=390295194, deviceId=2, source=0x1002, displayId=0, eventId=907797951 }
04-22 15:27:35.227  3054  4450 I [UAH_CLIENT]: UahRelease, handle:468277
04-22 15:27:35.229  3054  4450 I [UAH_CLIENT]: UahEventAcquire, cmdid:97, pkg:none, identity:OsenseHelperImpl
04-22 15:27:35.229  3054  3054 I SystemUi--QuickSettings: NotificationPanelView-->flingToHeight--vel:15734.601,expand:true,target:1774.0,collapseSpeedUpFactor:1.0,expandBecauseOfFalsing:falsemExpandedHeight:1773.0,cause: endMotionEvent 1
04-22 15:27:35.229  3054  3054 I SystemUi--Notification: PanelAnimationEx-->getHeightAnimator isTracking true state 0 fixedDuration -1 maxPanelTransitionDistance 1774 targetHeight 1774.0 currentExpandedHeight 1773.0 rawFraction 0.0
04-22 15:27:35.229  3054  3054 I SystemUi--Notification: OplusSpringAnimation-->start targetValue 1.0 vel 7077.1274 isAnimationRunning false
04-22 15:27:35.229  3054  3054 I SystemUi--Notification: PanelAnimationEx-->expandedTo targetValue 1.0 vel 7077.1274
04-22 15:27:35.229  3054  3054 I SystemUi--Notification: PanelAnimationEx-->animateExpanded, isExpanded=true, (0.0 -> 1.0), lastFinalPosition=0.29522288, stiffness=($986.9604 -> 400.0)rawFraction=0.0, blurFraction=0.0 
04-22 15:27:35.229  3054  3054 I SystemUi--QuickSettings: NotificationPanelView-->onTrackingStopped-expand:true reason endMotionEvent
04-22 15:27:35.230  3054  3054 I SystemUi--QuickSettings: OplusPanelViewPagerController-->notifyNTEndMotionEvent expanded=true fraction=0.0 currentQsFraction=0.0 targetPage=NOTIFICATION dState=false isQsVisible=false ntfalpha=1.0 ntfisVisible=0 qsFull=false notifyExpandedFraction=0.9994363 fractionListeners.size=0
04-22 15:27:35.230  3054  3054 I SystemUi--Common: LevelPositionAlgorithmImpl-->releaseAlgorithm intracking false, vel: 15734.601
04-22 15:27:35.230  3054  3054 I SystemUi--Notification: SeparatePanelAnimation-->stopTracking, inTracking: true
04-22 15:27:35.230  3054  3054 I SystemUi--Notification: SeparatePanelAnimation-->inTracking false
04-22 15:27:35.230  3054  3054 I SystemUi--Notification: SeparatePanelAnimation-->onUpdate notifyFractionEnd
04-22 15:27:35.230  3054  3054 D COUIGridSpringChain: startRebound : ctrIndex=:0 ,endValue=:0.0
04-22 15:27:35.230  3054  3054 I SystemUi--Notification: NotificationPanelView-->handled:true mDozing:false onTouchRet:true
04-22 15:27:35.230  3054  3054 D OplusViewDragTouchViewHelper: dispatchTouchView action = 1
04-22 15:27:35.230  3054  3054 D OplusViewDragTouchViewHelper: dispatchTouchView action = 1
04-22 15:27:35.230  3054  3054 D OplusViewDragTouchViewHelper: dispatchTouchView action = 1
04-22 15:27:35.230  2236  2341 I WindowManager: Window{1dd4195 u0 NotificationShade} state from COMMIT_DRAW_PENDING to READY_TO_SHOW; reason: commitFinishDrawingLocked
04-22 15:27:35.231  3054  3054 D ViewRootImplExtImpl: the up motion event handled by client, just return
04-22 15:27:35.231  2236  2341 I WindowManager: Window{1dd4195 u0 NotificationShade} state from READY_TO_SHOW to HAS_DRAWN; reason: performShowLocked
04-22 15:27:35.231  3054  3054 I SystemUi--NavBar: NavigationBarGestureExImpl-->oplusAllowSystemGestureIgnoringBarVisibility isOplusFlagAllowBackGestureIgnoreVisibilityState = false isGestureMisTouchPreventionEnable = true
04-22 15:27:35.231  2236  2341 D RefreshRate: Refresh rate changing from 120.00001 to 90.0,maxRefreshRate=90.0 FOR:{
04-22 15:27:35.231  2236  2341 D RefreshRate:     | COURSE[;control panel:1,data= RateData{PreferredRefreshRateData{mPreferredRefreshRateId=[1, 1, 2, 1],isAnimBoost=true}}]
04-22 15:27:35.231  2236  2341 D RefreshRate:     | VOTES[PRIORITY_WINDOW_REQUEST -> Vote{mRefreshRate=90.0, mMinRefreshRate=90.0, mRequestSource=null};]
04-22 15:27:35.231  2236  2341 D RefreshRate:     | TIME:2026-04-22 09:57:35}
04-22 15:27:35.231  2236  2341 D DisplayModeDirector: setAppRequest displayId : 0  modeId: 2  requestedRefreshRate: 0.0  requestedMinRefreshRateRange: 0.0  requestedMaxRefreshRateRange: 90.0
04-22 15:27:35.232  2236  2340 D DisplayManagerServiceExtImpl: scheduleTraversalLocked intraversal=false
04-22 15:27:35.232  2236  2340 D DisplayManagerService: MSG_REQUEST_TRAVERSAL pendingCompleted=false
04-22 15:27:35.233  3054  3054 I PluginSeedling--Base: SeedlingPluginService-->onStateChange: Bundle[{state=onPanelExpandFractionChange, expandFrom=2, expandFraction=0.5480643}]
04-22 15:27:35.233  3054  3054 I SystemUi--Notification: ClearAllController-->onFirstElementShowingChanged
04-22 15:27:35.233  3054  3054 I SystemUi--Notification: NotificationPanelChildAppearAnimationManager-->[animateTo] isShow=false, delayIndex=0, finalResponse=0.3, android.widget.FrameLayout{9f67506 V.E...... ......I. 12,15-182,105 #7f0a0956 app:id/oplus_fake_clock_container alpha=1.0 viewInfo = }
04-22 15:27:35.233  3054  3054 I SystemUi--Notification: NotificationPanelChildAppearAnimationManager-->[animateTo] isShow=false, delayIndex=-10, finalResponse=0.100000024, android.widget.FrameLayout{e3bd7c7 V.E...... ......I. 152,15-984,105 #7f0a0957 app:id/oplus_fake_notification_container alpha=1.0 viewInfo = }
04-22 15:27:35.233  3054  3054 I SystemUi--Notification: OplusSimpleQSManagerImpl-->updatePanelFraction, shouldShowFirstElement: true
04-22 15:27:35.233  1421  1531 I mtkpower@impl: [powerd_req] TIMER_MSG_PERF_LOCK_TIMEOUT hdl:434664
04-22 15:27:35.233  3054  3054 I SystemUi--Notification: NotificationPanelChildAppearAnimationManager-->[animateTo] isShow=true, delayIndex=0, finalResponse=0.3, com.oplus.systemui.qs.widget.SimpleQsClock{aeb3aa1 VFED..C.. ........ 24,31-376,77 #7f0a0ad7 app:id/qs_footer_clock alpha=0.0 viewInfo = }
04-22 15:27:35.233  1421  1531 I [UAH_CLIENT]: UahRelease, handle:468276
04-22 15:27:35.234  3054  3054 I SystemUi--Common: PanelAnimationEx-->isFixedElementShowing: true
04-22 15:27:35.234  3054  3054 I SystemUi--Common: PanelAnimationEx-->isFirstElementShowing: true
04-22 15:27:35.235  2236  2341 D DisplayManagerService: performTraversalInternal pendingTraversal
04-22 15:27:35.235  2236  2341 D DisplayDevice: setLayerStackLocked id=local:4627039422300187648 token=android.os.BinderProxy@51690a0 stack=0->0
04-22 15:27:35.236  2236  2387 D LocalDisplayAdapter: setDesiredDisplayModeSpecsAsync: display unique id = local:4627039422300187648, display mode specs = defaultMode=1 allowGroupSwitching=false primaryRanges=physical: (0.0 120.0) render:  (0.0 90.0) appRequestRanges=physical: (0.0 120.0) render:  (0.0 90.0) idleScreenRefreshRate=null
04-22 15:27:35.237  1537  2043 I SurfaceFlinger: setDesiredDisplayModeSpecs: calling_process=system_server
04-22 15:27:35.237  1537  2043 D SurfaceFlinger: VRR [SurfaceFlinger] setDesiredDisplayModeSpecs, from process 2236, 1, 0, primaryRanges = [ 0.000000, 120.000000, 0.000000, 90.000000 ], appRequestRanges = [ 0.000000, 120.000000, 0.000000 90.000000 ]
04-22 15:27:35.238  1537  1537 I SurfaceFlinger: setDesiredDisplayModeSpecs: policy={defaultModeId=1, allowGroupSwitching=false, primaryRanges={physical=[0.00 Hz, 120.00 Hz], render=[0.00 Hz, 90.00 Hz]}, appRequestRanges={physical=[0.00 Hz, 120.00 Hz], render=[0.00 Hz, 90.00 Hz]} idleScreenConfig=nullptr}
04-22 15:27:35.238  1537  1537 I RefreshRateSelector: Display 4627039422300187648 policy changed
04-22 15:27:35.238  1537  1537 I RefreshRateSelector: Previous: {defaultModeId=0, allowGroupSwitching=false, primaryRanges={physical=[0.00 Hz, 120.00 Hz], render=[0.00 Hz, 120.00 Hz]}, appRequestRanges={physical=[0.00 Hz, 120.00 Hz], render=[0.00 Hz, 120.00 Hz]} idleScreenConfig=nullptr}
04-22 15:27:35.238  1537  1537 I RefreshRateSelector: Current:  DisplayManagerPolicy{defaultModeId=1, allowGroupSwitching=false, primaryRanges={physical=[0.00 Hz, 120.00 Hz], render=[0.00 Hz, 90.00 Hz]}, appRequestRanges={physical=[0.00 Hz, 120.00 Hz], render=[0.00 Hz, 90.00 Hz]} idleScreenConfig=nullptr}
04-22 15:27:35.238  1537  1537 I RefreshRateSelector: 0 mode changes were performed under the previous policy
04-22 15:27:35.238  1537  1537 D SurfaceFlinger: VRR [SurfaceFlinger] applyRefreshRateSelectorPolicy: 1 (90.00 Hz), policy: {defaultModeId=1, allowGroupSwitching=false, primaryRanges={physical=[0.00 Hz, 120.00 Hz], render=[0.00 Hz, 90.00 Hz]}, appRequestRanges={physical=[0.00 Hz, 120.00 Hz], render=[0.00 Hz, 90.00 Hz]} idleScreenConfig=nullptr}
04-22 15:27:35.238  1537  1537 D SurfaceFlinger: VRR [SurfaceFlinger] setDesiredActiveMode: displayId: 4627039422300187648, renderRate: 90, vsyncRate: 90, event: 1
04-22 15:27:35.238  1537  1537 D DisplayModeController: setDesiredMode 4627039422300187648 {mode={fps=90.00 Hz, modePtr={id=1, vsyncRate=90.00 Hz, peakRefreshRate=90.00 Hz}}, emitEvent=true, force=false}
04-22 15:27:35.238  2236  2350 I UserAwareMgr: handleFgAppChanged, pkgName: com.android.systemui, pid: 3054, isVisible: true, fgAppType: FG2
04-22 15:27:35.238  1537  1537 D Scheduler: frame_rate = 90, set halftime to 16ms
04-22 15:27:35.238  1537  1537 I PowerHalWrapper: updateFps(): 90
04-22 15:27:35.238  2236  2350 I UserAwareMgr: fg app status not changed, beforeVisible: true, currentVisible: true
04-22 15:27:35.239  1537  2001 D VRR [OTI]: handleIdle from 0 to 0
04-22 15:27:35.239  1537  2001 D VRR [OTI-HW]: isStateReady 0
04-22 15:27:35.239  1537  2001 D VRR [OTI-HW]: keep rate.
04-22 15:27:35.239  3054  3054 I SystemUi--Notification: OplusHeadsUpCoreStart-->isVisibility: true
04-22 15:27:35.240  3054  3054 I PluginSeedling--CapsuleCard: CardRootViewModel-->onExpandedChanged: true
04-22 15:27:35.244  1537  1537 I HWC2    : [0] setActiveConfigWithConstraints[1]
04-22 15:27:35.244  1406  1406 I hwcomposer: [HWC] number Config: 6  
04-22 15:27:35.244  1406  1406 I hwcomposer: [HWC] (0) Attribute: config:1, attr:1, value:1080  
04-22 15:27:35.244  1406  1406 I hwcomposer: [HWC] number Config: 6  
04-22 15:27:35.244  1406  1406 I hwcomposer: [HWC] (0) Attribute: config:1, attr:2, value:2400  
04-22 15:27:35.244  1406  1406 I hwcomposer: [HWCDisplay] (0) setActiveConfigWithConstraints config:1  
04-22 15:27:35.244  1406  1406 I hwcomposer: [HWCDisplay] setActiveConfigWithConstraints(), now 390295415174340, diff 684000, estimated_applied_time 8333333 queued_size:0  
04-22 15:27:35.244  3054 25433 D TransactionExtImpl: Remove timeout task for -5476376651843156224
04-22 15:27:35.244  3054 25433 D TransactionExtImpl: Remove timeout task for -5476376658703825408
04-22 15:27:35.246  3054  3054 I PluginSeedling--StateMachine: StateEventManager-->stable: true, event: null
04-22 15:27:35.246  3054  3054 D PluginSeedling--StateMachine: SeedlingStateMachine-->BeforeEvent:EVENT_EXPAND PreState:STATE-START CurState:START_STATE
04-22 15:27:35.247  3054  3054 D PluginSeedling--Engine: StateMachine-->tryTransferOrDoo EVENT_EXPAND, result=REFUSED @main
04-22 15:27:35.247  3054  3054 D PluginSeedling--StateMachine: SeedlingStateMachine-->AfterEvent:EVENT_EXPAND, Result REFUSED, AfterTransfer:START_STATE
04-22 15:27:35.247  1440  1440 D OplusTouch: in_deviceId = 0,in_nodeFlag = 9,data = 180,len = 3
04-22 15:27:35.247  1440  1440 D OplusTouch: path = /proc/touchpanel/report_rate_white_list,len = 256
04-22 15:27:35.248  3054  3054 D PluginSeedling--Engine: StateMachineHandler-->emptyEvent: emptyListeners:null @main
04-22 15:27:35.248  3054  3054 D PluginSeedling--StateMachine: StateEventManager-->raiseEvent:EVENT_EXPAND
04-22 15:27:35.248  3054  3054 D PluginSeedling--StateMachine: StateEventManager-->SYSTEM_EVENT_DATA: liveSize=0, alwaysReminder=false, transientReminderSize=0
04-22 15:27:35.251  2236  4552 I InputDispatcher: updateFocusedWindow, 1dd4195 NotificationShade on display 0, reason: Window became focusable. Previous reason: NOT_VISIBLE, result:   FocusedWindows:
04-22 15:27:35.251  2236  4552 I InputDispatcher:     displayId=0, name='1dd4195 NotificationShade'
04-22 15:27:35.251  1537  2001 D VRR [OTI-HW]: isStateReady 0
04-22 15:27:35.251  1537  2001 D VRR [OTI-HW]: keep rate.
04-22 15:27:35.251  2236  2340 I DisplayDeviceRepository: Display device changed render timings: "Built-in Screen", renderFrameRate=90.0, presentationDeadlineNanos=16100000, appVsyncOffsetNanos=1033333, frameRateOverrides=[]
04-22 15:27:35.252  2236  2340 D LogicalDisplayExt: set displayInfo flag FLAG_ROTATES_WITH_CONTENT
04-22 15:27:35.252  2236  2340 D DisplayManagerService: Delivering display event: displayId=0, event=EVENT_DISPLAY_REFRESH_RATE_CHANGED
04-22 15:27:35.252  3054  3054 D VRI[NotificationShade]: onFocusEvent true
04-22 15:27:35.253  3054  3054 D WallpaperServiceExtImpl: Block update resized of Surface(name=com.android.systemui.wallpapers.ImageWallpaper)/@0x38c4a42
04-22 15:27:35.253  3054  3054 W VRI[StatusBar]: handleResized abandoned!
04-22 15:27:35.253  3054  3054 W VRI[NotificationShade]: handleResized, msg:, frameChanged:false, configChanged:false, displayChanged:false, attachedFrameChanged:false, compatScaleChanged:false, pendingDragResizing=false
04-22 15:27:35.253  3054  3054 W VRI[NavigationBar_displayId_0]: handleResized abandoned!
04-22 15:27:35.253  2236  2338 D WindowManager: DeferredDisplayUpdater: partially applying DisplayInfo(1080 x 2400) immediately
04-22 15:27:35.254  2236  2236 E OplusGestureAnimationManagerPolicy: mScreenHeight:2400 mScreenWidth:1080 mRotation:0
04-22 15:27:35.254  2236  2338 D OplusVFXScreenEffectFeature: notifySFCompatWindowStateChange entered false
04-22 15:27:35.255  2236  2338 D FSS_FoldScreenBlackCoverController: displayChangeToOn, dc:Display{#0 state=ON size=1080x2400 ROTATION_0}
04-22 15:27:35.255  1537  1636 D [PREVIEW]: SF obtain preview_adapter: 0
04-22 15:27:35.255  1537  1636 D [PREVIEW]: TabletPreviewAdapter::parallel world 0
04-22 15:27:35.257  2236  2819 D AudioSystem: +setParameters(): screen_state=on 
04-22 15:27:35.257  3054  3054 E [OPLUS_AFS_CONFIG]: Failed to open AFS config file: /proc/oplus_afs_config/afs_config
04-22 15:27:35.257  3054  3054 E AFS_CONFIG: Failed to get scene config
04-22 15:27:35.257  3054  3054 E OplusAfsManager: afsConfigSceneConfigGet sceneType is null
04-22 15:27:35.257  3054  3054 I SystemUi--Common: AnimAfsManager-->enableAnimationCtrl key:6 enable:true, result: 0
04-22 15:27:35.256  1406  7336 I hwcomposer: [HWCDisplay] updateAppliedConfigState: applied config complete[idx:390295423507673, config:1]  
04-22 15:27:35.258  3054  3054 I PluginSeedling--Base: SeedlingPluginService-->onStateChange: Bundle[{state=onPanelExpandFractionChange, expandFrom=2, expandFraction=0.6647662}]
04-22 15:27:35.258  1440  1440 D OplusTouch: write 3 bytes
04-22 15:27:35.261  1497  4055 D AudioBoost: audioSchedBoost, pid=1497, tid=4055, enable=1, ret=0
04-22 15:27:35.261  1497  4055 D AudioFlingerExtImpl: AudioFlingerExtImpl oplusSetParameters: keyvalue screen_state=on
04-22 15:27:35.262  1396  2812 D AudioALSAHardware: +setParameters(): screen_state=on
04-22 15:27:35.262  1396  2812 D AudioALSAHardware: =====>GetInstance()->MMI_Auto_Test
04-22 15:27:35.262  1396  2812 D audio_engineer_test: do_audio_test_process Enter all_test[0]:NoneTest in_call:false
04-22 15:27:35.262  1396  2812 D AudioALSAStreamOut: +setScreenState(), flag 2, mode 1
04-22 15:27:35.262  1396  2812 D AudioALSAStreamOut: +setScreenState(), flag 8, mode 1
04-22 15:27:35.262  1396  2812 D AudioALSAStreamOut: +setScreenState(), flag 4, mode 1
04-22 15:27:35.262  1396  2812 D AudioALSAStreamOut: +setScreenState(), flag 32768, mode 1
04-22 15:27:35.262  1396  2812 D AudioALSAStreamOut: +setScreenState(), flag 65536, mode 1
04-22 15:27:35.263  1396  2812 D AudioALSAHardware: -setParameters(): screen_state=on
04-22 15:27:35.265  1497  4055 D AudioBoost: audioSchedBoost, pid=1497, tid=4055, enable=0, ret=0
04-22 15:27:35.271  3054  3415 D VRI[NotificationShade]: Received frameCommittedCallback lastAttemptedDrawFrameNum=3 didProduceBuffer=true syncBuffer=false
04-22 15:27:35.271  3054  3054 D VRI[NotificationShade]: draw finished. seqId=0
04-22 15:27:35.277  3054  3054 I SystemUi--Keyguard: OplusSoundRecorderQuickAffordanceConfig-->isEnabledForPickerStateOption:true
04-22 15:27:35.301  2236  2387 D VRR [OPlusRefreshRateService]: handleConfigIdChange physicalDisplayId: 4627039422300187648 configId: 1 renderPeriod: 11111111
04-22 15:27:35.302  3054  3054 I SystemUi--Keyguard: OplusRepeatWhenAttachedUnlock-->updateState: view.windowVisibility: 0, keyguardShow: false, isInPreviewMode: false, view.hasWindowFocus(): true
04-22 15:27:35.302  3054  3054 I SystemUi--Keyguard: OplusRepeatWhenAttachedUnlock-->updateState: view.windowVisibility: 0, keyguardShow: false, isInPreviewMode: false, view.hasWindowFocus(): true
04-22 15:27:35.303  3054  3054 I PluginSeedling--Base: SeedlingPluginService-->onStateChange: Bundle[{state=onPanelExpandFractionChange, expandFrom=2, expandFraction=0.8266035}]
04-22 15:27:35.304  3054  3054 I SystemUi--QuickSettings: StaggeredPagerLayoutManager_A-->[updatePadding] [2 * 3]-[456 * 228],horizontalSpace=0, verticalSpace=0
04-22 15:27:35.307  3054  3054 I KeyguardDisplayManager: onDisplayChanged displayId: 0
04-22 15:27:35.307  3054  3054 I SystemUi--Keyguard: KeyguardDisplayManagerExImpl-->orientationChanged=false, presentationDisplayChanged=false, lastPresentationWidth=0, lastPresentationHeight=0, lastPresentationDensity=0
04-22 15:27:35.308  3054  3054 I SystemUi--QuickSettings: OplusSeparateQSPluginImpl-->shouldHideStatusBar isFullyCollapsed true
04-22 15:27:35.308  3054  3054 I SystemUi--Statusbar: CollapsedSbFragment-->New visibilities calculated internally. StatusBarVisibilityModel(showClock: true showNotificationIcons:true showPrimaryOngoingActivityChip:false showSecondaryOngoingActivityChip:false showSystemInfo:true ) 
04-22 15:27:35.308  3054  3054 I SystemUi--Statusbar: CollapsedStatusBarFragmentExImpl-->animate: true, unlockAnimationRunning: false, fadingAway: false, keyguard: false
04-22 15:27:35.308  3054  3054 I SystemUi--Statusbar: CollapsedStatusBarFragmentExImpl-->StatusBarVisibilityModelEx: StatusBarVisibilityModelEx(showClock: true showPromptView:false showPrimaryOngoingActivityChip:false showSecondaryOngoingActivityChip:false showNotificationContainer:true showOpName:true showSeedlingContainer:true ), animate: true
04-22 15:27:35.308  3054  3054 I SystemUi--Statusbar: CollapsedStatusBarFragmentExImpl-->showClockChanged: false lastModifiedVisibility.showClock: true previousModelEx.showClock: true statusBarFragment?.clockHiddenMode(): 4 clockView?.visibility: 0
04-22 15:27:35.310  3054  3054 I PluginSeedling--Base: SeedlingPluginService-->onStateChange: Bundle[{state=onPanelExpandFractionChange, expandFrom=2, expandFraction=0.8486629}]
04-22 15:27:35.321  3054  3054 I PluginSeedling--Base: SeedlingPluginService-->onStateChange: Bundle[{state=onPanelExpandFractionChange, expandFrom=2, expandFraction=0.87216955}]
04-22 15:27:35.321  3054  3054 I SystemUi--Notification: NotificationPanelNsslScaleAnimationManagerImpl-->isShow=true, (startScale,startY) = (0.9 -30.0)
04-22 15:27:35.321  3054  3054 I SystemUi--Notification: ClearAllController-->onElementShowingChanged
04-22 15:27:35.321  3054  3054 I SystemUi--Notification: ClearAllController-->setVisible  visible true  targetAlpha 0.9237695 mDialogShowing false lastScreenState 3 showDismiss true
04-22 15:27:35.322  3054  3054 I SystemUi--Common: PanelAnimationEx-->isElementShowing: true
04-22 15:27:35.325  3054  3054 I SystemUi--Notification: NotificationPanelSeparateAnimation-->alphaAnimateTo isShow=true, startAlpha = 0.0
04-22 15:27:35.325  3054  3054 I SystemUi--Notification: NotificationPanelSeparateAnimation-->scaleAnimateTo isShow=true, startScale = 0.85
04-22 15:27:35.325  3054  3054 I SystemUi--Notification: NotificationPanelSeparateAnimation-->alphaAnimateTo isShow=true, startAlpha = 0.0
04-22 15:27:35.325  3054  3054 I SystemUi--Notification: NotificationPanelSeparateAnimation-->scaleAnimateTo isShow=true, startScale = 0.85
04-22 15:27:35.325  3054  3054 I SystemUi--Notification: NotificationPanelSeparateAnimation-->alphaAnimateTo isShow=true, startAlpha = 0.0
04-22 15:27:35.325  3054  3054 I SystemUi--Notification: NotificationPanelSeparateAnimation-->scaleAnimateTo isShow=true, startScale = 0.85
04-22 15:27:35.325  3054  3054 I SystemUi--Notification: NotificationPanelSeparateAnimation-->alphaAnimateTo isShow=true, startAlpha = 0.0
04-22 15:27:35.325  3054  3054 I SystemUi--Notification: NotificationPanelSeparateAnimation-->scaleAnimateTo isShow=true, startScale = 0.85
04-22 15:27:35.326  3054  3054 I SystemUi--Notification: NotificationPanelSeparateAnimation-->alphaAnimateTo isShow=true, startAlpha = 0.0
04-22 15:27:35.326  3054  3054 I SystemUi--Notification: NotificationPanelSeparateAnimation-->scaleAnimateTo isShow=true, startScale = 0.85
04-22 15:27:35.326  3054  3054 I SystemUi--Notification: NotificationPanelSeparateAnimation-->alphaAnimateTo isShow=true, startAlpha = 0.0
04-22 15:27:35.326  3054  3054 I SystemUi--Notification: NotificationPanelSeparateAnimation-->scaleAnimateTo isShow=true, startScale = 0.85
04-22 15:27:35.332  3054  3054 I PluginSeedling--Base: SeedlingPluginService-->onStateChange: Bundle[{state=onPanelExpandFractionChange, expandFrom=2, expandFraction=0.89229393}]
04-22 15:27:35.334  3054  3054 I SystemUi--Notification: NotificationPanelSeparateAnimation-->alphaAnimateTo isShow=true, startAlpha = 0.0
04-22 15:27:35.334  3054  3054 I SystemUi--Notification: NotificationPanelSeparateAnimation-->scaleAnimateTo isShow=true, startScale = 0.85
04-22 15:27:35.334  3054  3054 I SystemUi--Notification: NotificationPanelSeparateAnimation-->alphaAnimateTo isShow=true, startAlpha = 0.0
04-22 15:27:35.334  3054  3054 I SystemUi--Notification: NotificationPanelSeparateAnimation-->scaleAnimateTo isShow=true, startScale = 0.85
04-22 15:27:35.334  3054  3054 I SystemUi--Notification: NotificationPanelSeparateAnimation-->alphaAnimateTo isShow=true, startAlpha = 0.0
04-22 15:27:35.334  3054  3054 I SystemUi--Notification: NotificationPanelSeparateAnimation-->scaleAnimateTo isShow=true, startScale = 0.85
04-22 15:27:35.334  3054  3054 I SystemUi--Notification: NotificationPanelSeparateAnimation-->alphaAnimateTo isShow=true, startAlpha = 0.0
04-22 15:27:35.334  3054  3054 I SystemUi--Notification: NotificationPanelSeparateAnimation-->scaleAnimateTo isShow=true, startScale = 0.85
04-22 15:27:35.334  3054  3054 I SystemUi--Notification: NotificationPanelSeparateAnimation-->alphaAnimateTo isShow=true, startAlpha = 0.0
04-22 15:27:35.334  3054  3054 I SystemUi--Notification: NotificationPanelSeparateAnimation-->scaleAnimateTo isShow=true, startScale = 0.85
04-22 15:27:35.334  3054  3054 I SystemUi--Notification: NotificationPanelSeparateAnimation-->alphaAnimateTo isShow=true, startAlpha = 0.0
04-22 15:27:35.334  3054  3054 I SystemUi--Notification: NotificationPanelSeparateAnimation-->scaleAnimateTo isShow=true, startScale = 0.85
04-22 15:27:35.343  3054  3054 I PluginSeedling--Base: SeedlingPluginService-->onStateChange: Bundle[{state=onPanelExpandFractionChange, expandFrom=2, expandFraction=0.9080071}]
04-22 15:27:35.345  3054  3054 I SystemUi--Notification: NotificationPanelSeparateAnimation-->alphaAnimateTo isShow=true, startAlpha = 0.0
04-22 15:27:35.345  3054  3054 I SystemUi--Notification: NotificationPanelSeparateAnimation-->scaleAnimateTo isShow=true, startScale = 0.85
04-22 15:27:35.345  3054  3054 I SystemUi--Notification: NotificationPanelSeparateAnimation-->alphaAnimateTo isShow=true, startAlpha = 0.0
04-22 15:27:35.345  3054  3054 I SystemUi--Notification: NotificationPanelSeparateAnimation-->scaleAnimateTo isShow=true, startScale = 0.85
04-22 15:27:35.345  3054  3054 I SystemUi--Notification: NotificationPanelSeparateAnimation-->alphaAnimateTo isShow=true, startAlpha = 0.0
04-22 15:27:35.345  3054  3054 I SystemUi--Notification: NotificationPanelSeparateAnimation-->scaleAnimateTo isShow=true, startScale = 0.85
04-22 15:27:35.346  3054  3054 I SystemUi--Notification: NotificationPanelSeparateAnimation-->alphaAnimateTo isShow=true, startAlpha = 0.0
04-22 15:27:35.346  3054  3054 I SystemUi--Notification: NotificationPanelSeparateAnimation-->scaleAnimateTo isShow=true, startScale = 0.85
04-22 15:27:35.346  3054  3054 I SystemUi--Notification: NotificationPanelSeparateAnimation-->alphaAnimateTo isShow=true, startAlpha = 0.0
04-22 15:27:35.346  3054  3054 I SystemUi--Notification: NotificationPanelSeparateAnimation-->scaleAnimateTo isShow=true, startScale = 0.85
04-22 15:27:35.346  3054  3054 I SystemUi--Notification: NotificationPanelSeparateAnimation-->alphaAnimateTo isShow=true, startAlpha = 0.0
04-22 15:27:35.346  3054  3054 I SystemUi--Notification: NotificationPanelSeparateAnimation-->scaleAnimateTo isShow=true, startScale = 0.85
04-22 15:27:35.350  1806  2840 D AAL     : onALIChanged: 12 -> 66
04-22 15:27:35.354  3054  3054 I PluginSeedling--Base: SeedlingPluginService-->onStateChange: Bundle[{state=onPanelExpandFractionChange, expandFrom=2, expandFraction=0.92403877}]
04-22 15:27:35.356  3054  3054 I SystemUi--Notification: NotificationPanelSeparateAnimation-->alphaAnimateTo isShow=true, startAlpha = 0.0
04-22 15:27:35.356  3054  3054 I SystemUi--Notification: NotificationPanelSeparateAnimation-->scaleAnimateTo isShow=true, startScale = 0.85
04-22 15:27:35.356  3054  3054 I SystemUi--Notification: NotificationPanelSeparateAnimation-->alphaAnimateTo isShow=true, startAlpha = 0.0
04-22 15:27:35.356  3054  3054 I SystemUi--Notification: NotificationPanelSeparateAnimation-->scaleAnimateTo isShow=true, startScale = 0.85
04-22 15:27:35.356  3054  3054 I SystemUi--Notification: NotificationPanelSeparateAnimation-->alphaAnimateTo isShow=true, startAlpha = 0.0
04-22 15:27:35.356  3054  3054 I SystemUi--Notification: NotificationPanelSeparateAnimation-->scaleAnimateTo isShow=true, startScale = 0.85
04-22 15:27:35.356  3054  3054 I SystemUi--Notification: NotificationPanelSeparateAnimation-->alphaAnimateTo isShow=true, startAlpha = 0.0
04-22 15:27:35.356  3054  3054 I SystemUi--Notification: NotificationPanelSeparateAnimation-->scaleAnimateTo isShow=true, startScale = 0.85
04-22 15:27:35.356  3054  3054 I SystemUi--Notification: NotificationPanelSeparateAnimation-->alphaAnimateTo isShow=true, startAlpha = 0.0
04-22 15:27:35.356  3054  3054 I SystemUi--Notification: NotificationPanelSeparateAnimation-->scaleAnimateTo isShow=true, startScale = 0.85
04-22 15:27:35.365  3054  3054 I PluginSeedling--Base: SeedlingPluginService-->onStateChange: Bundle[{state=onPanelExpandFractionChange, expandFrom=2, expandFraction=0.93639356}]
04-22 15:27:35.367  3054  3054 I SystemUi--Notification: NotificationPanelSeparateAnimation-->alphaAnimateTo isShow=true, startAlpha = 0.0
04-22 15:27:35.367  3054  3054 I SystemUi--Notification: NotificationPanelSeparateAnimation-->scaleAnimateTo isShow=true, startScale = 0.85
04-22 15:27:35.367  3054  3054 I SystemUi--Notification: NotificationPanelSeparateAnimation-->alphaAnimateTo isShow=true, startAlpha = 0.0
04-22 15:27:35.367  3054  3054 I SystemUi--Notification: NotificationPanelSeparateAnimation-->scaleAnimateTo isShow=true, startScale = 0.85
04-22 15:27:35.367  3054  3054 I SystemUi--Notification: NotificationPanelSeparateAnimation-->alphaAnimateTo isShow=true, startAlpha = 0.0
04-22 15:27:35.367  3054  3054 I SystemUi--Notification: NotificationPanelSeparateAnimation-->scaleAnimateTo isShow=true, startScale = 0.85
04-22 15:27:35.367  3054  3054 I SystemUi--Notification: NotificationPanelSeparateAnimation-->alphaAnimateTo isShow=true, startAlpha = 0.0
04-22 15:27:35.367  3054  3054 I SystemUi--Notification: NotificationPanelSeparateAnimation-->scaleAnimateTo isShow=true, startScale = 0.85
04-22 15:27:35.367  3054  3054 I SystemUi--Notification: NotificationPanelSeparateAnimation-->alphaAnimateTo isShow=true, startAlpha = 0.0
04-22 15:27:35.367  3054  3054 I SystemUi--Notification: NotificationPanelSeparateAnimation-->scaleAnimateTo isShow=true, startScale = 0.85
04-22 15:27:35.376  3054  3054 I PluginSeedling--Base: SeedlingPluginService-->onStateChange: Bundle[{state=onPanelExpandFractionChange, expandFrom=2, expandFraction=0.94683105}]
04-22 15:27:35.378  3054  3054 I SystemUi--Notification: NotificationPanelSeparateAnimation-->alphaAnimateTo isShow=true, startAlpha = 0.0
