04-22 15:26:35.014 19746 19746 D cutils-dev: otrace_set_tracing_enabled? true tag:0
04-22 15:26:35.015 19746 19746 D cutils-dev: properties changed in otrace_seq_number_changed!
04-22 15:26:35.021  2236  3930 D SplitScreenAppReader: SPLIT_TOUCH support check:com.snaptube.premium = false
04-22 15:26:35.021  2236  3930 D ActivityTaskManagerServiceExtImpl: preBindApplication record is null
04-22 15:26:35.021  2236  3930 D RGBNormalizeServer: OplusRGBNormalize feature enabled ? false
04-22 15:26:35.022  2236  3930 D ResourcesManagerCache: For package com.snaptube.premium we got cacheList [null] appInfoExt is null ? false hasFeature ? false
04-22 15:26:35.028  2236  3930 E OplusDexOptimizeManager: Start app fature is off
04-22 15:26:35.028  3054  3054 W OPLUS_LOG_LOAD: ==LOGS PROG INFO, prog(com.android.systemui) ==
04-22 15:26:35.028  3054  3054 I SystemUi--Notification: SimpleQsClock-->textWidth:152.0, mPaddingEnd 18, dynamicWidth 200, systemFontScale 1.0
04-22 15:26:35.029  2236  2338 D OplusSplitScreenManagerService: com.android.settings unSupportsSplitScreen by blockList or ForbidActivityList
04-22 15:26:35.029  2236  2338 D OplusSplitScreenManagerService: com.android.settings unSupportsSplitScreen by blockList or ForbidActivityList
04-22 15:26:35.031  2236  4632 I OGuardManager_ModuleUsageUpdateHelper: do not get uid: 99942 pkgName is null.
04-22 15:26:35.038  1537  1537 I BufferQueueProducer: [StatusBar#98](this:0xb40000765c4fa2f8,id:-1,api:0,p:-1,c:1537) queueBuffer: fps=1.50 dur=1994.21 max=998.47 min=88.59
04-22 15:26:35.052 19746 19756 D OplusAppHeapManager: java.lang.NoSuchMethodException: dalvik.system.VMRuntime.updateProcessValue [int, int, int]
04-22 15:26:35.059  1537  1537 I BufferQueueProducer: [NotificationShade#161409](this:0xb4000076231b32f8,id:-1,api:0,p:-1,c:1537) queueBuffer: fps=2.48 dur=1207.67 max=1008.61 min=99.41
04-22 15:26:35.063   633   633 E lowmemorykiller: adj:1001 file_cache: 357768 free:7737
04-22 15:26:35.063   633   633 E lowmemorykiller: device has enough memory 1537936Kib, and freeMemory 30948Kib, disable killing(limit_killing:1468004Kib)
04-22 15:26:35.065 19746 19746 D CompactWindowAppManager: initCompactApplicationInfo CompactMode: , NormalMode: 
04-22 15:26:35.076 19746 19746 D OplusScrollToTopManager: setIsInWhiteList false
04-22 15:26:35.077 19746 19746 D OplusScrollManager: SpringScroll Config: [mOverScrollerEnable:true,mWebViewEnableSpringScroll:false,mAppRTOptEnable:false,mParamsConfig:4000,10000,3.8,3.4,0.2,WebConfig{level:-1,type:-1,viewName:,containerName:,blacklist:,whitelist:,blackhost:},RTConfig{rtWhiteList:[],rtExtraMap:{}}]
04-22 15:26:35.081 19320 19721 E CursorWindow: Failed alloc newOffset: 1540936mAllocOffset: 1540804mSlotsOffset: 1540928: No such file or directory
04-22 15:26:35.081 19320 19721 E CursorWindow: Failed NO_MEMORY: No such file or directory
04-22 15:26:35.084 19746 19746 D OplusViewDebugManager: OplusViewDebugManager Constructor android.view.debug.OplusViewDebugManager@66503f2 [mHasViewDebugProperty true] [mHasMsgDebugProperty false] [DEBUG false] [EXTRAINFOENABLE false] [LIGHT_OS true]
04-22 15:26:35.089  2236  3269 I Osense-PsiDetector: 1502,28,1779,4608,62,320,185,961,1693,678,721,0,6,6509
04-22 15:26:35.090  2236  3260 I Osense-BaseDecisionMaker: notifySceneToAthenaPolicy: SCENE_RES_MEM_PSI_NORMAL, bundle: Bundle[{memLevel=3}]
04-22 15:26:35.104 19746 19746 W libc    : Access denied finding property "ro.odm.prev.product.name"
04-22 15:26:35.106 19746 19746 W libc    : Access denied finding property "ro.vendor.oplus.gundam"
04-22 15:26:35.112 19746 19746 E OplusCustomizePackageManager: mIOplusCustomizePackageManagerService is null
04-22 15:26:35.113 19746 19746 E OplusCustomizePackageManager: mIOplusCustomizePackageManagerService is null
04-22 15:26:35.114 19746 19746 E OplusCustomizePackageManager: isOplusCertificatePackage Errorjava.lang.NullPointerException: Attempt to invoke interface method 'boolean android.os.customize.IOplusCustomizePackageManagerService.isOplusCertificatePackage(java.lang.String)' on a null object reference
04-22 15:26:35.114 19746 19746 D ApplicationLoaders: Returning zygote-cached class loader: /system/framework/android.test.base.jar
04-22 15:26:35.114 19746 19746 D ApplicationLoaders: Returning zygote-cached class loader: /system_ext/framework/androidx.window.extensions.jar
04-22 15:26:35.118 19746 19746 I ocessService0:0: AssetManager2(0x7386d7f428) locale list changing from [] to [en-GB]
04-22 15:26:35.129 19746 19746 D ResourcesManagerExtImpl: applyConfigurationToAppResourcesLocked app.getDisplayId() return callback.displayId:-1
04-22 15:26:35.134 19746 19746 I cr_WebViewApkApp: version=146.0.7680.177 (768017703) minSdkVersion=29 processName=com.google.android.webview:sandboxed_process0:org.chromium.content.app.SandboxedProcessService0:0 splits=<none>
04-22 15:26:35.139  2236  3930 I ActivityManager: Flag disabled. Ignoring finishAttachApplication from uid: 99942. pid: 19746
04-22 15:26:35.140 19746 19746 D OplusActivityManager: get AMS extension: android.os.BinderProxy@87fa9f9
04-22 15:26:35.143 19746 19746 I cr_ChildProcessService: Creating new ChildProcessService pid=19746
04-22 15:26:35.149  1410  1450 I sensors-hal-HfLooper: ambient light  16.000000
04-22 15:26:35.150  1806  2840 D AAL     : onALIChanged: 12 -> 16
04-22 15:26:35.162   633   633 E lowmemorykiller: adj:1001 file_cache: 357436 free:8069
04-22 15:26:35.163   633   633 E lowmemorykiller: device has enough memory 1537936Kib, and freeMemory 32276Kib, disable killing(limit_killing:1468004Kib)
04-22 15:26:35.180 19320 19320 I cr_CombinedPProvider: #linkNativeInternal() 1
04-22 15:26:35.188 19320 19320 I cr_AppResProvider: #getApplicationRestrictionsFromUserManager() Bundle[EMPTY_PARCEL]
04-22 15:26:35.189 19320 19320 I cr_PolicyProvider: #notifySettingsAvailable() 0
04-22 15:26:35.189 19320 19320 I cr_CombinedPProvider: #onSettingsAvailable() 0
04-22 15:26:35.189 19320 19320 I cr_CombinedPProvider: #flushPolicies()
04-22 15:26:35.240  3593  3593 D OplusTelephonyController: onSignalStrengthChanged: SignalStrength=SignalStrength:{mCdma=CellSignalStrengthCdma: cdmaDbm=2147483647 cdmaEcio=2147483647 evdoDbm=2147483647 evdoEcio=2147483647 evdoSnr=2147483647 level=0,mGsm=CellSignalStrengthGsm: rssi=2147483647 ber=2147483647 mTa=2147483647 mLevel=0,mWcdma=CellSignalStrengthWcdma: ss=2147483647 ber=2147483647 rscp=2147483647 ecno=2147483647 level=0,mTdscdma=CellSignalStrengthTdscdma: rssi=2147483647 ber=2147483647 rscp=2147483647 level=0,mLte=CellSignalStrengthLte: rssi=2147483647 rsrp=2147483647 rsrq=2147483647 rssnr=2147483647 cqiTableIndex=2147483647 cqi=2147483647 ta=2147483647 level=0 parametersUseForLevel=0,mNr=CellSignalStrengthNr:{ csiRsrp = 2147483647 csiRsrq = 2147483647 csiCqiTableIndex = 2147483647 csiCqiReport = [9] ssRsrp = -92 ssRsrq = -12 ssSinr = 16 level = 1 parametersUseForLevel = 0 timingAdvance = 2147483647 },primary=CellSignalStrengthNr}
04-22 15:26:35.242  3054  3054 D Tile.OplusCellularTile: refreshState: tile not listening, ignore
04-22 15:26:35.242  3723  3723 D SubsysEventListenerManager-SubsysTelephonyCallback[0]: onSignalStrengthsChanged
04-22 15:26:35.244  3054  3434 I SystemUi--Statusbar: MobileConnectionRepositoryImpl-->subId:1 isSoftSimCard:false slotId:0
04-22 15:26:35.263   633   633 E lowmemorykiller: adj:1001 file_cache: 357128 free:7397
04-22 15:26:35.263   633   633 E lowmemorykiller: device has enough memory 1534016Kib, and freeMemory 29588Kib, disable killing(limit_killing:1468004Kib)
04-22 15:26:35.280  2236  3931 I ActivityManager: Flag disabled. Ignoring finishAttachApplication from uid: 10307. pid: 19274
04-22 15:26:35.302  2236  3269 I Osense-PsiDetector: 1497,31,1779,4608,62,320,185,960,1684,665,725,0,6,6512
04-22 15:26:35.306 19320 19663 I MMKV    : <MMKV.cpp:1170::sync> MMKV::sync, SyncFlag = 0
04-22 15:26:35.324 19320 19562 D PluginGlobalConfig: reflectAppContext: invoke=com.snaptube.premium.app.PhoenixApplication@1b78b8b
04-22 15:26:35.341 19320 19562 I MMKV    : <MemoryFile.cpp:98::open> open fd[0x141], /data/user/0/com.snaptube.premium/files/mmkv/ytb_api_config
04-22 15:26:35.341 19320 19562 I MMKV    : <MemoryFile.cpp:203::mmap> mmap to address [0x7439c75000], oldPtr [0x0], [/data/user/0/com.snaptube.premium/files/mmkv/ytb_api_config]
04-22 15:26:35.341 19320 19562 I MMKV    : <MemoryFile.cpp:98::open> open fd[0x149], /data/user/0/com.snaptube.premium/files/mmkv/ytb_api_config.crc
04-22 15:26:35.341 19320 19562 I MMKV    : <MemoryFile.cpp:203::mmap> mmap to address [0x7439c70000], oldPtr [0x0], [/data/user/0/com.snaptube.premium/files/mmkv/ytb_api_config.crc]
04-22 15:26:35.344 19320 19562 I MMKV    : <MMKV_IO.cpp:84::loadFromFile> loading [ytb_api_config] with 543 actual size, file size 4096, InterProcess 0, meta info version:3
04-22 15:26:35.344 19320 19562 I MMKV    : <MMKV_IO.cpp:89::loadFromFile> loading [ytb_api_config] with crc 1695939837 sequence 1 version 3
04-22 15:26:35.344 19320 19562 I MMKV    : <MMKV_IO.cpp:133::loadFromFile> loaded [ytb_api_config] with 10 key-values
04-22 15:26:35.350  1806  2840 D AAL     : onALIChanged: 16 -> 21
04-22 15:26:35.353 19320 19562 I MMKV    : <MMKV.cpp:1170::sync> MMKV::sync, SyncFlag = 0
04-22 15:26:35.353 19320 19562 W naptube.premium: Unsupported class loader: java.lang.Class<o.x16>
04-22 15:26:35.364   633   633 E lowmemorykiller: adj:1001 file_cache: 354879 free:7818
04-22 15:26:35.364   633   633 E lowmemorykiller: device has enough memory 1526704Kib, and freeMemory 31272Kib, disable killing(limit_killing:1468004Kib)
04-22 15:26:35.382  2236  3718 I OplusHansManager : uid=10307, pkg=com.jio.myjio cannot transition from R to M, importance=high-adj
04-22 15:26:35.399  1411  1434 W android.hardware.thermal@2.0-service.mtk: parseMsg: Get from client TYPE=thermal_hal_notify NAME=SKIN
04-22 15:26:35.399  3646  3989 D DnsDomainBlock: onDnsEvent: latencyMs=0, returnCode=4, uid=10313
04-22 15:26:35.399  1411  1434 W android.hardware.thermal@2.0-service.mtk: parseMsg:name.c_str():SKIN
04-22 15:26:35.399  1411  1434 W android.hardware.thermal@2.0-service.mtk: parseMsg:tz notify:SKIN
04-22 15:26:35.399  1411  1434 I android.hardware.thermal@2.0-service.mtk: Wait to accept a connection
04-22 15:26:35.400  1411  1434 I android.hardware.thermal@2.0-impl: Sending notification:  Type: SKIN Name: SKIN CurrentValue: 54.572 ThrottlingStatus: SEVERE
04-22 15:26:35.400  1411  1434 I android.hardware.thermal@2.0-impl: sendThermalChangedCallback
04-22 15:26:35.401  2236  2827 E ThermalManagerService: No threshold found for shell_skin
04-22 15:26:35.401  2236  2827 E ThermalManagerService: No threshold found for shell_skin
04-22 15:26:35.403 19274 19274 I Choreographer: Skipped 43 frames!  The application may be doing too much work on its main thread.
04-22 15:26:35.409 19274 19274 E SchedAssist: open sharedFd failed with error=Permission denied
04-22 15:26:35.409 19274 19274 E SchedAssist: open sharedFd failed with error=Permission denied
04-22 15:26:35.409 19274 19274 E SchedAssist: open sharedFd failed with error=Permission denied
04-22 15:26:35.410   633   633 E lowmemorykiller: adj:1001 file_cache: 354217 free:7340
04-22 15:26:35.410   633   633 E lowmemorykiller: device has enough memory 1522144Kib, and freeMemory 29360Kib, disable killing(limit_killing:1468004Kib)
04-22 15:26:35.410  2236  3269 I Osense-PsiDetector: 1486,28,1779,4608,62,320,185,970,1675,659,724,0,6,6516
04-22 15:26:35.411  2236  3260 I Osense-BaseDecisionMaker: notifySceneToAthenaPolicy: SCENE_RES_MEM_PSI_NORMAL, bundle: Bundle[{memLevel=4}]
04-22 15:26:35.412  2236  3260 I Osense-BaseDecisionMaker: notifySceneToAthenaPolicy: SCENE_RES_MEM_PSI_LEAK, bundle: Bundle[{memLevel=4}]
04-22 15:26:35.416 19320 19562 W naptube.premium: Unsupported class loader: java.lang.Class<o.x16>
04-22 15:26:35.417 19320 19562 W naptube.premium: Unsupported class loader: java.lang.Class<o.x16>
04-22 15:26:35.418 19320 19562 I naptube.premium: Waiting for a blocking GC ClassLinker
04-22 15:26:35.434 19274 19274 I DynamicFramerate [FRTCConfigManager]: initFrameRateConfig: 
04-22 15:26:35.434 19274 19274 I DynamicFramerate [FRTCConfigManager]: 	levelsFor120hz: [120, 60]
04-22 15:26:35.434 19274 19274 I DynamicFramerate [FRTCConfigManager]: 	thresholdsFor120hz: [200]
04-22 15:26:35.434 19274 19274 I DynamicFramerate [FRTCConfigManager]: 	levelsFor90hz: [90]
04-22 15:26:35.434 19274 19274 I DynamicFramerate [FRTCConfigManager]: 	thresholdsFor90hz: []
04-22 15:26:35.434 19274 19274 I DynamicFramerate [FRTCConfigManager]: FRTCConfigManager: FRTC_CAPABILITY = 120, package name = com.jio.myjio, WINDOW_ANIMATION_SPEED_RATE = 10, SCROLL_ANIMATION_SPEED_RATE = 20, PACKAGE_ENABLE = false
04-22 15:26:35.435 19274 19274 I DynamicFramerate [DynamicFrameRateController]: init info: mPackageName = com.jio.myjio, mIsEnabled = false
04-22 15:26:35.474  2236  3746 I OplusCpuLimitManager: OplusCpuHighLoad: newLoadLevel=2, newMngLevel=2, (nl_load=2, nl_thermal=1, nl_scene=1), curMngLevel=2, CL=80, curWinCL=80, curShortWinCL= 79, latestCL=71, latestThermalLevel=11, expHlScene=false
04-22 15:26:35.511   633   633 E lowmemorykiller: adj:1001 file_cache: 355121 free:7243
04-22 15:26:35.511   633   633 E lowmemorykiller: device has enough memory 1522832Kib, and freeMemory 29372Kib, disable killing(limit_killing:1468004Kib)
04-22 15:26:35.534  3646  3989 D DnsDomainBlock: onDnsEvent: latencyMs=0, returnCode=4, uid=10313
04-22 15:26:35.550 18584 18590 W head:projection: userfaultfd: MOVE ioctl seems unsupported: Connection timed out
04-22 15:26:35.579  3646  3989 D DnsDomainBlock: onDnsEvent: latencyMs=0, returnCode=4, uid=10313
04-22 15:26:35.588 19320 19328 W naptube.premium: userfaultfd: MOVE ioctl seems unsupported: Connection timed out
04-22 15:26:35.596 24351 19794 D AdvertisingIdClient: AdvertisingIdClient already created.
04-22 15:26:35.596 24351 19794 D AdvertisingIdClient: AdvertisingIdClient is not bounded. Starting to bind it...
04-22 15:26:35.611   633   633 E lowmemorykiller: adj:1001 file_cache: 354023 free:9425
04-22 15:26:35.611   633   633 E lowmemorykiller: device has enough memory 1526844Kib, and freeMemory 37720Kib, disable killing(limit_killing:1468004Kib)
04-22 15:26:35.612 24351 19794 D AdvertisingIdClient: AdvertisingIdClient is bounded
04-22 15:26:35.620 24351 19794 I AdvertisingIdClient: shouldSendLog -1
04-22 15:26:35.620 24351 19794 I AdvertisingIdClient: GetInfoInternal elapse 24ms
04-22 15:26:35.627  7576  7576 D BoundBrokerSvc: onRebind: Intent { act=com.google.android.gms.common.telemetry.service.START dat=chimera-action:/... xflg=0x4 cmp=com.google.android.gms/.chimera.PersistentApiService mCallingUid=10109 }
04-22 15:26:35.639 24351 24351 I AdvertisingIdClient: getting error as 17: API: ClientTelemetry.API is not available on this device. Connection failed with: ConnectionResult{statusCode=API_DISABLED, resolution=null, message=null, clientMethodKey=null}
04-22 15:26:35.656 19320 19810 W chromium: [WARNING:net/dns/dns_config_service_android.cc:69] Failed to read DnsConfig.
04-22 15:26:35.665  3646  3989 D DnsDomainBlock: onDnsEvent: latencyMs=0, returnCode=4, uid=10313
04-22 15:26:35.712   633   633 E lowmemorykiller: adj:1001 file_cache: 355401 free:10989
04-22 15:26:35.712   633   633 E lowmemorykiller: device has enough memory 1536656Kib, and freeMemory 43956Kib, disable killing(limit_killing:1468004Kib)
04-22 15:26:35.715  7576 24531 W GetConfigSnapshotOp: Succeeded but not registered: com.google.android.libraries.performance.primes#com.android.vending [CONTEXT service_id=51 ]
04-22 15:26:35.719 19129 19168 I Finsky:background: [1630] playLoggingServerUrl: https://play.googleapis.com/play/log
04-22 15:26:35.719 19129 19168 I Finsky:background: [1630] playLoggingServerTimestampUrl: https://play.googleapis.com/play/log/timestamp
04-22 15:26:35.735 24351 24351 D BoundBrokerSvc: onBind: Intent { act=com.google.android.gms.safebrowsing.SafeBrowsingService.START dat=chimera-action:/... xflg=0x4 cmp=com.google.android.gms/.chimera.GmsBoundBrokerService mCallingUid=10313 }
04-22 15:26:35.736 24351 24351 D BoundBrokerSvc: Loading bound service for intent: Intent { act=com.google.android.gms.safebrowsing.SafeBrowsingService.START dat=chimera-action:/... xflg=0x4 cmp=com.google.android.gms/.chimera.GmsBoundBrokerService mCallingUid=10313 }
04-22 15:26:35.752 19320 19320 W chromium: [WARNING:android_webview/browser/network_service/net_helpers.cc:137] HTTP Cache size is: 20971520
04-22 15:26:35.754 19320 19562 I naptube.premium: WaitForGcToComplete blocked ClassLinker on Background for 335.359ms
04-22 15:26:35.754  1806  2840 D AAL     : onALIChanged: 21 -> 14
04-22 15:26:35.782 19320 19604 I MMKV    : <MMKV_IO.cpp:515::writeActualSize> [pag_sp_bad_par] increase sequence to 621, crc 286992455, actualSize 856
04-22 15:26:35.783 19320 19604 I MMKV    : <MMKV.cpp:1170::sync> MMKV::sync, SyncFlag = 1
04-22 15:26:35.791 19320 19811 I MMKV    : <MMKV.cpp:1170::sync> MMKV::sync, SyncFlag = 0
04-22 15:26:35.796 19320 19330 W System  : A resource failed to call close. 
04-22 15:26:35.798 19320 19330 W System  : A resource failed to call close. 
04-22 15:26:35.813   633   633 E lowmemorykiller: adj:1001 file_cache: 355071 free:14443
04-22 15:26:35.813   633   633 E lowmemorykiller: device has enough memory 1549256Kib, and freeMemory 57916Kib, disable killing(limit_killing:1468004Kib)
04-22 15:26:35.822 19320 19831 I CameraManagerExtImpl: packagename is com.snaptube.premium
04-22 15:26:35.823 19320 19831 I OplusCameraManager: saveOpPackageName, mOpPackageName: com.snaptube.premium
04-22 15:26:35.838  3646  3989 D DnsDomainBlock: onDnsEvent: latencyMs=0, returnCode=4, uid=10313
04-22 15:26:35.838 19320 19831 I OplusCameraManagerGlobal: setClientInfo, packageName: com.snaptube.premium, uid: 10313, pid: 19320
04-22 15:26:35.838 19320 19831 I OplusCameraManagerGlobal: Connecting to camera service
04-22 15:26:35.840 19320 19831 I CameraManagerGlobal: Connecting to camera service
04-22 15:26:35.842   633   633 E lowmemorykiller: adj:1001 file_cache: 355585 free:13883
04-22 15:26:35.842   633   633 E lowmemorykiller: device has enough memory 1549540Kib, and freeMemory 55600Kib, disable killing(limit_killing:1468004Kib)
04-22 15:26:35.842  2236  3255 I Osense-BaseDecisionMaker: notifySceneToAthenaPolicy: SCENE_RES_IO_PSI, bundle: Bundle[{ioLevel=3}]
04-22 15:26:35.842  2236  3255 I Osense-BaseDecisionMaker: OSense not supported scene! SCENE_RES_IO_PSI
04-22 15:26:35.857 19320 19704 I WM-WorkerWrapper: Worker result SUCCESS for Work [ id=43f304a3-780c-479f-91ee-59e9dbaa28ad, tags={ com.snaptube.premium.clean.CleanWorkManager$ChargingWorker } ]
04-22 15:26:35.862 19320 19562 D PluginGlobalConfig: reflectAppContext: invoke=com.snaptube.premium.app.PhoenixApplication@1b78b8b
04-22 15:26:35.863 19320 19604 I MMKV    : <MMKV.cpp:1170::sync> MMKV::sync, SyncFlag = 0
04-22 15:26:35.895  3646  3989 D DnsDomainBlock: onDnsEvent: latencyMs=0, returnCode=4, uid=10313
04-22 15:26:35.897  1694 31341 I AttributionAndPermissionUtils: checkPermission (forDataDelivery 0 startDataDelivery 0): Permission hard denied for client attribution [uid 10313, pid 19320, packageName "<unknown>"]
04-22 15:26:35.914 24351 19794 D AdvertisingIdClient: AdvertisingIdClient already created.
04-22 15:26:35.917  1694 31341 I AttributionAndPermissionUtils: checkPermission (forDataDelivery 0 startDataDelivery 0): Permission hard denied for client attribution [uid 10313, pid 19320, packageName "<unknown>"]
04-22 15:26:35.920 24351 19794 I AdvertisingIdClient: shouldSendLog -1
04-22 15:26:35.920 24351 19794 I AdvertisingIdClient: GetInfoInternal elapse 5ms
04-22 15:26:35.923 19320 19603 I MMKV    : <MMKV.cpp:1170::sync> MMKV::sync, SyncFlag = 0
04-22 15:26:35.926 24351 24351 I AdvertisingIdClient: getting error as 17: API: ClientTelemetry.API is not available on this device. Connection failed with: ConnectionResult{statusCode=API_DISABLED, resolution=null, message=null, clientMethodKey=null}
04-22 15:26:35.942  3646  3989 D DnsDomainBlock: onDnsEvent: latencyMs=0, returnCode=4, uid=10313
04-22 15:26:35.943  2236  2350 I QosScheduler[QoSPolicy]: setSceneQoS begin:false sceneId:5
04-22 15:26:35.945   633   633 E lowmemorykiller: adj:1001 file_cache: 358443 free:10906
04-22 15:26:35.946   633   633 E lowmemorykiller: device has enough memory 1547024Kib, and freeMemory 44712Kib, disable killing(limit_killing:1468004Kib)
04-22 15:26:35.972  3646  3989 D DnsDomainBlock: onDnsEvent: latencyMs=0, returnCode=4, uid=10313
04-22 15:26:35.983  2236  3930 E OplusDexOptimizeManager: Start app fature is off
04-22 15:26:35.990  1443  1475 D vendor.oplus.hardware.charger-V9-service: ret_value:129, read content:,473,474,3816,3804,153,500,1000,36,36,1,4,-1,4957,36,1,0,1,1,0,0,4090,0,2,0,2,0,0,0,-2740,0,1,1,0,0,40,40,40,0,0,0,0,0,0,0,0,0,0
04-22 15:26:35.990  1443  1475 D vendor.oplus.hardware.charger-V9-service: gmtime: 2026-04-22-15-26-35
04-22 15:26:35.992  1443  1475 D vendor.oplus.hardware.charger-V9-service: usb_online:1, ac_online:0, wireless_online:-2147483648
04-22 15:26:36.011 19320 19604 D nativeloader: Load /data/app/~~8kXxvDdNQrqGEi_l-oAK5g==/com.snaptube.premium-C08MtLDhYm8VxwXiNf1yIw==/lib/arm64/libnms.so using class loader ns clns-9 (caller=/data/app/~~8kXxvDdNQrqGEi_l-oAK5g==/com.snaptube.premium-C08MtLDhYm8VxwXiNf1yIw==/base.apk!classes4.dex): ok
04-22 15:26:36.013 19320 19604 I MMKV    : <MemoryFile.cpp:98::open> open fd[0x17a], /data/user/0/com.snaptube.premium/files/mmkv/ss_config
04-22 15:26:36.013 19320 19604 I MMKV    : <MemoryFile.cpp:203::mmap> mmap to address [0x7439c80000], oldPtr [0x0], [/data/user/0/com.snaptube.premium/files/mmkv/ss_config]
04-22 15:26:36.013 19320 19604 I MMKV    : <MemoryFile.cpp:98::open> open fd[0x184], /data/user/0/com.snaptube.premium/files/mmkv/ss_config.crc
04-22 15:26:36.013 19320 19604 I MMKV    : <MemoryFile.cpp:203::mmap> mmap to address [0x7439c7f000], oldPtr [0x0], [/data/user/0/com.snaptube.premium/files/mmkv/ss_config.crc]
04-22 15:26:36.015 19320 19604 I MMKV    : <MMKV_IO.cpp:214::loadMetaInfoAndCheck> meta file [ss_config] has flag [0]
04-22 15:26:36.017 19320 19604 I MMKV    : <MMKV_IO.cpp:84::loadFromFile> loading [ss_config] with 778 actual size, file size 4096, InterProcess 0, meta info version:4
04-22 15:26:36.017 19320 19604 I MMKV    : <MMKV_IO.cpp:89::loadFromFile> loading [ss_config] with crc 401050586 sequence 1 version 4
04-22 15:26:36.017 19320 19604 I MMKV    : <MMKV_IO.cpp:133::loadFromFile> loaded [ss_config] with 22 key-values
04-22 15:26:36.018 19320 19678 I MMKV    : <MMKV.cpp:1170::sync> MMKV::sync, SyncFlag = 0
04-22 15:26:36.023 19320 19853 D nativeloader: Load /data/app/~~8kXxvDdNQrqGEi_l-oAK5g==/com.snaptube.premium-C08MtLDhYm8VxwXiNf1yIw==/lib/arm64/libpglarmor.so using class loader ns clns-9 (caller=/data/app/~~8kXxvDdNQrqGEi_l-oAK5g==/com.snaptube.premium-C08MtLDhYm8VxwXiNf1yIw==/base.apk): ok
04-22 15:26:36.026  3054  3054 I SystemUi--Notification: SimpleQsClock-->textWidth:152.0, mPaddingEnd 18, dynamicWidth 200, systemFontScale 1.0
04-22 15:26:36.046   633   633 E lowmemorykiller: adj:1001 file_cache: 358061 free:11458
04-22 15:26:36.046   633   633 E lowmemorykiller: device has enough memory 1547152Kib, and freeMemory 46536Kib, disable killing(limit_killing:1468004Kib)
04-22 15:26:36.066 19320 19853 E ignored : java.lang.NullPointerException: Attempt to invoke virtual method 'java.lang.Object android.content.Context.getSystemService(java.lang.String)' on a null object reference
04-22 15:26:36.066 19320 19853 E ignored : java.lang.NullPointerException: Attempt to invoke virtual method 'java.lang.Object android.content.Context.getSystemService(java.lang.String)' on a null object reference
04-22 15:26:36.077  3646  3989 D DnsDomainBlock: onDnsEvent: latencyMs=0, returnCode=4, uid=10313
04-22 15:26:36.115 19320 19838 E fullScanRootDirFile: fullScanRootDirFile: core5
04-22 15:26:36.122 19320 19854 E libc    : The property "ro.build.fingerprint" has a value with length 92 that is too large for __system_property_get()/__system_property_read(); use __system_property_read_callback() instead.
04-22 15:26:36.125 19320 19857 E ignored : java.lang.NullPointerException: Attempt to invoke virtual method 'java.lang.Object android.content.Context.getSystemService(java.lang.String)' on a null object reference
04-22 15:26:36.126 19320 19857 E ignored : java.lang.NullPointerException: Attempt to invoke virtual method 'java.lang.Object android.content.Context.getSystemService(java.lang.String)' on a null object reference
04-22 15:26:36.126  2236  2252 I system_server: Background young concurrent mark compact GC freed 16MB AllocSpace bytes, 13(1200KB) LOS objects, 11% free, 138MB/156MB, paused 10.932ms,9.469ms total 644.740ms
04-22 15:26:36.146   633   633 E lowmemorykiller: adj:1001 file_cache: 355558 free:13868
04-22 15:26:36.147   633   633 E lowmemorykiller: device has enough memory 1546100Kib, and freeMemory 55680Kib, disable killing(limit_killing:1468004Kib)
04-22 15:26:36.150  1806  2840 D AAL     : onALIChanged: 14 -> 19
04-22 15:26:36.167  2236  3269 I Osense-PsiDetector: 1505,49,1730,4608,63,320,185,944,1679,643,744,0,6,6579
04-22 15:26:36.167  2236  3260 I Osense-BaseDecisionMaker: notifySceneToAthenaPolicy: SCENE_RES_MEM_PSI_NORMAL, bundle: Bundle[{memLevel=3}]
04-22 15:26:36.182 19320 19863 W naptube.premium: Weak pointer dereference blocked for 12 milliseconds.
04-22 15:26:36.182 19320 19854 W naptube.premium: Weak pointer dereference blocked for 11 milliseconds.
04-22 15:26:36.196 19320 19854 W libc    : Access denied finding property "ro.serialno"
04-22 15:26:36.237 19320 19604 I MMKV    : <MMKV.cpp:1170::sync> MMKV::sync, SyncFlag = 0
04-22 15:26:36.247   633   633 E lowmemorykiller: adj:1001 file_cache: 356115 free:10841
04-22 15:26:36.247   633   633 E lowmemorykiller: device has enough memory 1536012Kib, and freeMemory 43364Kib, disable killing(limit_killing:1468004Kib)
04-22 15:26:36.249 19320 19604 I naptube.premium: AssetManager2(0xb400007225c5e228) locale list changing from [] to [en]
04-22 15:26:36.275  2236  3718 I OplusHansManager : uid=10313, pkg=com.snaptube.premium M enter(), R stay=6
04-22 15:26:36.309 19320 19580 I MMKV    : <MMKV.cpp:1170::sync> MMKV::sync, SyncFlag = 0
04-22 15:26:36.310 19320 19580 I MMKV    : <MMKV_IO.cpp:515::writeActualSize> [com.sensorsdata.analytics.android.sdk.SensorsDataAPI] increase sequence to 3579, crc 450304952, actualSize 1270
04-22 15:26:36.310 19320 19580 I MMKV    : <MMKV.cpp:1170::sync> MMKV::sync, SyncFlag = 1
04-22 15:26:36.332 19320 19580 I MMKV    : <MMKV.cpp:1170::sync> MMKV::sync, SyncFlag = 0
04-22 15:26:36.343  3723  3723 D SubsysEventListenerManager-SubsysTelephonyCallback[0]: onDataActivity
04-22 15:26:36.343  3723  3723 D DataService[0]: onDataActivity direction:0
04-22 15:26:36.345  3054  3054 D Tile.OplusCellularTile: refreshState: tile not listening, ignore
04-22 15:26:36.347  3054  3434 I SystemUi--Statusbar: MobileConnectionRepositoryImpl-->subId:1 isSoftSimCard:false slotId:0
04-22 15:26:36.347 19320 19581 I naptube.premium: IncrementDisableThreadFlip blocked for 59.567ms
04-22 15:26:36.348   633   633 E lowmemorykiller: adj:1001 file_cache: 357669 free:9470
04-22 15:26:36.348   633   633 E lowmemorykiller: device has enough memory 1535732Kib, and freeMemory 37880Kib, disable killing(limit_killing:1468004Kib)
04-22 15:26:36.351 19320 19581 I SQLiteConnection: operation elapsed time: 2123 ms, Long db operation: /data/user/0/com.snaptube.premium/databases/media.db
04-22 15:26:36.355 19320 19580 I MMKV    : <MMKV.cpp:1170::sync> MMKV::sync, SyncFlag = 0
04-22 15:26:36.377  1537  1537 I BufferQueueProducer: [NotificationShade#161409](this:0xb4000076231b32f8,id:-1,api:0,p:-1,c:1537) queueBuffer: fps=2.28 dur=1318.27 max=974.45 min=11.16
04-22 15:26:36.377  1537  1537 I BufferQueueProducer: [StatusBar#98](this:0xb40000765c4fa2f8,id:-1,api:0,p:-1,c:1537) queueBuffer: fps=1.49 dur=1339.89 max=996.57 min=343.32
04-22 15:26:36.383  2236  3269 I Osense-PsiDetector: 1496,34,1730,4608,63,320,185,955,1686,645,751,0,6,6580
04-22 15:26:36.389 28470 28937 I ehai    : (REDACTED) appOpsListener %s %s
04-22 15:26:36.390 28470 28937 I ehai    : (REDACTED) Ignoring irrelevant audio permission changes for package %s
04-22 15:26:36.401  1411  1434 W android.hardware.thermal@2.0-service.mtk: parseMsg: Get from client TYPE=thermal_hal_notify NAME=SKIN
04-22 15:26:36.401  1411  1434 W android.hardware.thermal@2.0-service.mtk: parseMsg:name.c_str():SKIN
04-22 15:26:36.401  1411  1434 W android.hardware.thermal@2.0-service.mtk: parseMsg:tz notify:SKIN
04-22 15:26:36.401  1411  1434 I android.hardware.thermal@2.0-service.mtk: Wait to accept a connection
04-22 15:26:36.402  1411  1434 I android.hardware.thermal@2.0-impl: Sending notification:  Type: SKIN Name: SKIN CurrentValue: 54.595 ThrottlingStatus: SEVERE
04-22 15:26:36.402  1411  1434 I android.hardware.thermal@2.0-impl: sendThermalChangedCallback
04-22 15:26:36.403  2236  2827 E ThermalManagerService: No threshold found for shell_skin
04-22 15:26:36.403  2236  2827 E ThermalManagerService: No threshold found for shell_skin
04-22 15:26:36.421  2236  3930 D OplusResolverIntentUtil: The MIME data type of this intent is browser
04-22 15:26:36.421  2236  3930 D OplusResolveInfoHelper: getCloudBlackList = {}
04-22 15:26:36.447   633   633 E lowmemorykiller: adj:1001 file_cache: 356808 free:9046
04-22 15:26:36.447   633   633 E lowmemorykiller: device has enough memory 1530608Kib, and freeMemory 36284Kib, disable killing(limit_killing:1468004Kib)
04-22 15:26:36.452 19320 19604 I MMKV    : <MMKV.cpp:1170::sync> MMKV::sync, SyncFlag = 0
04-22 15:26:36.455 19320 19604 W Settings: Setting animator_duration_scale has moved from android.provider.Settings.System to android.provider.Settings.Global, returning read-only value.
04-22 15:26:36.469 19320 19621 E ignored : java.lang.NullPointerException: Attempt to invoke virtual method 'java.lang.Object android.content.Context.getSystemService(java.lang.String)' on a null object reference
04-22 15:26:36.469 19320 19621 E ignored : java.lang.NullPointerException: Attempt to invoke virtual method 'java.lang.Object android.content.Context.getSystemService(java.lang.String)' on a null object reference
04-22 15:26:36.470  1376  1376 D Zygote  : Forked child process 19872
04-22 15:26:36.472  2236  2356 I ActivityManager: Start proc 19872:com.android.chrome/u0a145 for service {com.android.chrome/org.chromium.chrome.browser.customtabs.CustomTabsConnectionService}
04-22 15:26:36.472  1537  2001 D VRR [OTI]: handleIdle from 1 to 0
04-22 15:26:36.472  1537  2001 D VRR [OTI-HW]: isStateReady 0
04-22 15:26:36.472  1537  2001 D VRR [OTI-HW]: keep rate.
04-22 15:26:36.473  2236  2338 I ActivityManager: ProcessObserver broadcast disabled
04-22 15:26:36.473  2236  2922 D GestureLog_OplusMultiPointerDetector: onTouchEvent------>start, mCurNumPointers=1, mCurrStatus=0 mIsDownIntervalTimeout=true, action=0 downTime=390236640 deviceId=2
04-22 15:26:36.473  2236  3275 I [UAH_CLIENT]: UahEventAcquire, cmdid:37, pkg:none, identity:OplusUAwareInputHelper
04-22 15:26:36.474  1584  1584 I touch_boost: enable=1, render_deboost=1, active_time=100, duration=200, idleprefer(TA,FG)=(0,1), util(TA,FG)=(80,0), freq(c0,c1,c2)=(1800000,2000000,0)
04-22 15:26:36.474  3054  3054 E IJankManager: slideSceneEnd unknown scene 1000 mScene:-1
04-22 15:26:36.474  2236  2382 D PowerManagerService: userActivityNoUpdateLocked: groupId=0, eventTime=390236640, event=touch, flags=0x0, uid=1000
04-22 15:26:36.475  2236  3275 D UAH-UahAdaptHelper: adaptSetNotification identity = OplusUAwareInputHelpersrc = 1000 , type 0 ,p1 = -1 ,p2 = -1 ,p3 = -1 ,p4 =
04-22 15:26:36.475  2236  3275 I [UAH_CLIENT]: uahRuleCtl, ruleId:1000, status:0
04-22 15:26:36.475  3646  3989 D DnsDomainBlock: onDnsEvent: latencyMs=0, returnCode=4, uid=10313
04-22 15:26:36.475  2236  4640 I OStatsManager_OplusBatteryStatsManager: updateStateTime: PkgName = com.android.chrome, uid = 10145, state to bg, mForegroundCnt = 0, isFg = false
04-22 15:26:36.476  1537  2008 D SurfaceFlinger: calculateTimeoutTime, triggerInterval = 2 sec + 999999692 nsec
04-22 15:26:36.477  3054  3054 I SystemUi--Statusbar: NotifShadeWindowVC-->isSeparaOrMergeQsVisible: true
04-22 15:26:36.477  1421  1531 I [UAH_CLIENT]: UahPlatformResAcquire
04-22 15:26:36.478  1421  1531 I [UAH_CLIENT]: UahEventAcquire, cmdid:-3, pkg:1584 1584, identity:mtk-powerd
04-22 15:26:36.480  3054  3054 I SystemUi--Common: ScrollTranslationValue-->resetPanelTranslationY
04-22 15:26:36.483  3054  4450 I [UAH_CLIENT]: UahRelease, handle:468098
04-22 15:26:36.484  3054  4450 I [UAH_CLIENT]: UahEventAcquire, cmdid:97, pkg:none, identity:OsenseHelperImpl
04-22 15:26:36.484 19320 19617 E ignored : java.lang.NullPointerException: Attempt to invoke virtual method 'java.lang.Object android.content.Context.getSystemService(java.lang.String)' on a null object reference
04-22 15:26:36.484  3054  3054 I SystemUi--Keyguard: KeyguardStyleClockController-->isTouchInAnyWidget false
04-22 15:26:36.485  3054  3054 I SystemUi--Notification: NotificationPanelView-->onInterceptTouchEvent mAnimatingOnDown false mClosing false mIsSpringBackAnimation false
04-22 15:26:36.485 19320 19617 E ignored : java.lang.NullPointerException: Attempt to invoke virtual method 'java.lang.Object android.content.Context.getSystemService(java.lang.String)' on a null object reference
04-22 15:26:36.490   633   633 E lowmemorykiller: adj:1001 file_cache: 355492 free:9610
04-22 15:26:36.490   633   633 E lowmemorykiller: device has enough memory 1527600Kib, and freeMemory 38540Kib, disable killing(limit_killing:1468004Kib)
04-22 15:26:36.490  2236  3269 I Osense-PsiDetector: 1491,37,1730,4608,63,320,185,957,1678,639,749,0,6,6581
04-22 15:26:36.490  2236  3260 I Osense-BaseDecisionMaker: notifySceneToAthenaPolicy: SCENE_RES_MEM_PSI_NORMAL, bundle: Bundle[{memLevel=4}]
04-22 15:26:36.494  2236  3260 I Osense-BaseDecisionMaker: notifySceneToAthenaPolicy: SCENE_RES_MEM_PSI_LEAK, bundle: Bundle[{memLevel=4}]
04-22 15:26:36.496  1421  1480 E libPowerHal: [getCPUFreq] error cid:2, nClusterNum:2
04-22 15:26:36.497  1421  1531 I [UAH_CLIENT]: UahPlatformResAcquire
04-22 15:26:36.497  1421  1531 I [UAH_CLIENT]: UahEventAcquire, cmdid:-3, pkg:1421 1480, identity:mtk-powerd
04-22 15:26:36.504 19320 19617 E ignored : java.lang.NullPointerException: Attempt to invoke virtual method 'java.lang.Object android.content.Context.getSystemService(java.lang.String)' on a null object reference
04-22 15:26:36.504 19320 19617 E ignored : java.lang.NullPointerException: Attempt to invoke virtual method 'java.lang.Object android.content.Context.getSystemService(java.lang.String)' on a null object reference
04-22 15:26:36.509 19320 19617 E ignored : java.lang.NullPointerException: Attempt to invoke virtual method 'java.lang.Object android.content.Context.getSystemService(java.lang.String)' on a null object reference
04-22 15:26:36.511  3054  3054 I SystemUi--Notification: NotificationClickEffect-->NOTIFICATION_CLICK_EFFECT-->clickRow = 0|com.android.systemui|10005|null|10197, isRevert = false, triggerClick = false, click reason = REASON_NORMAL_ROW_OR_CHILD_ROW_IN_GROUP, custEndAction = null,  row.isAttachedToWindow = true, row.isHasHandleDownEventAnim = false
04-22 15:26:36.527 19320 19617 E ignored : java.lang.NullPointerException: Attempt to invoke virtual method 'java.lang.Object android.content.Context.getSystemService(java.lang.String)' on a null object reference
04-22 15:26:36.528 19872 19872 E .android.chrome: Unknown bits set in runtime_flags: 0x40000000
04-22 15:26:36.529 19872 19872 I .android.chrome: Using CollectorTypeCMC GC.
04-22 15:26:36.542 19320 19617 E ignored : java.lang.NullPointerException: Attempt to invoke virtual method 'java.lang.Object android.content.Context.getSystemService(java.lang.String)' on a null object reference
04-22 15:26:36.542 19320 19617 E ignored : java.lang.NullPointerException: Attempt to invoke virtual method 'java.lang.Object android.content.Context.getSystemService(java.lang.String)' on a null object reference
04-22 15:26:36.551  1806  2840 D AAL     : onALIChanged: 19 -> 22
04-22 15:26:36.554 19870 19870 E Parcel  : Attempt to read or write from protected data in Parcel 0x7fd3a84630. pos: 0, nextObject: 0, object offset: 0, object size: 24
04-22 15:26:36.554 19870 19870 E Parcel  : Attempt to read or write from protected data in Parcel 0x7fd3a84630. pos: 4, nextObject: 0, object offset: 0, object size: 24
04-22 15:26:36.555 19870 19870 E Parcel  : Attempt to read or write from protected data in Parcel 0x7fd3a84630. pos: 8, nextObject: 0, object offset: 0, object size: 24
04-22 15:26:36.555 19870 19870 E Parcel  : Attempt to read or write from protected data in Parcel 0x7fd3a84630. pos: 12, nextObject: 0, object offset: 0, object size: 24
04-22 15:26:36.555 19870 19870 E Parcel  : Attempt to read or write from protected data in Parcel 0x7fd3a84630. pos: 16, nextObject: 0, object offset: 0, object size: 24
04-22 15:26:36.550 18122 18220 I Finsky  : [1639] Initializing the instant apps module.
04-22 15:26:36.561 19872 19872 D nativeloader: Load libframework-connectivity-tiramisu-jni.so using APEX ns com_android_tethering for caller /apex/com.android.tethering/javalib/framework-connectivity-t.jar: ok
04-22 15:26:36.567  2236  3275 D UAH-UahAdaptHelper: adaptSetNotification identity = OplusUAwareInputHelpersrc = 1000 , type 1 ,p1 = -1 ,p2 = -1 ,p3 = -1 ,p4 =
04-22 15:26:36.567  2236  2338 D OplusPanoramaWorkBranchController: notifyMotionUpOrCancel
04-22 15:26:36.567  2236  3275 I [UAH_CLIENT]: uahRuleCtl, ruleId:1000, status:1
04-22 15:26:36.567  3054  3054 I SystemUi--Statusbar: OplusStatusBarWindowViewTouchExImpl-->onTouchEvent handled:false
04-22 15:26:36.569  3054  3054 I SystemUi--QuickSettings: OplusPanelViewPagerController-->reset
04-22 15:26:36.570  3054  3054 I SystemUi--Notification: NotificationClickEffect-->NOTIFICATION_CLICK_EFFECT-->clickRow = 0|com.android.systemui|10005|null|10197, isRevert = true, triggerClick = true, click reason = REVERT_ANV_1, custEndAction = null,  row.isAttachedToWindow = true, row.isHasHandleDownEventAnim = true
04-22 15:26:36.571  3054  4450 I [UAH_CLIENT]: UahRelease, handle:468121
04-22 15:26:36.574  3054  3054 E [OPLUS_AFS_CONFIG]: Failed to open AFS config file: /proc/oplus_afs_config/afs_config
04-22 15:26:36.574  3054  3054 E AFS_CONFIG: Failed to get scene config
04-22 15:26:36.574  3054  3054 E OplusAfsManager: afsConfigSceneConfigGet sceneType is null
04-22 15:26:36.574  3054  3054 I SystemUi--Common: AnimAfsManager-->enableAnimationCtrl key:42 enable:false, result: 0
04-22 15:26:36.574  3054  3054 E IJankManager: latencySceneEnd unknown scene 42 mScene:-1
04-22 15:26:36.578  3054  4450 I [UAH_CLIENT]: UahEventAcquire, cmdid:97, pkg:none, identity:OsenseHelperImpl
04-22 15:26:36.578  3054  3054 I SystemUi--Notification: OplusNotificationLogger-->NOTIFICATION_CLICK-->onNotificationClicked isActivityIntent: false willLaunchResolverActivity: false isOccluded: false animate: true key: 0|com.android.systemui|10005|null|10197 KeyguardStateController.isShowing: false showOverLockscreen: false
04-22 15:26:36.578  3054  3054 I LegacyActivityStarterInternalImpl: Invoking dismissKeyguardThenExecute, afterKeyguardGone: false
04-22 15:26:36.583 19872 19872 D OplusActivityThreadExtImpl: java.lang.NoSuchMethodException: dalvik.system.VMRuntime.SupressionGC [int, int]
04-22 15:26:36.584 19872 19872 I OneTrace: Mark active for pid=19872? true
04-22 15:26:36.584 19872 19872 D cutils-dev: otrace_set_tracing_enabled? true tag:0
04-22 15:26:36.585 19872 19889 D cutils-dev: properties changed in otrace_seq_number_changed!
04-22 15:26:36.588  3054  3054 I ActivityTransitionAnimator: Starting intent with no animation,animate=false
04-22 15:26:36.592   633   633 E lowmemorykiller: adj:1001 file_cache: 355683 free:11322
04-22 15:26:36.592   633   633 E lowmemorykiller: device has enough memory 1536552Kib, and freeMemory 46728Kib, disable killing(limit_killing:1468004Kib)
04-22 15:26:36.593  3054  3054 I SystemUi--Notification: OplusNotificationLogger-->NOTIFICATION_CLICK-->jump app result = startNotificationIntent invoked for intent: Intent { act=com.oplus.test.show.usbselector.dialog xflg=0x4 pkg=com.android.systemui }--launchResult: 0
04-22 15:26:36.594  3054  3054 I SystemUi--QuickSettings: OplusSeparateQSManager-->collapseQSPanel: shouldAnimate:true isQsLaunchingActivity:false animate:true
04-22 15:26:36.594  3054  3054 I SystemUi--QuickSettings: OplusQSRootViewController-->[resetCurrentPage]
04-22 15:26:36.595  3054  3054 I SystemUi--Notification: OplusNotificationShadeWindowControllerExImpl-->SHADE_FOCUSABLE-->mNotificationShadeFocusable= false, mPanelExpanded= true, mBouncerShowing= false, mKeyguardShowing= false, mKeyguardOccluded= false, mKeyguardNeedsInput= false, ENABLE_REMOTE_INPUT= true, mRemoteInputActive= false, glanceableHubShowing= false, keyguardIsAboutToOccluded= false, layoutFlags= -2130444216
04-22 15:26:36.595  3054  3054 I SystemUi--Notification: OplusNotificationShadeWindowControllerExImpl-->SHADE_VISIBLE-->mKeyguardShowing= false, mKeyguardOccluded= false, mPanelVisible= true, mKeyguardFadingAway= false, mKeyguardGoingAway= false, mBouncerShowing= false, mScrimsVisibility= 1, mBackgroundBlurRadius= 0, mForcePluginOpen= false, mediaBackdropShowing= false, viewVisibility= true, qsBlurFraction= 0.0, panelBlurFraction= 1.0
04-22 15:26:36.600 19320 19854 D ExtensionsLoader: createInstance(64bit) : createExtendedFactory
04-22 15:26:36.607 19320 19617 E ignored : java.lang.NullPointerException: Attempt to invoke virtual method 'java.lang.Object android.content.Context.getSystemService(java.lang.String)' on a null object reference
04-22 15:26:36.607 19320 19617 E ignored : java.lang.NullPointerException: Attempt to invoke virtual method 'java.lang.Object android.content.Context.getSystemService(java.lang.String)' on a null object reference
04-22 15:26:36.609 19320 19854 D ExtensionsLoader: Opened libsensorextimpl.so
04-22 15:26:36.611  3054  3054 I SystemUi--Common: NotificationShadeRegionHelper-->setTouchExclusionRegion: Rect(0, 0 - 1080, 2400) lastRegion = SkRegion((0,0,1080,2400))mView = com.android.systemui.shade.NotificationShadeWindowView{b36414f V.E...... ......I. 0,0-1080,2400 #7f0a0721 app:id/legacy_window_root aid=2298 alpha=1.0 viewInfo = } from = setClosing
04-22 15:26:36.611  3054  3054 I SystemUi--QuickSettings: BackActionInteractor-->unregisterBackCallback
04-22 15:26:36.611  2236  6229 D SensorService: createSensorEventConnection packageName = com.pgl.ssdk.j0, opPackageName = com.snaptube.premium, mCurrentOperatingMode = 0, requestedMode = 0
04-22 15:26:36.611  3054  3054 W WindowOnBackDispatcher: sendCancelIfRunning: isInProgress=false callback=com.android.systemui.back.domain.interactor.BackActionInteractor$callback$2@5d65757
04-22 15:26:36.612  2236  6229 D SensorService: SensorEventConnection type = 3, client = com.snaptube.premium, listener = com.pgl.ssdk.j0
04-22 15:26:36.614  2236  6229 W SensorService: SensorEventConnection sensor handle=1, package = com.pgl.ssdk.j0 enable
04-22 15:26:36.614  2236  6229 E SensorService: Required app com.pgl.ssdk.j0, uid 10313, pid 19320
04-22 15:26:36.613 17712 17979 D OplusGraphicsEvent: FRTC type change to 0, rate: 0, info: false
04-22 15:26:36.614 17712 17979 I GuiUtils: VRR [FRTC] s client update frtcType from 1 to 0
04-22 15:26:36.614 17712 17979 I GuiUtils: VRR [FRTC] s client update frtcRate from 30 to 0
04-22 15:26:36.615  2236  3931 D CoreBackPreview: Window{1dd4195 u0 NotificationShade}: Setting back callback null
04-22 15:26:36.616  3054  3054 D OplusViewDragTouchViewHelper: dispatchTouchView action = 1
04-22 15:26:36.616  3054  3054 D ViewRootImplExtImpl: the up motion event handled by client, just return
04-22 15:26:36.618  2236  6229 D SensorService: Calling batch handle==1 flags=0rate=80000000 timeout== 0
04-22 15:26:36.618  2236  6229 D SensorService: SensorDevice::batch: ident=0xb4000071b202aa00, handle=0x00000001, flags=0, period_ns=80000000 timeout=0
04-22 15:26:36.618  3054  3054 D ViewRootImplExtImpl: wrapConfigInfoIntoFlags rotation=0, smallestScreenWidthDp=360, residentWS=false, scenario=0, bounds=Rect(0, 0 - 1080, 2400), relayoutAsync=true, flags=1, newFlags=1258302721, title=NotificationShade
04-22 15:26:36.618  2236  6229 D SensorService: 	>>> actuating h/w flush 1
04-22 15:26:36.619  2236  3400 E OplusDexOptimizeManager: Start app fature is off
04-22 15:26:36.619  3054  3054 W VRI[NotificationShade]: updateBlastSurfaceIfNeeded, surfaceSize:Point(1080, 2400), lastSurfaceSize:Point(1080, 2400), format:-3, blastBufferQueue:android.graphics.BLASTBufferQueue@cf720e5
04-22 15:26:36.619  2236  3400 E OplusDexOptimizeManager: Start app fature is off
04-22 15:26:36.619  2236  3400 E OplusDexOptimizeManager: Start app fature is off
04-22 15:26:36.619  2236  3400 E OplusDexOptimizeManager: Start app fature is off
04-22 15:26:36.619  2236  3400 E OplusDexOptimizeManager: Start app fature is off
04-22 15:26:36.619  2236  3400 E OplusDexOptimizeManager: Start app fature is off
04-22 15:26:36.619  2236  3400 E OplusDexOptimizeManager: Start app fature is off
04-22 15:26:36.620  3054  3054 I SurfaceControl:  setExtendedRangeBrightness sc=Surface(name=NotificationShade)/@0x1803b,currentBufferRatio=1.0,desiredRatio=1.0
04-22 15:26:36.623  3054  3054 I SystemUi--Notification: ExpandableNotificationRow-->NOTIFICATION_CLICK_EFFECT-->fake click call, row = 0|com.android.systemui|10005|null|10197
04-22 15:26:36.623  2236  3931 D RefreshRate: Refresh rate changing from 90.0 to 120.00001,maxRefreshRate=120.00001 FOR:{
04-22 15:26:36.623  2236  3931 D RefreshRate:     | COURSE[; Win preferred rateId=3, appReqFirst=false, data= RateData{PreferredRefreshRateData{mPreferredRefreshRateId=[3, 1, 2, 3],isDisableViewOverride() =true,isAnimBoost=true}} ;win name:com.android.settings/com.android.settings.SubSettings]
04-22 15:26:36.623  2236  3931 D RefreshRate:     | VOTES[PRIORITY_WINDOW_REQUEST -> Vote{mRefreshRate=120.0, mMinRefreshRate=120.0, mRequestSource=null};]
04-22 15:26:36.623  2236  3931 D RefreshRate:     | TIME:2026-04-22 09:56:36}
04-22 15:26:36.623  3054  3054 I SystemUi--Notification: NotificationClickEffect-->NOTIFICATION_CLICK_EFFECT--> get talkBack state = false
04-22 15:26:36.623  2236  3931 D DisplayModeDirector: setAppRequest displayId : 0  modeId: 1  requestedRefreshRate: 0.0  requestedMinRefreshRateRange: 0.0  requestedMaxRefreshRateRange: 120.00001
04-22 15:26:36.624  2236  3931 D WindowManager: NFW_findFocusedWindowIfNeeded:Window{e251004 u0 com.android.settings/com.android.settings.SubSettings} mCurrentFocus:Window{1dd4195 u0 NotificationShade}
04-22 15:26:36.624  2236  2340 D DisplayManagerServiceExtImpl: scheduleTraversalLocked intraversal=false
04-22 15:26:36.624  2236  2340 D DisplayManagerService: MSG_REQUEST_TRAVERSAL pendingCompleted=false
04-22 15:26:36.626  1440  1440 D OplusTouch: in_deviceId = 0,in_nodeFlag = 9,data = 120,len = 3
04-22 15:26:36.627  1440  1440 D OplusTouch: path = /proc/touchpanel/report_rate_white_list,len = 256
04-22 15:26:36.627  2236  3931 D WindowManager: setFrameRateStart invalid typeId return!
04-22 15:26:36.630  2236  3931 D WindowManager: setFrameRateStart invalid typeId return!
04-22 15:26:36.630  1440  1440 D OplusTouch: write 3 bytes
04-22 15:26:36.631  2236  3931 D Theia.NoFocusWindow: FocusWindowErrorScene cancelCheckFreezeScreen
04-22 15:26:36.631  2236  2350 W QosScheduler: executeSceneQosStrategy failed! qos feature no enable
04-22 15:26:36.631  2236  3931 W TheiaWindowMonitor: [check] focusedWindow is null or enable is false
04-22 15:26:36.631  3054  3054 I SystemUi--Common: UsbService-->ignoreShowDialog   showUsbDialog_UsbDialogActivity.showSelecttypeDialog
04-22 15:26:36.631  3054  3054 I SystemUi--Common: UsbService-->initusbdialog  selectType:0
04-22 15:26:36.634  2236  3400 D SplitScreenAppReader: SPLIT_TOUCH support check:com.android.chrome = false
04-22 15:26:36.634  2236  3400 D ActivityTaskManagerServiceExtImpl: preBindApplication record is null
04-22 15:26:36.637  2236  3400 D RGBNormalizeServer: OplusRGBNormalize feature enabled ? false
04-22 15:26:36.637  2236  3400 D ResourcesManagerCache: For package com.android.chrome we got cacheList [null] appInfoExt is null ? false hasFeature ? false
04-22 15:26:36.650  1410  1410 I OriginChannel: flush: [1]
04-22 15:26:36.650  2236  2341 D DisplayManagerService: performTraversalInternal pendingTraversal
04-22 15:26:36.650  2236  2341 D DisplayDevice: setLayerStackLocked id=local:4627039422300187648 token=android.os.BinderProxy@51690a0 stack=0->0
04-22 15:26:36.651  1410  1450 I sensors-hal-HfLooper: [1] flush complete
04-22 15:26:36.651  2236  6229 D SensorService: Calling activate on 1
04-22 15:26:36.651  2236  6229 D SensorService: SensorDevice::activate: ident=0xb4000071b202aa00, handle=0x00000001, enabled=1, count=3
04-22 15:26:36.651  2236  6229 D SensorService: enable index=0
04-22 15:26:36.651  2236  6229 D SensorService: info.numActiveClients() = 3, info.isActive = 1
04-22 15:26:36.651  2236  6229 D SensorService: activateHardware = 0
04-22 15:26:36.651  2236  2338 D OplusSplitScreenManagerService: com.android.settings unSupportsSplitScreen by blockList or ForbidActivityList
04-22 15:26:36.652  2236  2338 D OplusSplitScreenManagerService: com.android.settings unSupportsSplitScreen by blockList or ForbidActivityList
04-22 15:26:36.652  2236  2488 D SensorService: First flush event for sensor==1 
04-22 15:26:36.654  2236  3400 E OplusDexOptimizeManager: Start app fature is off
04-22 15:26:36.657  2236  2341 D SurfaceComposerClient: Transaction::apply InputWindowCommands.focusRequests timestamp=390236811747567, windowName=e251004 com.android.settings/com.android.settings.SubSettings
