04-22 15:27:43.737  2236  3265 I OsenseKillAction: KillAction: 370mb more anonRss to reclaim, 0mb more swapMb to reclaim, <skip> mem guard, cur avail=1589mb, bundle: Bundle[{appcareThreshold=0, prevPkgName=com.adarshk8.indplaymonorepo, triggerMemory=1800, curUid=10195, isGame=false, curPkgName=com.android.launcher, qbmode=false, prevUid=10594, type=cached, level=1, scene=SCENE_LAUNCHER, requestId=8426, purposeMemory=2000}]
04-22 15:27:43.737  1443  1443 D vendor.oplus.hardware.charger-V9-service: set cooldown:2,  normalCoolDown:2
04-22 15:27:43.737  2236  2341 D CoreBackPreview:  return markWindowHasDrawn mComposed: false  mWaitTransition: false
04-22 15:27:43.738  2236  2341 D SurfaceComposerClient: Transaction::apply InputWindowCommands.focusRequests timestamp=390303888393802, windowName=fc92af8 com.android.launcher/com.android.launcher.Launcher
04-22 15:27:43.739  1006  1114 W Battery : ThermalControlUtils: not set the same wifi=0
04-22 15:27:43.739   471   471 D ResourcesManagerExtImpl: applyConfigurationToAppResourcesLocked app.getDisplayId() return callback.displayId:0
04-22 15:27:43.740 20833 20876 I Process : Quit itself,  Pid:20833  StackTrace:com.android.internal.os.RuntimeInit$KillApplicationHandler.uncaughtException:201 java.lang.ThreadGroup.uncaughtException:1098 java.lang.ThreadGroup.uncaughtException:1093 java.lang.Thread.dispatchUncaughtException:3378 <bottom of call stack> <bottom of call stack> <bottom of call stack> <bottom of call stack> <bottom of call stack> <bottom of call stack> 
04-22 15:27:43.741 20833 20876 I Process : Sending signal. PID: 20833 SIG: 9
04-22 15:27:43.745  2236  2367 E OplusThermalStats: Error getting package info: com.android.launcher
04-22 15:27:43.746  1537  2045 D SurfaceFlinger: updateWinowInfo=1, setFocusedWindow timestamp=390303888393802, windowName=fc92af8 com.android.launcher/com.android.launcher.Launcher
04-22 15:27:43.746  2236  3348 I InputDispatcher: NFW_setFocusedWindow, fc92af8 com.android.launcher/com.android.launcher.Launcher on display 0, same as the previous:0
04-22 15:27:43.746  2236  3348 I InputDispatcher: updateFocusedWindow,  on display 0, reason: Waiting for window because NO_WINDOW, result:   FocusedWindows: <none>
04-22 15:27:43.747  2236  4575 D WindowManager: onSyncFinishedDrawing: Window{fc92af8 u0 com.android.launcher/com.android.launcher.Launcher}
04-22 15:27:43.748  2236  4575 D ActivityTaskManager: commitVisibility: ActivityRecord{212336314 u0 com.android.launcher/.Launcher t5}: visible=true visibleRequested=true, isInTransition=true 
04-22 15:27:43.748  2236  4575 E OplusAppQuickStart_AppQuickStartController: not start from launcher transition:10604
04-22 15:27:43.748  2236  4575 D Transition: collectOrderChanges onTopTasksEnd: [Task{acb25c0 #1 type=home}, Task{b53750d #5 type=home I=com.android.launcher/.Launcher}], reportedOnTop:null, mOnTopTasksStart: [Task{bbbb3a2 #19612 type=standard A=10594:com.adarshk8.indplaymonorepo}], TDA child: [Task{b24d364 #2 type=undefined}, Task{7d194ab #19600 type=standard A=10162:com.spotify.music}, Task{e13a6e0 #19602 type=standard A=10557:com.instagram.android}, Task{2b7a4f5 #19603 type=standard A=10303:com.whatsapp}, Task{594b1aa #19605 type=standard I=com.google.android.googlequicksearchbox/com.google.android.apps.search.assistant.surfaces.voice.robin.main.MainActivity minWidth=990 minHeight=1050}, Task{5b62247 #19609 type=standard A=1000:com.android.settings.root}, Task{bbbb3a2 #19612 type=standard A=10594:com.adarshk8.indplaymonorepo}, Task{acb25c0 #1 type=home}]
04-22 15:27:43.748  2236  4575 D Transition: collectOrderChanges **mParticipants add task: Task{b53750d #5 type=home I=com.android.launcher/.Launcher}
04-22 15:27:43.748  2236  4575 D Transition: collectOrderChanges **mParticipants add task: Task{acb25c0 #1 type=home}
04-22 15:27:43.749  2236  4575 D OplusFlexibleActivityTransitionManager: fixTransitType type result:2, targets: [ChangeInfo{35b2500 container=Task{acb25c0 #1 type=home} flags=0x30}, ChangeInfo{114f139 container=Task{bbbb3a2 #19612 type=standard A=10594:com.adarshk8.indplaymonorepo} flags=0x10}, ChangeInfo{280437e container=WallpaperWindowToken{5539234 showWhenLocked=false} flags=0x0}]
04-22 15:27:43.750  1006  1114 I [UAH_CLIENT]: uahRuleCtl, ruleId:4, status:1
04-22 15:27:43.751  2236  4575 D OplusTransitionAnimationManager: activityRecordCount0fullScreenArBeHindStartingWindow null
04-22 15:27:43.752  2236  4575 D OplusTransitionAnimationManager: activityRecordCount0fullScreenArBeHindStartingWindow null
04-22 15:27:43.753  2236  4575 D OplusTransitionAnimationManager: activityRecordCount0fullScreenArBeHindStartingWindow null
04-22 15:27:43.754  1006  1114 W Battery : ThermalControllHandler: MSG_THERMAL_CONTROL_TRACEINFO_UPLOAD. isTraceMonitorOn:false, hasTraceAidl:false
04-22 15:27:43.754  1006  1114 W Battery : ThermalControllHandler: ZoomWindowsInfo=[],PipWindowsInfo=[],AppFloatingWindowsInfo=[]
04-22 15:27:43.754 20589 20790 W CrashBox_ExceptionInfoManager: open db report no limit ....
04-22 15:27:43.755  2236  2494 D ActivityManager: reportOneUidFrozenStateChanged uid 10158 frozen = false
04-22 15:27:43.755  2236  4575 D ContinuousTransitionController: is match the remote transition.
04-22 15:27:43.755  2236  4575 D QuickBackInputPolicy: resetInputInterceptState for remoteTransition: false
04-22 15:27:43.755  2236  4575 D OplusTransitionController: onTransactionReady, transition: 10604, info: {id=10604 t=CLOSE f=0x10 trk=0 r=[0@Point(0, 0)] c=[{WCT{RemoteToken{b196e2a Task{acb25c0 #1 type=home}}} m=TO_FRONT f=SHOW_WALLPAPER|MOVE_TO_TOP leash=Surface(name=Task=1)/@0xdfaab15 sb=Rect(0, 0 - 1080, 2400) eb=Rect(0, 0 - 1080, 2400) epz=Point(1080, 2400) d=0 taskParent=-1},{WCT{RemoteToken{38e86c6 Task{bbbb3a2 #19612 type=standard A=10594:com.adarshk8.indplaymonorepo}}} m=CLOSE f=NONE leash=Surface(name=Task=19612)/@0x2cbf48f sb=Rect(0, 0 - 1080, 2400) eb=Rect(0, 0 - 1080, 2400) epz=Point(1080, 2400) d=0 taskParent=-1},{m=TO_FRONT f=IS_WALLPAPER leash=Surface(name=WallpaperWindowToken{5539234 showWhenLocked=false})/@0x5f41bc7 sb=Rect(0, 0 - 1080, 2400) eb=Rect(0, 0 - 1080, 2400) epz=Point(1080, 2400) d=0}] 
04-22 15:27:43.755  2236  4575 D OplusTransitionController: extendInfo=[
04-22 15:27:43.755  2236  4575 D OplusTransitionController:  OplusTransitionExtendedInfo{mTmpFinishT=null, mInOplusCompatMode=false, mIsProcessRunning=false, mHasMismatchBoundsTarget=false, mRecentsController=null, mRemoteTransition=null, mIsTranslucentActivityToHome=false, mAvoidInterceptKeyEventToHome=false, mIsFromHome=false, mParentLeash=null, mBackAnimClosingLeash=null, mIsOplusAnimRes=false, mKeepBgForContinuous=false, mIsBalAllow=false, mTaskNotInRecent=false, mIsPredictiveBackAnim=false, mIsMergedWithPredictive=false, mIsLaunchFromSpruce=false, mIsLaunchFromDrive=false, mGlobalSearchPageSwitch=false, mNeedNoAlphaGlobalSearchScene=false, mAssistScreenShowing=false, mSwipeUpBrowserScreenShowing=false, mUserIdTransition=0
04-22 15:27:43.755  2236  4575 D OplusTransitionController: , mInRemoteScene=false, mInPreReady=false, mPreStart=false, mToken=null, mAbortByRemoteFromHome=false, mShellApplyToken=null, mRequestTransitionTaskId=19612, mAbortTransitionOnShell=0, mStartFromShortcut=false, mRemovedTaskId=-1, mTransitionInterruptType=0, mMergeSecondTaskId=-1, mTaskIdStartFromRecents=0, mTransitionId=10604, mCanUseSpringSlideAnim=false, mTransitionLaunchFrom=0, mFoldChangeType=-1, mAnimStartingPosition=[0, 0, 0, 0], mIsOpeningStkDialogActivity=false, mIsNeedApplyStartTForEmbedded=false, mMergeSecondTaskAnimation=false, mIsLaunchUnityStart=false, mIsLaunchFromAssistantByDefault=false, mSkipRemoteTransitionfalse, mIsStartFromKeyguard=false flags=0x0, mWCT=null, mIsOpenMergeToInValidPredictive=false}]}, targets : [ChangeInfo{35b2500 container=Task{acb25c0 #1 type=home} flags=0x30}, ChangeInfo{114f139 container=Task{bbbb3a2 #19612 type=standard A=10594:com.adarshk8.indplaymonorepo} flags=0x10}, ChangeInfo{280437e container=WallpaperWindowToken{5539234 showWhenLocked=false} flags=0x0}], participants: {WallpaperWindowToken{5539234 showWhenLocked=false}, Task{acb25c0 #1 type=home}, Task{b53750d #5 type=home I=com.android.launcher/.Launcher}, Task{bbbb3a2 #19612 type=standard A=10594:com.adarshk8.indplaymonorepo}, ActivityRecord{212336314 u0 com.android.launcher/.Launcher t5}, ActivityRecord{233241905 u0 com.adarshk8.indplaymonorepo/.MainActivity t19612 f}}}
04-22 15:27:43.756  2236  2363 D ActivityManager: sync unfroze 20079 com.coloros.alarmclock:clockWidget for 3
04-22 15:27:43.756  2236  2363 D ActivityManager: Async freezing 20079 com.coloros.alarmclock:clockWidget
04-22 15:27:43.757  2236  2363 D ActivityManager: Cancel freezing 20079 com.coloros.alarmclock:clockWidget
04-22 15:27:43.757  2236  2363 D ActivityManager: Async freezing 20079 com.coloros.alarmclock:clockWidget
04-22 15:27:43.758  2236  4575 W WindowManager: captureTaskSnapshot mSnapshotMode= 0 source=Task{bbbb3a2 #19612 type=standard A=10594:com.adarshk8.indplaymonorepo}
04-22 15:27:43.759  2236  2363 E OplusDexOptimizeManager: Start app fature is off
04-22 15:27:43.759  2236  4575 D TaskSnapshotControllerExtImpl: createTaskSnapshot isCompatMode:false, isCompactWindow:false
04-22 15:27:43.759  2236  4575 W AbsAppSnapshotControllerExtImpl: updateExcludeLayers, addExcludeLayerList is null or empty, return excludeLayers
04-22 15:27:43.759  2236  2363 D OplusKeepAliveManager: TOP_APP is ProcessRecord{e501cd4 471:com.android.launcher/u0a195} uid is 10195
04-22 15:27:43.760  2236  6467 D IntervalStats: Unable to parse usage stats packages: [8, 13, 15, 36, 50, 64, 66, 85, 89, 91, 92, 99, 140, 155, 190, 219, 221, 230, 233, 294, 301, 305, 336, 339, 342, 343, 353, 355, 357, 358, 359, 361, 363, 365, 366, 367, 371, 377, 378, 379, 384, 396, 403, 404, 406, 409, 410, 411, 412, 415, 416, 420, 421, 422, 428, 437, 438, 444, 445, 446, 448, 449, 450, 451, 454, 455, 456, 461, 463, 466, 467, 470, 473, 474, 476, 477, 478, 509, 510, 511, 512, 514, 515, 517, 521, 525, 527, 530, 532, 536, 540, 541, 542, 543, 546, 550, 558, 561, 564, 566, 567, 570, 572, 575, 578, 579, 580, 587, 591, 592, 594, 595, 598, 601, 604, 605, 610, 613, 619, 637, 638, 639, 640, 642, 643, 644, 645, 648, 650, 651, 653, 659, 663, 664, 673, 674, 683, 685, 694, 695, 696, 699, 700, 704, 705, 706, 707, 719, 724, 725, 728, 729, 730, 731, 733, 734, 735, 736, 738, 740, 762, 763, 767, 769, 770, 773, 774, 776, 780, 781, 782, 783, 787, 788, 789, 793, 794, 801, 808, 810, 815, 820, 823, 838, 840, 841, 843, 844, 848, 853, 872, 878, 879, 881, 901, 907, 911, 913, 914, 915, 919, 926, 927, 928, 929, 930, 931, 936, 937, 951, 952, 954, 960, 965, 973, 988, 989, 991, 992, 993, 994, 995, 997, 998, 999, 1002, 1004, 1005, 1017, 1032, 1033, 1034, 1035, 1039, 1040, 1048, 1073, 1074, 1078, 1082, 1084, 1087, 1089, 1091, 1107, 1127, 1128, 1130, 1132, 1133, 1134, 1139, 1140, 1141, 1142, 1143, 1149, 1158, 1160, 1162, 1163, 1164, 1165, 1166, 1171, 1181, 1182, 1184, 1185, 1186, 1187, 1191, 1198, 1210, 1211, 1212, 1215, 1218, 1220, 1221, 1245, 1246, 1247, 1273, 1289, 1298, 1299, 1301, 1305, 1306, 1307, 1309, 1310, 1311, 1314, 1317, 1318, 1319, 1328, 1331, 1335, 1341, 1342, 1344, 1348, 1349, 1351, 1352, 1356, 1357, 1359, 1361, 1364, 1365, 1380, 1381, 1382, 1383, 1387, 1393, 1415, 1417, 1442, 1444, 1445, 1447, 1448, 1454, 1461, 1464, 1568, 1576, 1579, 1580, 1581, 1583, 1591, 1592, 1593, 1594, 1595, 1604, 1606, 1607, 1609, 1610, 1641, 1677, 1678, 1679, 1680, 1705, 1706, 1707, 1712, 1713, 1714, 1715, 1748, 1749, 1750, 1752, 1756, 1757, 1770, 1772, 1791, 1792, 1793, 1794, 1799, 1800, 1805, 1806, 1807, 1817, 1827, 1828, 1829, 1830, 1831, 1833, 1834, 1837, 1838, 1839, 1841, 1843, 1844, 1845, 1851, 1862, 1863, 1864, 1865, 1868, 1869, 1870, 1871, 1872, 1873, 1874, 1875, 1880, 1883, 1907, 1908, 1910, 1913, 1915, 1916, 1917, 1918, 1920, 1944, 1950, 1953, 1955, 1957, 1958, 1969, 1971, 1972, 1973, 1990, 1991, 2003, 2016, 2017, 2019, 2022, 2024, 2027, 2044, 2045, 2046, 2047, 2052, 2075, 2077, 2078, 2079, 2084, 2087, 2088, 2089, 2111, 2112, 2130, 2145, 2146, 2147, 2148, 2152, 2153, 2154, 2157, 2169, 2188, 2191, 2192, 2193, 2196, 2202, 2203, 2206, 2207, 2215, 2221, 2224, 2225, 2227, 2235, 2239, 2240, 2242, 2243, 2245, 2246, 2261, 2262, 2263, 2265, 2269, 2272, 2278, 2279, 2280, 2282, 2312, 2313, 2316, 2317, 2318, 2319, 2321, 2322, 2326, 2362, 2363, 2364, 2365, 2366, 2411, 2412, 2413, 2414, 2415, 2416, 2417, 2423, 2424, 2425, 2430, 2431, 2433, 2449, 2451, 2452, 2455, 2463, 2479, 2485, 2490, 2491, 2524, 2531, 2535, 2536, 2542, 2549, 2551, 2554, 2569, 2572, 2575, 2579, 2580, 2584, 2591, 2593]
04-22 15:27:43.761  3054  3170 D OplusShellTransition: dispatchReady, active:(#10604) android.os.BinderProxy@fcc3b5c@0, isSync=false, track:com.android.wm.shell.transition.Transitions$Track@6cbc760
04-22 15:27:43.761  3054  3170 D OplusShellTransition: Abort transition (#10604) android.os.BinderProxy@fcc3b5c@0 WMCore requested. reason: 0; abortTransition: false
04-22 15:27:43.763  3054  3170 D FlexibleTaskTransitionHandler:  performAnimation transition:android.os.BinderProxy@fcc3b5c ,info:{id=10604 t=CLOSE f=0x10 trk=0 r=[0@Point(0, 0)] c=[{m=TO_FRONT f=SHOW_WALLPAPER|MOVE_TO_TOP leash=Surface(name=Task=1)/@0x9edafeb sb=Rect(0, 0 - 1080, 2400) eb=Rect(0, 0 - 1080, 2400) epz=Point(1080, 2400) d=0 taskParent=-1},{m=CLOSE f=NONE leash=Surface(name=Task=19612)/@0x8fb148 sb=Rect(0, 0 - 1080, 2400) eb=Rect(0, 0 - 1080, 2400) epz=Point(1080, 2400) d=0 taskParent=-1},{m=TO_FRONT f=IS_WALLPAPER leash=Surface(name=WallpaperWindowToken{5539234 showWhenLocked=false})/@0xae29be1 sb=Rect(0, 0 - 1080, 2400) eb=Rect(0, 0 - 1080, 2400) epz=Point(1080, 2400) d=0}] 
04-22 15:27:43.763  3054  3170 D FlexibleTaskTransitionHandler: extendInfo=[
04-22 15:27:43.763  3054  3170 D FlexibleTaskTransitionHandler:  OplusTransitionExtendedInfo{mTmpFinishT=null, mInOplusCompatMode=false, mIsProcessRunning=false, mHasMismatchBoundsTarget=false, mRecentsController=null, mRemoteTransition=null, mIsTranslucentActivityToHome=false, mAvoidInterceptKeyEventToHome=false, mIsFromHome=false, mParentLeash=null, mBackAnimClosingLeash=null, mIsOplusAnimRes=false, mKeepBgForContinuous=false, mIsBalAllow=false, mTaskNotInRecent=false, mIsPredictiveBackAnim=false, mIsMergedWithPredictive=false, mIsLaunchFromSpruce=false, mIsLaunchFromDrive=false, mGlobalSearchPageSwitch=false, mNeedNoAlphaGlobalSearchScene=false, mAssistScreenShowing=false, mSwipeUpBrowserScreenShowing=false, mUserIdTransition=0
04-22 15:27:43.763  3054  3170 D FlexibleTaskTransitionHandler: , mInRemoteScene=false, mInPreReady=false, mPreStart=false, mToken=null, mAbortByRemoteFromHome=false, mShellApplyToken=null, mRequestTransitionTaskId=19612, mAbortTransitionOnShell=0, mStartFromShortcut=false, mRemovedTaskId=-1, mTransitionInterruptType=0, mMergeSecondTaskId=-1, mTaskIdStartFromRecents=0, mTransitionId=10604, mCanUseSpringSlideAnim=false, mTransitionLaunchFrom=0, mFoldChangeType=-1, mAnimStartingPosition=[0, 0, 0, 0], mIsOpeningStkDialogActivity=false, mIsNeedApplyStartTForEmbedded=false, mMergeSecondTaskAnimation=false, mIsLaunchUnityStart=false, mIsLaunchFromAssistantByDefault=false, mSkipRemoteTransitionfalse, mIsStartFromKeyguard=false flags=0x0, mWCT=null, mIsOpenMergeToInValidPredictive=false}]}
04-22 15:27:43.763  3054  3170 D FlexibleTaskTransitionHandler:  no need handler this transitionInfo: {id=10604 t=CLOSE f=0x10 trk=0 r=[0@Point(0, 0)] c=[{m=TO_FRONT f=SHOW_WALLPAPER|MOVE_TO_TOP leash=Surface(name=Task=1)/@0x9edafeb sb=Rect(0, 0 - 1080, 2400) eb=Rect(0, 0 - 1080, 2400) epz=Point(1080, 2400) d=0 taskParent=-1},{m=CLOSE f=NONE leash=Surface(name=Task=19612)/@0x8fb148 sb=Rect(0, 0 - 1080, 2400) eb=Rect(0, 0 - 1080, 2400) epz=Point(1080, 2400) d=0 taskParent=-1},{m=TO_FRONT f=IS_WALLPAPER leash=Surface(name=WallpaperWindowToken{5539234 showWhenLocked=false})/@0xae29be1 sb=Rect(0, 0 - 1080, 2400) eb=Rect(0, 0 - 1080, 2400) epz=Point(1080, 2400) d=0}] 
04-22 15:27:43.763  3054  3170 D FlexibleTaskTransitionHandler: extendInfo=[
04-22 15:27:43.763  3054  3170 D FlexibleTaskTransitionHandler:  OplusTransitionExtendedInfo{mTmpFinishT=null, mInOplusCompatMode=false, mIsProcessRunning=false, mHasMismatchBoundsTarget=false, mRecentsController=null, mRemoteTransition=null, mIsTranslucentActivityToHome=false, mAvoidInterceptKeyEventToHome=false, mIsFromHome=false, mParentLeash=null, mBackAnimClosingLeash=null, mIsOplusAnimRes=false, mKeepBgForContinuous=false, mIsBalAllow=false, mTaskNotInRecent=false, mIsPredictiveBackAnim=false, mIsMergedWithPredictive=false, mIsLaunchFromSpruce=false, mIsLaunchFromDrive=false, mGlobalSearchPageSwitch=false, mNeedNoAlphaGlobalSearchScene=false, mAssistScreenShowing=false, mSwipeUpBrowserScreenShowing=false, mUserIdTransition=0
04-22 15:27:43.763  3054  3170 D FlexibleTaskTransitionHandler: , mInRemoteScene=false, mInPreReady=false, mPreStart=false, mToken=null, mAbortByRemoteFromHome=false, mShellApplyToken=null, mRequestTransitionTaskId=19612, mAbortTransitionOnShell=0, mStartFromShortcut=false, mRemovedTaskId=-1, mTransitionInterruptType=0, mMergeSecondTaskId=-1, mTaskIdStartFromRecents=0, mTransitionId=10604, mCanUseSpringSlideAnim=false, mTransitionLaunchFrom=0, mFoldChangeType=-1, mAnimStartingPosition=[0, 0, 0, 0], mIsOpeningStkDialogActivity=false, mIsNeedApplyStartTForEmbedded=false, mMergeSecondTaskAnimation=false, mIsLaunchUnityStart=false, mIsLaunchFromAssistantByDefault=false, mSkipRemoteTransitionfalse, mIsStartFromKeyguard=false flags=0x0, mWCT=null, mIsOpenMergeToInValidPredictive=false}]}
04-22 15:27:43.764  3054  3170 D RemoteTransitionHandler: Found filterPair{{types=[] flags=0x0] notFlags=0x100 checks=[{atype=home independent=true modes=[OPEN,TO_FRONT] flags=NONE mustBeTask=false order=TOP topActivity=ComponentInfo{com.android.launcher/com.android.launcher.Launcher} launchCookie=null windowingMode=undefined},{atype=standard independent=true modes=[CLOSE,TO_BACK] flags=NONE mustBeTask=false order=ANY topActivity=null launchCookie=null windowingMode=undefined}]} RemoteTransition { remoteTransition = android.window.IRemoteTransition$Stub$Proxy@5e5195, appThread = android.app.IApplicationThread$Stub$Proxy@34252aa, debugName = QuickstepLaunchHome }}
04-22 15:27:43.764  3054  3170 D OplusShellTransition: RemoteTransitionHandler, shell start remote animation, type: CLOSE
04-22 15:27:43.764  2236  6467 D UsageStatsService: User[0] type=3 b=0 e=9223372036854775807 cb=1766641188098 ce=1776851863649 disk=425 all=908
04-22 15:27:43.767 20079 20079 D ClockTag_AlarmClockApplication: onTrimMemory: 40
04-22 15:27:43.767 20079 20079 D ClockTag_AlarmClockApplication: onTrimMemory: 40
04-22 15:27:43.767   471  8676 D RemoteAnimationRunnerCompat: Remote transition startAnimation, startFromLauncher: false, support nav anim: false, isPredictiveBackBlockablAnim: false, mIsAppLaunchTransition: null, info = {id=10604 t=CLOSE f=0x10 trk=0 r=[0@Point(0, 0)] c=[{m=TO_FRONT f=SHOW_WALLPAPER|MOVE_TO_TOP leash=Surface(name=Task=1)/@0x9be7c61 sb=Rect(0, 0 - 1080, 2400) eb=Rect(0, 0 - 1080, 2400) epz=Point(1080, 2400) d=0 taskParent=-1},{m=CLOSE f=NONE leash=Surface(name=Task=19612)/@0x406b386 sb=Rect(0, 0 - 1080, 2400) eb=Rect(0, 0 - 1080, 2400) epz=Point(1080, 2400) d=0 taskParent=-1},{m=TO_FRONT f=IS_WALLPAPER leash=Surface(name=WallpaperWindowToken{5539234 showWhenLocked=false})/@0x1317447 sb=Rect(0, 0 - 1080, 2400) eb=Rect(0, 0 - 1080, 2400) epz=Point(1080, 2400) d=0}] 
04-22 15:27:43.767   471  8676 D RemoteAnimationRunnerCompat: extendInfo=[
04-22 15:27:43.767   471  8676 D RemoteAnimationRunnerCompat:  OplusTransitionExtendedInfo{mTmpFinishT=null, mInOplusCompatMode=false, mIsProcessRunning=false, mHasMismatchBoundsTarget=false, mRecentsController=null, mRemoteTransition=null, mIsTranslucentActivityToHome=false, mAvoidInterceptKeyEventToHome=false, mIsFromHome=false, mParentLeash=null, mBackAnimClosingLeash=null, mIsOplusAnimRes=false, mKeepBgForContinuous=false, mIsBalAllow=false, mTaskNotInRecent=false, mIsPredictiveBackAnim=false, mIsMergedWithPredictive=false, mIsLaunchFromSpruce=false, mIsLaunchFromDrive=false, mGlobalSearchPageSwitch=false, mNeedNoAlphaGlobalSearchScene=false, mAssistScreenShowing=false, mSwipeUpBrowserScreenShowing=false, mUserIdTransition=0
04-22 15:27:43.767   471  8676 D RemoteAnimationRunnerCompat: , mInRemoteScene=false, mInPreReady=false, mPreStart=false, mToken=null, mAbortByRemoteFromHome=false, mShellApplyToken=android.os.BinderProxy@a383d08, mRequestTransitionTaskId=19612, mAbortTransitionOnShell=0, mStartFromShortcut=false, mRemovedTaskId=-1, mTransitionInterruptType=0, mMergeSecondTaskId=-1, mTaskIdStartFromRecents=0, mTransitionId=10604, mCanUseSpringSlideAnim=false, mTransitionLaunchFrom=0, mFoldChangeType=-1, mAnimStartingPosition=[0, 0, 0, 0], mIsOpeningStkDialogActivity=false, mIsNeedApplyStartTForEmbedded=false, mMergeSecondTaskAnimation=false, mIsLaunchUnityStart=false, mIsLaunchFromAssistantByDefault=false, mSkipRemoteTransitionfalse, mIsStartFromKeyguard=false flags=0x0, mWCT=null, mIsOpenMergeToInValidPredictive=false}]}
04-22 15:27:43.767   471  8676 D RemoteAnimationRunnerCompat: Remote transition preStartOpen, supportPreStart: true, isPreStart: false, isOpenFromHome: false, is map contains: false
04-22 15:27:43.767   471  8676 D RemoteAnimationRunnerCompat: Remote transition startAnimation, isPreStart: false, isPreStartAnimRunning: false, mIsMultiOpenPreStart: false, mNeedReparentLauncher: false, mRemoteTransitionId: 10604, finish cb == null: false
04-22 15:27:43.768  2236  4575 D TaskSnapshotCache: putSnapshot mRunningCache top= ActivityRecord{233241905 u0 com.adarshk8.indplaymonorepo/.MainActivity t19612 f}}, mTaskId=19612, snapshot=TaskSnapshot{ mId=1776851863759 mCaptureTime=545260199645228 mTopActivityComponent=com.adarshk8.indplaymonorepo/.MainActivity mSnapshot=android.hardware.HardwareBuffer@c01ce30 (756x1680) mColorSpace=sRGB IEC61966-2.1 (id=0, model=RGB) mOrientation=1 mRotation=0 mTaskSize=Point(1080, 2400) mOplusCompatMode=false mTopActivityBounds=[0,110][1080,2400] mHasDimLayer=false mContentInsets=[0,110][0,0] mLetterboxInsets=[0,0][0,0] mIsLowResolution=false mIsRealSnapshot=true mWindowingMode=1 mAppearance=0 mIsTranslucent=false mHasImeSurface=false mInternalReferences=2 mUiMode=21, mAppIdMap size= 9
04-22 15:27:43.769  2236  2363 D ActivityManager: Cancel freezing 20079 com.coloros.alarmclock:clockWidget
04-22 15:27:43.770  3054  3170 D OplusShellTransition: dispatchTransition, animated mHandler: com.android.wm.shell.transition.RemoteTransitionHandler@d72b9e3
04-22 15:27:43.771 20079 20079 D ClockTag_ClockWidget.WidgetLauncherStateReceiver: onReceive action=com.android.launcher.action.LAUNCHER_VISIBLE
04-22 15:27:43.771   471  8676 W RemoteAnimFrameRateManager: this os is not support dynamic frame rate .
04-22 15:27:43.771   471  8676 D AnimSeqTimeStamp: resetLastStartAppTime
04-22 15:27:43.771   471  8676 D AnimSeqTimeStamp: resetLastRecentFinishTime
04-22 15:27:43.771   471  8676 D RemoteAnimationTargetCompat: Clear the break param
04-22 15:27:43.771   471  8676 I RemoteAnimationRunnerCompat: Got app task 19612
04-22 15:27:43.771  2236  4640 I OStatsManager_Calc: add screen power pkgName = com.adarshk8.indplaymonorepo, uid = 10594, power = 20.443499997258186, is Fg = true, fore size = 1, mScale = 1.0
04-22 15:27:43.771  2236  4640 I OStatsManager_Calc: noteBeforePkgSwitch change = false, curTime = 545260203, com.android.launcher, fg = false
04-22 15:27:43.771  2236  4640 I OStatsManager_OplusBatteryStatsManager: updateStateTime: PkgName = com.android.launcher, uid = 10195, state to fg, mForegroundCnt = 1, isFg = true
04-22 15:27:43.771  2236  4640 I OStatsManager_OplusBatteryStatsManager: notePkgForeground [com.adarshk8.indplaymonorepo10594, com.android.launcher10195], uid = 10195, pid = 471, pkgName = com.android.launcher
04-22 15:27:43.773   471  8676 I RemoteAnimationRunnerCompat: onAnimationStart, is calling, apps size: 2
04-22 15:27:43.773   471  8676 D RemoteAnimInflectUtil: getTaskLeashFromRemoteTarget: Surface(name=Task=1)/@0x9be7c61
04-22 15:27:43.773   471  8676 D RemoteAnimationUtil: initOplusField launchViewInfo:null
04-22 15:27:43.773   471  8676 I RemoteAnimationTargetCompat: New instance. RecentsTaskId:0, clientAnim: false, taskLeash: Surface(name=Task=1)/@0x9be7c61, leash: Surface(name=Surface(name=Task=1)/@0x9be7c61_transition-leash)/@0x4057d9d
04-22 15:27:43.773   471  8676 D RemoteAnimInflectUtil: getTaskLeashFromRemoteTarget: Surface(name=Task=19612)/@0x406b386
04-22 15:27:43.773   471  8676 D RemoteAnimationUtil: initOplusField launchViewInfo:null
04-22 15:27:43.774   471  8676 I RemoteAnimationTargetCompat: New instance. RecentsTaskId:0, clientAnim: false, taskLeash: Surface(name=Task=19612)/@0x406b386, leash: Surface(name=Surface(name=Task=19612)/@0x406b386_transition-leash)/@0x70a8212
04-22 15:27:43.774   471   471 D RemoteAnimInflectUtil: getTaskLeashFromRemoteTarget: Surface(name=WallpaperWindowToken{5539234 showWhenLocked=false})/@0x1317447
04-22 15:27:43.774   471   471 D RemoteAnimationUtil: initOplusField launchViewInfo:null
04-22 15:27:43.774   471   471 I RemoteAnimationTargetCompat: New instance. RecentsTaskId:0, clientAnim: false, taskLeash: Surface(name=WallpaperWindowToken{5539234 showWhenLocked=false})/@0x1317447, leash: Surface(name=WallpaperWindowToken{5539234 showWhenLocked=false})/@0x1317447
04-22 15:27:43.774  2236  2341 I TaskOrganizerController: onTaskInfoChanged taskid 1 config { mBounds=Rect(0, 0 - 1080, 2400) mAppBounds=Rect(0, 0 - 1080, 2400) mMaxBounds=Rect(0, 0 - 1080, 2400) mDisplayRotation=ROTATION_0 mWindowingMode=fullscreen mActivityType=home mAlwaysOnTop=undefined mRotation=ROTATION_0}
04-22 15:27:43.775   471   471 W LauncherClient[u0]: isConnected false because mOverlay is null
04-22 15:27:43.775   633   633 E lowmemorykiller: adj:1001 file_cache: 355473 free:23103
04-22 15:27:43.775   633   633 E lowmemorykiller: device has enough memory 1633772Kib, and freeMemory 92412Kib, disable killing(limit_killing:1468004Kib)
04-22 15:27:43.775 20079 20153 D ClockTag_WidgetUtils: hasAlreadyAddedWorldClockWidget false
04-22 15:27:43.776  2236  2341 D OplusVisibleTasks:  notifyTasksNumChange no need to notify.
04-22 15:27:43.776  2236  2341 D OplusFlexibleDragToSplitAnimController: visibleFlexibleTaskInfos delete:1
04-22 15:27:43.776 20079 20153 D ClockTag_Utils: isKeyguardLock: false
04-22 15:27:43.776 20079 20153 D ClockTag_WidgetStartUtils: Starting handleAlarmFix
04-22 15:27:43.776  2236  2341 E FlexibleWindowManagerService: notifyTaskObserverToAttachController not need to notify!
04-22 15:27:43.776  4343  7092 D OplusAtlas.OplusAudioScene: callback success event:atlas_event_on_foreground_activities_changed eventInfo:pid:471,uid:10195,hasForegroundActivities:1
04-22 15:27:43.776  2236  2341 I FlexibleWindowManagerService: onFlexibleWindowTaskInfoChanged, return for cur task not embedded
04-22 15:27:43.776 20079 20153 D ClockTag_WidgetStartUtils: Finished handleAlarmFix
04-22 15:27:43.776 20079 20153 D ClockTag_WidgetStartUtils: Starting handleClockWidgetUpdate
04-22 15:27:43.777  2236  4552 D ActivityManager: Async freezing 20079 com.coloros.alarmclock:clockWidget
04-22 15:27:43.780  2236  6230 I InputDispatcher: updateFocusedWindow, fc92af8 com.android.launcher/com.android.launcher.Launcher on display 0, reason: Window became focusable. Previous reason: NOT_VISIBLE, result:   FocusedWindows:
04-22 15:27:43.780  2236  6230 I InputDispatcher:     displayId=0, name='fc92af8 com.android.launcher/com.android.launcher.Launcher'
04-22 15:27:43.780   471   471 D TaskStateHelper: TaskStateChangeTimeOutListener[ON_TO_HOME_TRANSITION_FINISH]: init.
04-22 15:27:43.781   471   471 W LauncherClient[u0]: isConnected false because mOverlay is null
04-22 15:27:43.781   471   471 I [UAH_CLIENT]: UahEventAcquire, cmdid:86, pkg:none, identity:GpuBoost
04-22 15:27:43.784   471   471 D VRI[Launcher]: onFocusEvent true
04-22 15:27:43.786   471   471 D OplusGcSupressionExtImpl: callGcSupression : java.lang.NullPointerException: Attempt to invoke virtual method 'java.lang.Object java.lang.reflect.Method.invoke(java.lang.Object, java.lang.Object[])' on a null object reference
04-22 15:27:43.786   471   471 E [OPLUS_AFS_CONFIG]: Failed to open AFS config file: /proc/oplus_afs_config/afs_config
04-22 15:27:43.786   471   471 E AFS_CONFIG: Failed to get scene config
04-22 15:27:43.786   471   471 E OplusAfsManager: afsConfigSceneConfigGet sceneType is null
04-22 15:27:43.786  3054  3170 D ShellTaskOrganizerExt: visibleFlexibleTaskInfos delete:1
04-22 15:27:43.786  3054  3170 D ShellTaskOrganizerExt: isOnCanvas size:0
04-22 15:27:43.786  3054  3170 D ShellTaskOrganizerExt: isOnThreeFlexibleCanvas size:0
04-22 15:27:43.787 20079 20153 I WeatherS_WeatherServiceVersionUtils: serviceVersionCode16018000
04-22 15:27:43.787 20079 20153 D ClockTag_ClockWidget.ClockWidgetManager: updateWeatherInterval:180000
04-22 15:27:43.788 20079 20153 D ClockTag_WidgetStartUtils: visible no need update weather
04-22 15:27:43.791 20079 20079 D ClockTag_AlarmClockApplication: onTrimMemory: 40
04-22 15:27:43.792  2236  4575 I BLASTSyncEngine: onCommitted syncId: 10604, timeout: false ran: false
04-22 15:27:43.793  1537  1537 I BufferQueueProducer: [com.android.launcher/com.android.launcher.Launcher#160374](this:0xb4000076230652f8,id:-1,api:0,p:-1,c:1537) queueBuffer: fps=4.93 dur=1014.30 max=514.97 min=9.75
04-22 15:27:43.795  2236  2528 D InputMethodManagerService: isSecurity: attribute.packageName = com.android.launcher mCurMethodId = com.google.android.inputmethod.latin/com.android.inputmethod.latin.LatinIME isSecurity = false ( enable = false needShow = false inBlackList = false isExist = true )
04-22 15:27:43.795  2236  2528 I ImeTracker: com.android.launcher:e2fe8a24: onRequestHide at ORIGIN_SERVER reason HIDE_UNSPECIFIED_WINDOW fromUser false
04-22 15:27:43.796   471   471 D OplusSystemUINavigationGesture: packageName: com.android.launcher, systemGestureExclusionChanged region=SkRegion((0,0,1080,2400)) list:
04-22 15:27:43.796   471   471 D OplusSystemUINavigationGesture: systemGestureExclusionChanged rect=Rect(0, 0 - 1080, 2400)
04-22 15:27:43.799  6756  6756 I GoogleInputMethodService: GoogleInputMethodService.onFinishInput():2159 
04-22 15:27:43.800  6756  6756 I Module  : DeviceLockedStatusModuleProvider$Module.updateDeviceLockedStatus():103 repeatCheckTimes = 0, locked = false
04-22 15:27:43.801  1537  1537 I BufferQueueProducer: [[BBQ] iconViewSurface#73491#73492](this:0xb400007614d6c2f8,id:-1,api:0,p:-1,c:1537) queueBuffer: fps=0.97 dur=1029.17 max=1029.17 min=1029.17
04-22 15:27:43.802  6756  6756 I GoogleInputMethodService: GoogleInputMethodService.onStartInput():1434 onStartInput(EditorInfo{EditorInfo{packageName=com.android.launcher, inputType=0, inputTypeString=NULL, enableLearning=false, autoCorrection=false, autoComplete=false, imeOptions=0, privateImeOptions=null, actionName=UNSPECIFIED, actionLabel=null, initialSelStart=-1, initialSelEnd=-1, initialCapsMode=0, label=null, fieldId=0, fieldName=null, extras=Bundle[{com.oplus.im.WINDOW_MODE=1, com.oplus.im.SCENES=0}], hintText=null, hintLocales=[]}}, false)
04-22 15:27:43.802  6756  6756 I AndroidIME: LatinIMEBase.updateInputViewCoverNavigation():312 Update input view padding, isNavbarOverInputWindow=true, bottom inset=132
04-22 15:27:43.803  1537  1537 I DispPerfService: updateLayerMask 9
04-22 15:27:43.803  6756  6756 I Module  : DeviceLockedStatusModuleProvider$Module.updateDeviceLockedStatus():103 repeatCheckTimes = 1, locked = false
04-22 15:27:43.804  1406  1406 E PQ_HDR  : DpAsyncBlitStream:: thie platform unsupport compress format
04-22 15:27:43.805  2236  6229 W PackageConfigPersister: App-specific configuration not found for packageName: com.android.launcher and userId: 0
04-22 15:27:43.807   471   471 D InsetsController: hide(ime(), fromIme=false)
04-22 15:27:43.807   471   471 I ImeTracker: com.android.launcher:e2fe8a24: onCancelled at PHASE_CLIENT_ALREADY_HIDDEN
04-22 15:27:43.811  2236  2387 D VRR [OPlusRefreshRateService]: handleConfigIdChange physicalDisplayId: 4627039422300187648 configId: 0 renderPeriod: 8333333
04-22 15:27:43.811  1406  1406 E PQ_HDR  : DpAsyncBlitStream:: thie platform unsupport compress format
04-22 15:27:43.812  2236  6225 D ActivityManager: Cancel freezing 20079 com.coloros.alarmclock:clockWidget
04-22 15:27:43.817  2236  6467 I PowerHalWrapper: amsBoostStop AMS_BOOST_PACK_SWITCH:true, AMS_BOOST_ACT_SWITCH:false, AMS_BOOST_PROCESS_CREATE:false, AMS_BOOST_PROCESS_CREATE_FOR_GAME:false, AMS_BOOST_HOT_LAUNCH:false 
04-22 15:27:43.818  1421  1451 I mtkpower@impl: [mtkPowerHint] hint:22, hold:500, ext:30, ext_hold:1500
04-22 15:27:43.818  1537  1652 I ClientCache: removeProcess: Cache owner=0xb400007622a3af80
04-22 15:27:43.818  1406  1406 E PQ_HDR  : DpAsyncBlitStream:: thie platform unsupport compress format
04-22 15:27:43.819  2236  3399 I ActivityManager: Death received, pid = 20833, processName = com.adarshk8.indplaymonorepo for thread android.os.BinderProxy@a9354b0
04-22 15:27:43.820  2236  6225 E OplusDexOptimizeManager: Start app fature is off
04-22 15:27:43.822  1421  1531 I [UAH_CLIENT]: UahPlatformResAcquire
04-22 15:27:43.822  1421  1531 I [UAH_CLIENT]: UahEventAcquire, cmdid:-3, pkg:1421 0, identity:mtk-powerd
04-22 15:27:43.823  1376  1376 I Zygote  : Process 20833 exited due to signal 9 (Killed)
04-22 15:27:43.823 20079 20153 D ClockTag_WidgetStartUtils: Finished handleClockWidgetUpdate
04-22 15:27:43.824 20079 20079 D ClockTag_ClockWidget.ClockWidgetWeatherService: ClockWidgetWeatherService onCreate:
04-22 15:27:43.824 20079 20079 D ClockTag_ClockWidget.ClockWidgetWeatherService: ClockWidgetWeatherService registerAll
04-22 15:27:43.824  1421  1531 I [UAH_CLIENT]: UahRelease, handle:468304
04-22 15:27:43.824  2236  3264 I ActivityManager: Process com.adarshk8.indplaymonorepo (pid 20833) has died: fg  TOP 
04-22 15:27:43.825  1421  1531 I [UAH_CLIENT]: UahPlatformResAcquire
04-22 15:27:43.825  1421  1531 I [UAH_CLIENT]: UahEventAcquire, cmdid:-3, pkg:1421 0, identity:mtk-powerd
04-22 15:27:43.826  3054  3170 D ZoomController: onTaskMovedToFront, task id:5
04-22 15:27:43.826  3054  3170 I ZoomUiController: FloatHandle-isFloatHandleShow mPackageName = null
04-22 15:27:43.828  1406  1406 E PQ_HDR  : DpAsyncBlitStream:: thie platform unsupport compress format
04-22 15:27:43.830  1537  1537 I BufferQueueProducer: [FramebufferSurface](this:0xb40000765c466ef0,id:-1,api:1,p:1537,c:1537) queueBuffer: fps=34.98 dur=1000.50 max=618.04 min=6.05
04-22 15:27:43.831  2236  3348 D WindowManager: setFrameRateStart invalid typeId return!
04-22 15:27:43.832  2236  3348 I ImeTracker: system_server:23f56086: onRequestHide at ORIGIN_SERVER reason IME_REQUESTED_CHANGED_LISTENER fromUser false
04-22 15:27:43.832  2236  2528 I ImeTracker: system_server:23f56086: onCancelled at PHASE_SERVER_SHOULD_HIDE
04-22 15:27:43.833  6756  6756 E InputEventReceiver: channel 'ClientState{309be88 mUid=10594 mPid=20833 mSelfReportedDisplayId=0}' ~ Publisher closed input channel or an error occurred. events=0x9
04-22 15:27:43.833 20079 20079 D ClockTag_ClockWidget.ClockWidgetWeatherService: registerWeatherCityObserver
04-22 15:27:43.836  1406  1406 E PQ_HDR  : DpAsyncBlitStream:: thie platform unsupport compress format
04-22 15:27:43.838  2236  6224 I WindowManager: WIN DEATH: Window{69d19c5 u0 com.adarshk8.indplaymonorepo/com.adarshk8.indplaymonorepo.MainActivity}
04-22 15:27:43.839  2236  6224 D SnapshotCache: removeRunningEntry id: 19612, callers=com.android.server.wm.SnapshotCache.onAppDied:101 com.android.server.wm.AbsAppSnapshotController.onAppDied:762 com.android.server.wm.SnapshotController.onAppDied:102 
04-22 15:27:43.839  2236  2357 I libprocessgroup: Removed cgroup /sys/fs/cgroup/apps/uid_10594/pid_20833
04-22 15:27:43.839  2236  6224 D QuickBackInputPolicy: hasMultiChildrenInTask: false
04-22 15:27:43.839  2236  6224 D WindowManager: NFW_findFocusedWindowIfNeeded:Window{fc92af8 u0 com.android.launcher/com.android.launcher.Launcher} mCurrentFocus:Window{fc92af8 u0 com.android.launcher/com.android.launcher.Launcher}
04-22 15:27:43.843  1406  1406 E PQ_HDR  : DpAsyncBlitStream:: thie platform unsupport compress format
04-22 15:27:43.847  2236  2340 D DisplayManagerServiceExtImpl: scheduleTraversalLocked intraversal=false
04-22 15:27:43.848  2236  2341 D DisplayManagerService: performTraversalInternal pendingTraversal
04-22 15:27:43.848  2236  2341 D DisplayDevice: setLayerStackLocked id=local:4627039422300187648 token=android.os.BinderProxy@51690a0 stack=0->0
04-22 15:27:43.848  2236  2387 D LocalDisplayAdapter: setDesiredDisplayModeSpecsAsync: display unique id = local:4627039422300187648, display mode specs = defaultMode=0 allowGroupSwitching=false primaryRanges=physical: (0.0 120.0) render:  (0.0 120.0) appRequestRanges=physical: (0.0 120.0) render:  (0.0 120.0) idleScreenRefreshRate=null
04-22 15:27:43.848  1537  1636 I SurfaceFlinger: setDesiredDisplayModeSpecs: calling_process=system_server
04-22 15:27:43.849  1537  1636 D SurfaceFlinger: VRR [SurfaceFlinger] setDesiredDisplayModeSpecs, from process 2236, 0, 0, primaryRanges = [ 0.000000, 120.000000, 0.000000, 120.000000 ], appRequestRanges = [ 0.000000, 120.000000, 0.000000 120.000000 ]
04-22 15:27:43.849  1537  1537 I SurfaceFlinger: setDesiredDisplayModeSpecs: policy={defaultModeId=0, allowGroupSwitching=false, primaryRanges={physical=[0.00 Hz, 120.00 Hz], render=[0.00 Hz, 120.00 Hz]}, appRequestRanges={physical=[0.00 Hz, 120.00 Hz], render=[0.00 Hz, 120.00 Hz]} idleScreenConfig=nullptr}
04-22 15:27:43.849  1537  1537 I RefreshRateSelector: Display 4627039422300187648 policy changed
04-22 15:27:43.849  1537  1537 I RefreshRateSelector: Previous: {defaultModeId=0, allowGroupSwitching=false, primaryRanges={physical=[120.00 Hz, 120.00 Hz], render=[120.00 Hz, 120.00 Hz]}, appRequestRanges={physical=[120.00 Hz, 120.00 Hz], render=[120.00 Hz, 120.00 Hz]} idleScreenConfig=nullptr}
04-22 15:27:43.849  1537  1537 I RefreshRateSelector: Current:  DisplayManagerPolicy{defaultModeId=0, allowGroupSwitching=false, primaryRanges={physical=[0.00 Hz, 120.00 Hz], render=[0.00 Hz, 120.00 Hz]}, appRequestRanges={physical=[0.00 Hz, 120.00 Hz], render=[0.00 Hz, 120.00 Hz]} idleScreenConfig=nullptr}
04-22 15:27:43.849  1537  1537 I RefreshRateSelector: 1 mode changes were performed under the previous policy
04-22 15:27:43.849  1537  1537 D SurfaceFlinger: VRR [SurfaceFlinger] applyRefreshRateSelectorPolicy: 0 (120.00 Hz), policy: {defaultModeId=0, allowGroupSwitching=false, primaryRanges={physical=[0.00 Hz, 120.00 Hz], render=[0.00 Hz, 120.00 Hz]}, appRequestRanges={physical=[0.00 Hz, 120.00 Hz], render=[0.00 Hz, 120.00 Hz]} idleScreenConfig=nullptr}
04-22 15:27:43.849  1537  1537 D SurfaceFlinger: VRR [SurfaceFlinger] setDesiredActiveMode: displayId: 4627039422300187648, renderRate: 120, vsyncRate: 120, event: 1
04-22 15:27:43.849  1537  1537 D DisplayModeController: setDesiredMode 4627039422300187648 {mode={fps=120.00 Hz, modePtr={id=0, vsyncRate=120.00 Hz, peakRefreshRate=120.00 Hz}}, emitEvent=true, force=false}
04-22 15:27:43.849  1537  2001 D VRR [OTI]: handleIdle from 0 to 0
04-22 15:27:43.849  1537  2001 D VRR [OTI-HW]: isStateReady 0
04-22 15:27:43.849  1537  2001 D VRR [OTI-HW]: keep rate.
04-22 15:27:43.850  4343  7135 D AudioSystem: +setParameters(): param
04-22 15:27:43.851  2236  4640 I OStatsManager_Calc: add screen power pkgName = com.adarshk8.indplaymonorepo, uid = 10594, power = 13.859999999403954, is Fg = true, fore size = 2, mScale = 1.0
04-22 15:27:43.851  2236  4640 I OStatsManager_Calc: noteBeforePkgSwitch change = false, curTime = 545260283, com.adarshk8.indplaymonorepo, fg = true
04-22 15:27:43.852  2236  4640 I OStatsManager_OplusBatteryStatsManager: updateStateTime: PkgName = com.adarshk8.indplaymonorepo, uid = 10594, state to em, mForegroundCnt = 0, isFg = false
04-22 15:27:43.852  1406  1406 E PQ_HDR  : DpAsyncBlitStream:: thie platform unsupport compress format
04-22 15:27:43.856  3054 25216 I PluginSeedling--Base: SeedlingPluginService-->onStateChange: Bundle[{pkgName=com.adarshk8.indplaymonorepo, pid=20833, uid=10594, state=onProcessDied}]
04-22 15:27:43.856  3054  6428 I PluginSeedling--Origin: PidManger-->diedPkg: com.adarshk8.indplaymonorepo
04-22 15:27:43.856  3054  6428 I PantaCard.SysUi.PantanalClient:  sendKilledPid, pidInfo = PidInfo(hostPidMap={}, umsPidSet=[], extras={diedPkg=com.adarshk8.indplaymonorepo})[sdk:v1.2.120-1234567] [SystemUIPlugin|1.5.3-11143a1]
04-22 15:27:43.856  3054  6428 D PantaCard.SysUi.NoUMSSeedlingManager:  sendKilledPid:PidInfo(hostPidMap={}, umsPidSet=[], extras={diedPkg=com.adarshk8.indplaymonorepo})[sdk:v1.2.120-1234567]
04-22 15:27:43.856  3054  6428 W PantaCard.SysUi.SeedlingSdkInterface:  8 8 gainSeedlingManager no callback invoke failed, since it is not init[sdk:v1.2.120-1234567]
04-22 15:27:43.856  3054  6428 W PantaCard.SysUi.PantanalClient:  getSeedlingManager failed,entrance = [statusbar,type=8,hostId=20][sdk:v1.2.120-1234567]
04-22 15:27:43.856  3054  6428 I PantaCard.SysUi.PantanalClient:  sendKilledPid failed, cause seedlingmanger is null.[sdk:v1.2.120-1234567]
04-22 15:27:43.857  2236  2863 D BackgroundInstallControlService: Package event received: 0
04-22 15:27:43.858  2236  2350 I UserAwareMgr: process killed: {pkgName='com.adarshk8.indplaymonorepo', serviceName='', procName=com.adarshk8.indplaymonorepo, pid=20833, uid=10594, appId=0, owner='null', flags='fg1', renderTid=20856, hwuiTids=[20883, 20884], glTids=null, threadInfos=null, mVideoActivityList=[], mStates=0}
04-22 15:27:43.858  2236  2350 I UserAwareMgr: handleProcessKilled, pkgName: com.adarshk8.indplaymonorepo, pid: 20833
04-22 15:27:43.858  1420  1420 I IPCThreadState: oneway function results for code 2 on binder at 0xb4000073992709a0 will be dropped but finished with status UNKNOWN_TRANSACTION
04-22 15:27:43.858  1420  1420 I vendor.mediatek.hardware.mtkpower_applist-service.mediatek: packName: com.adarshk8.indplaymonorepo actName: com.adarshk8.indplaymonorepo pid: 20833 uid: 10594 state: 3
04-22 15:27:43.858  1420  1420 I MTK_APPList: [notifyAPPstate] com.adarshk8.indplaymonorepo/com.adarshk8.indplaymonorepo, pid=20833, uid=10594, state:DEAD, fps:-1, win:0
04-22 15:27:43.858  1420  1420 I MTK_APPList: [notifyAPPstate] multi_resumed_app_count: 1
04-22 15:27:43.858  1420  1420 I MTK_APPList: [notifyAPPstate] multi_resumed_app_info[0] com.android.launcher/com.android.launcher.Launcher, pid:471, fps:-1, isMultiWindow:0
04-22 15:27:43.858  1420  1420 I MTK_APPList: [getForegroundAPPCount] 1
04-22 15:27:43.858  1420  1420 I MTK_APPList: [notifyAPPstate] pack:com.adarshk8.indplaymonorepo, pid:20833, STATE_DEAD
04-22 15:27:43.858  1420  1420 I MTK_APPList: [notifyNetdUID] 10195
04-22 15:27:43.860  1420  1420 I MTK_APPList: [notifyPID] 471
04-22 15:27:43.860  1497  5566 D AudioBoost: audioSchedBoost, pid=1497, tid=5566, enable=1, ret=0
04-22 15:27:43.861  1497  5566 D AudioFlingerExtImpl: AudioFlingerExtImpl oplusSetParameters: keyvalue onForegroundActivitiesChanged=com.adarshk8.indplaymonorepo:foreground:0|10594:20833
04-22 15:27:43.861  1497  5566 D AudioFlingerExtImpl: updateForegroundInfo, mapInf mForegroundMap(0), uidPidMapInf mForegroundUidPidMap(0)
04-22 15:27:43.861  2236  3264 D TheiaXMLParser: Activity name found in the abnormal activity finish list : false
04-22 15:27:43.861  1497  5566 D AudioBoost: audioSchedBoost, pid=1497, tid=5566, enable=0, ret=0
04-22 15:27:43.862  2236  3264 D ActivityTaskManager: removeAppToken: ActivityRecord{233241905 u0 com.adarshk8.indplaymonorepo/.MainActivity t19612 f}} delayed=true parent=Task{bbbb3a2 #19612 type=standard A=10594:com.adarshk8.indplaymonorepo} animating=true Callers=com.android.server.wm.DisplayContent.removeAppToken:1755 com.android.server.wm.ActivityRecord.removeFromHistory:4972 com.android.server.wm.ActivityRecord.handleAppDied:5337 com.android.server.wm.WindowProcessController.handleAppDied:1718 
04-22 15:27:43.863  2236  3264 D FlexibleWindowManagerService: [resetSiblingEmbeddedTasksToFullScreen] return as is home or recent
04-22 15:27:43.863  2236  3750 I OPM     : handleUidGone uid: 10594, disabled: false
04-22 15:27:43.864  2236  3750 I OPM     : handleAppExit info: ApplicationExitInfo(timestamp=22/04/2026, 15:27 pid=20833 realUid=10594 packageUid=10594 definingUid=10594 user=0 process=com.adarshk8.indplaymonorepo reason=4 (APP CRASH(EXCEPTION)) subreason=0 (UNKNOWN) status=0 importance=100 pss=0.00 rss=0.00 description=crash state=empty trace=null
04-22 15:27:43.865  2236  4113 I OplusHansManager : onUidGone(), 10594 com.adarshk8.indplaymonorepo exit SM
04-22 15:27:43.865  2236  4113 I OplusHansManager : onUidGone(),  keep: 10594 com.adarshk8.indplaymonorepo alarm
04-22 15:27:43.866  2236  3718 I OplusHansManager : uid=10594, pkg=com.adarshk8.indplaymonorepo R exit SM
04-22 15:27:43.866  2236  3718 I OplusHansManager : uid=10594, pkg=com.adarshk8.indplaymonorepo R exit(), R stay=0
04-22 15:27:43.866  2236  2796 D InetDiagMessage: Destroyed 0 sockets, proto=IPPROTO_TCP, family=AF_INET, states=14
04-22 15:27:43.867  2236  2796 D InetDiagMessage: Destroyed 0 sockets, proto=IPPROTO_TCP, family=AF_INET6, states=14
04-22 15:27:43.867  2236  2796 D InetDiagMessage: Destroyed live tcp sockets for uids={10594} in 10ms
04-22 15:27:43.869  2236  2796 D InetDiagMessage: Destroyed 0 sockets, proto=IPPROTO_TCP, family=AF_INET, states=14
04-22 15:27:43.871  2236  2796 D InetDiagMessage: Destroyed 0 sockets, proto=IPPROTO_TCP, family=AF_INET6, states=14
04-22 15:27:43.871  2236  2796 D InetDiagMessage: Destroyed live tcp sockets for uids={20594} in 4ms
04-22 15:27:43.872 20079 20079 D ClockTag_ClockWidget.ClockWidgetWeatherService: registerLocationResultNotifyObserver
04-22 15:27:43.874   633   633 E lowmemorykiller: adj:1001 file_cache: 355275 free:30023
04-22 15:27:43.874   633   633 E lowmemorykiller: device has enough memory 1726608Kib, and freeMemory 120424Kib, disable killing(limit_killing:1468004Kib)
04-22 15:27:43.874 20079 20079 D ClockTag_ClockWidget.ClockWidgetWeatherService: ClockWidgetWeatherService onStartCommand
04-22 15:27:43.874 20079 20079 D ClockTag_ClockWidget.ClockWidgetWeatherService: checkConfigChanged:true
04-22 15:27:43.874 20079 20079 D ClockTag_ClockWidgetState: system config, dual clock:0, split screen:0, color:-16777216/false, screenDisplayModel:0
04-22 15:27:43.874  2236  2340 D FlexibleTaskController: check task which not have enough child, isInSingleWhiteList:false isCloneTask:false
04-22 15:27:43.875 20079 20079 D ClockTag_ClockWidgetState: systemDualClock:0
04-22 15:27:43.875 20079 20079 D ClockTag_ClockWidgetState: systemSplitScreenMode:false
04-22 15:27:43.875 20079 20079 D ClockTag_ClockWidgetState: systemWallpaperColor:-16777216/false
04-22 15:27:43.876 20079 20079 I ClockTag_ClockWidget.ClockWidgetManager: isRPlus = false
04-22 15:27:43.877 20079 20079 D ClockTag_ClockWidget.ClockWidgetManager: allCheck: false
04-22 15:27:43.877 20079 20079 D ClockTag_ClockWidget.BaseWidgetViewHelper: getLocalWeatherInfo isCommonWeatherServiceExist is true
04-22 15:27:43.877 20079 20079 D ClockTag_ClockWidget.BaseWidgetViewHelper: getResidentWeatherInfo isCommonWeatherServiceExist=true 
04-22 15:27:43.877 20079 20079 D ClockTag_ClockWidget.BaseWidgetViewHelper: isExpVersion getCurClockType isDoubleClockOpened:false,localWeatherEntity:WeatherEntity{mDegree='41', mType='54', mDescription='Sunny', mCentigrade='°', mTimeZone='5.5', mParentCityCode='', mLocationResultCode='410000', sunriseTime='1776816513000', sunsetTime='1776863142000'},residentWeatherEntity:null
04-22 15:27:43.877 20079 20079 D ClockTag_ClockWidget.ClockWidgetManager: init clock type:1->1
04-22 15:27:43.877 20079 20079 D ClockTag_ClockWidget.BaseWidgetViewHelper: getLocalWeatherInfo isCommonWeatherServiceExist is true
04-22 15:27:43.878 20079 20079 D ClockTag_OplusDateUtils: isTimeMillisDayTime -- hour = 15 sunriseTime:1776816513000 sunsetTime:1776863142000
04-22 15:27:43.879 20079 20079 D ClockTag_WeatherResUtil: getOpWeatherIcon -- index:54 OP_WEATHER_ICON_LENGTH:71 correctWeatherIndex:54
04-22 15:27:43.884  2236  2340 I DisplayDeviceRepository: Display device changed render timings: "Built-in Screen", renderFrameRate=120.00001, presentationDeadlineNanos=12600000, appVsyncOffsetNanos=1099999, frameRateOverrides=[]
04-22 15:27:43.884 20079 20079 D ClockTag_ClockWidget.ClockWidgetManager: updateTimeAndDateInfo lunar:
04-22 15:27:43.884  2236  2340 D LogicalDisplayExt: set displayInfo flag FLAG_ROTATES_WITH_CONTENT
04-22 15:27:43.884 20079 20079 D ClockTag_ClockWidget.ClockWidgetManager: getLocalDateAndWeatherTime
04-22 15:27:43.885 20079 20079 D ClockTag_ClockWidget.ClockWidgetManager: updateLocalData type:false weather:false time:false force:true
04-22 15:27:43.885 20079 20079 D ClockTag_WidgetUpdateHelper: start update all widgets
04-22 15:27:43.885 20079 20079 D ClockTag_WidgetUpdateHelper: getWidgetIds: class com.coloros.widget.smallweather.OppoWeather
04-22 15:27:43.886  2236  2863 D BackgroundInstallControlService: Package event received: 0
04-22 15:27:43.886 20079 20079 D ClockTag_WidgetUpdateHelper: updateWidget: null class com.coloros.widget.smallweather.OppoWeather
04-22 15:27:43.886 20079 20079 D ClockTag_WidgetUpdateHelper: getWidgetIds: class com.coloros.widget.smallweather.OppoWeatherSingle
04-22 15:27:43.889 20079 20079 D ClockTag_WidgetUpdateHelper: getWidgetViewProxy:480
04-22 15:27:43.890  2236  2340 W ActivityManager: setHasOverlayUi called on unknown pid: 20833
04-22 15:27:43.891  2236  2340 D DisplayManagerService: MSG_REQUEST_TRAVERSAL pendingCompleted=false
04-22 15:27:43.893 20079 20079 D ClockTag_WidgetUpdateHelper: updateWidget: [I@79051d0 class com.coloros.widget.smallweather.OppoWeatherSingle
04-22 15:27:43.893 20079 20079 D ClockTag_WidgetUpdateHelper: checkResizeWidgetIds widget size: 1
