04-22 15:26:33.515 17712 17712 D DashboardFragment: unregister observer: @c90fdba, uri: content://com.android.simsettings.nrmode_visibility_attr_provider/getVisibilityAttr
04-22 15:26:33.512  1420  1420 I MTK_APPList: [notifyAPPstate] com.oplus.account/com.oplus.account, pid=17770, uid=10115, state:DEAD, fps:-1, win:0
04-22 15:26:33.517  1420  1420 I MTK_APPList: [notifyAPPstate] multi_resumed_app_count: 0
04-22 15:26:33.517  1420  1420 I MTK_APPList: [getForegroundAPPCount] 1
04-22 15:26:33.517  1420  1420 I MTK_APPList: [notifyAPPstate] pack:com.oplus.account, pid:17770, STATE_DEAD
04-22 15:26:33.517  1420  1420 I MTK_APPList: [notifyNetdUID] 1000
04-22 15:26:33.517 17712 17712 D DashboardFragment: unregister observer: @7ae2461, uri: content://com.android.simsettings.demands.common.ChinaRoamingProvider/getDynamicSummary/china_roaming_key
04-22 15:26:33.518  1420  1420 I MTK_APPList: [notifyPID] 17712
04-22 15:26:33.519 17712 17712 D DashboardFragment: unregister observer: @8413b86, uri: content://com.android.simsettings.demands.common.ChinaRoamingProvider/isChecked/china_roaming_key
04-22 15:26:33.519 19176 19176 W market_info: market_pid = 19176 , market_versionName = 16.88.8InGlobal_merge , market_versionCode = 168808
04-22 15:26:33.521 17712 17712 D DashboardFragment: unregister observer: @38d5c47, uri: content://com.android.simsettings.demands.common.ChinaRoamingProvider/getVisibilityAttr/china_roaming_key
04-22 15:26:33.522  2236  3970 W Athena  : athena_optimize: recordTime, mLastDeathTime: 530111
04-22 15:26:33.522  2236  3970 W Athena  : athena_optimize: recordInterval,  intervalTime: 15044
04-22 15:26:33.522  2236  3970 E Athena  : athena_optimize: pkg: com.oplus.account, processName: com.oplus.accountgetPercentage: 23
04-22 15:26:33.523  2236  3348 I ActivityManager: Flag disabled. Ignoring finishAttachApplication from uid: 10233. pid: 19176
04-22 15:26:33.523 17712 17712 D DashboardFragment: unregister observer: @8658a12, uri: content://com.android.phone.esim.settings.EsimGpio_Provider/getDynamicSummary/esimgpio_display_key
04-22 15:26:33.526 17712 17712 D DashboardFragment: unregister observer: @f3975e3, uri: content://com.android.phone.esim.settings.EsimGpio_Provider/isChecked/esimgpio_display_key
04-22 15:26:33.527  2236  2367 D BatteryExternalStatsWorker: end updateExternalStatsSync
04-22 15:26:33.528 17712 17712 D DashboardFragment: unregister observer: @df48be0, uri: content://com.android.phone.esim.settings.EsimGpio_Provider/getVisibilityAttr/esimgpio_display_key
04-22 15:26:33.528 19176 19530 W market_check_upgrade: result: false ,from charge: android.intent.action.ACTION_POWER_CONNECTED ,charging: true ,last: 2026-04-22 15:09:45 ,current: 2026-04-22 15:26:33 ,interval: 16 min
04-22 15:26:33.530 17712 17712 D DashboardFragment: unregister observer: @8038d3f, uri: content://com.android.simsettings.demands.FiveG_Display_SwitchProvider/getDynamicSummary/fiveg_display_key
04-22 15:26:33.532 17712 17712 D DashboardFragment: unregister observer: @c46860c, uri: content://com.android.simsettings.demands.FiveG_Display_SwitchProvider/isChecked/fiveg_display_key
04-22 15:26:33.534 17712 17712 D DashboardFragment: unregister observer: @26eb55, uri: content://com.android.simsettings.demands.FiveG_Display_SwitchProvider/getVisibilityAttr/fiveg_display_key
04-22 15:26:33.536 19176 19176 I Choreographer: Skipped 120 frames!  The application may be doing too much work on its main thread.
04-22 15:26:33.538 19176 19176 E SchedAssist: open sharedFd failed with error=Permission denied
04-22 15:26:33.554 19176 19558 I m.heytap.market: Waiting for a blocking GC Explicit
04-22 15:26:33.558 19176 19176 W market_check_upgrade: isBrandOsV3 setAppBadgeCount, cnt = 33, tp = 1, upgradeSize = 33, isNumOpen = true
04-22 15:26:33.559 19176 19176 W market_check_upgrade: execute setAppBadgeCount insert cp !33_33
04-22 15:26:33.560 17712 17712 D ViewRootImplExtImpl: wrapConfigInfoIntoFlags rotation=0, smallestScreenWidthDp=360, residentWS=false, scenario=0, bounds=Rect(0, 0 - 1080, 2400), relayoutAsync=false, flags=0, newFlags=1258302720, title=com.android.settings/com.android.settings.SubSettings
04-22 15:26:33.562   633   633 E lowmemorykiller: Fail to connect to socket duraSpeedMem. return code: -1
04-22 15:26:33.562   633   633 I lowmemorykiller: Kill 'com.heytap.market' (19176), uid 10233, oom_score_adj 905 to free 178620kB rss, 52952kB swap; reason: low watermark is breached
04-22 15:26:33.572 17712 17712 D VRI[SubSettings]: relayoutWindow result, sizeChanged:false, surfaceControlChanged:true, transformHintChanged:false, mSurfaceSize:Point(1080, 2400), mLastSurfaceSize:Point(1080, 2400), mWidth:1080, mHeight:2400, requestedWidth:1080, requestedHeight:2400, transformHint:0, installOrientation:0, displayRotation:0, isSurfaceValid:false, attr.flag:-2122252032, tmpFrames:ClientWindowFrames{frame=[0,0][1080,2400] display=[0,0][1080,2400] parentFrame=[0,0][0,0]}, relayoutAsync:false, mSyncSeqId:0
04-22 15:26:33.579  2236  2257 I WindowManager: Window{4e3f72c u0 com.android.settings/com.android.settings.SubSettings} state from DRAW_PENDING to NO_SURFACE; reason: destroySurface
04-22 15:26:33.580  2236  2863 D BackgroundInstallControlService: Package event received: 0
04-22 15:26:33.580  2236  2257 D OplusStartingWindowManager: skip remove starting window for activity = ActivityRecord{238985988 u0 com.android.settings/.SubSettings t19609} ,ar != topActivityContainsStartingWindow on activityStopped
04-22 15:26:33.619 19320 19559 D CompatChangeReporter: Compat change id reported: 312399441; UID 10313; state: ENABLED
04-22 15:26:33.632  1421  1531 I mtkpower@impl: [powerd_req] TIMER_MSG_PERF_LOCK_TIMEOUT hdl:434555
04-22 15:26:33.632  1421  1531 I [UAH_CLIENT]: UahRelease, handle:468115
04-22 15:26:33.637 19129 19158 I Finsky:background: [1627] WM::SCH: Logging work initialize for 3-345941
04-22 15:26:33.641 19129 19158 I Finsky:background: [1627] WM::SCH: Logging work initialize for 3-345942
04-22 15:26:33.642 19129 19158 I Finsky:background: [1627] WM::SCH: Logging work initialize for 3-345943
04-22 15:26:33.642 19129 19158 I Finsky:background: [1627] WM::SCH: Logging work initialize for 3-345944
04-22 15:26:33.642 19129 19158 I Finsky:background: [1627] WM::SCH: Logging work initialize for 3-345945
04-22 15:26:33.642 19129 19158 I Finsky:background: [1627] WM::SCH: Logging work initialize for 3-345946
04-22 15:26:33.642 19129 19158 I Finsky:background: [1627] WM::SCH: Logging work initialize for 3-345947
04-22 15:26:33.642 19129 19158 I Finsky:background: [1627] WM::SCH: Logging work initialize for 3-345948
04-22 15:26:33.642 19129 19158 I Finsky:background: [1627] WM::SCH: Logging work initialize for 3-345949
04-22 15:26:33.642 19129 19158 I Finsky:background: [1627] WM::SCH: Logging work initialize for 3-345950
04-22 15:26:33.642 19129 19158 I Finsky:background: [1627] WM::SCH: Logging work initialize for 3-345951
04-22 15:26:33.642 19129 19158 I Finsky:background: [1627] WM::SCH: Logging work initialize for 3-345952
04-22 15:26:33.642 19129 19158 I Finsky:background: [1627] WM::SCH: Logging work initialize for 3-345953
04-22 15:26:33.643 19129 19158 I Finsky:background: [1627] WM::SCH: Logging work initialize for 3-345954
04-22 15:26:33.643 19129 19158 I Finsky:background: [1627] WM::SCH: Logging work initialize for 3-345955
04-22 15:26:33.643 19129 19158 I Finsky:background: [1627] WM::SCH: Logging work initialize for 3-345956
04-22 15:26:33.656   633   633 E lowmemorykiller: adj:1001 file_cache: 339689 free:11959
04-22 15:26:33.656   633   633 E lowmemorykiller: device has enough memory 1523364Kib, and freeMemory 50952Kib, disable killing(limit_killing:1468004Kib)
04-22 15:26:33.656  1376  1376 I Zygote  : Process 19176 exited due to signal 9 (Killed)
04-22 15:26:33.656  2236  2257 I OplusAppSwitchManagerService: hanldeBinderDied
04-22 15:26:33.656  2236  2257 I OplusAppSwitchManagerService: appswitch unregisterAppSwitchObserver pkgName = com.heytap.market_167646748 config = OplusAppSwitchConfig = {  observerFingerPrint = 238949263}
04-22 15:26:33.657  2236  2462 I ActivityManager: Death received, pid = 19176, processName = com.heytap.market for thread android.os.BinderProxy@18ec5a8
04-22 15:26:33.657  2236  2257 I OplusAppSwitchStateDispatcher: unregisterAppSwitchObserver ok, pkgName = com.heytap.market info = OplusAppSwitchRuleInfo = {  observer = null observerFingerPrint = 238949263}
04-22 15:26:33.657 17712 17979 D OplusGraphicsEvent: FRTC type change to 1, rate: 30, info: false
04-22 15:26:33.657  2236  3264 I ActivityManager: Process com.heytap.market (pid 19176) has died: cch+5 CEM 
04-22 15:26:33.658  2236  2796 D ConnectivityService: releasing NetworkRequest [ REQUEST id=79021, [ Capabilities: INTERNET&NOT_RESTRICTED&TRUSTED&NOT_VCN_MANAGED&NOT_BANDWIDTH_CONSTRAINED Uid: 10233 RequestorUid: 10233 RequestorPkg: com.heytap.market UnderlyingNetworks: Null] ] (release request)
04-22 15:26:33.658  2236  3264 D OplusAppStartupManager: prevent restart service, pkgName = com.heytap.market, scenePriority = -1
04-22 15:26:33.658  2236  2357 I libprocessgroup: Removed cgroup /sys/fs/cgroup/apps/uid_10233/pid_19176
04-22 15:26:33.664  1420  1420 I IPCThreadState: oneway function results for code 2 on binder at 0xb4000073992709a0 will be dropped but finished with status UNKNOWN_TRANSACTION
04-22 15:26:33.664  1420  1420 I vendor.mediatek.hardware.mtkpower_applist-service.mediatek: packName: com.heytap.market actName: com.heytap.market pid: 19176 uid: 10233 state: 3
04-22 15:26:33.664  1420  1420 I MTK_APPList: [notifyAPPstate] com.heytap.market/com.heytap.market, pid=19176, uid=10233, state:DEAD, fps:-1, win:0
04-22 15:26:33.664  1420  1420 I MTK_APPList: [notifyAPPstate] multi_resumed_app_count: 0
04-22 15:26:33.664  1420  1420 I MTK_APPList: [getForegroundAPPCount] 1
04-22 15:26:33.664  1420  1420 I MTK_APPList: [notifyAPPstate] pack:com.heytap.market, pid:19176, STATE_DEAD
04-22 15:26:33.664  1420  1420 I MTK_APPList: [notifyNetdUID] 1000
04-22 15:26:33.664  3054  7868 I PluginSeedling--Base: SeedlingPluginService-->onStateChange: Bundle[{pkgName=com.heytap.market, pid=19176, uid=10233, state=onProcessDied}]
04-22 15:26:33.664  3054  6428 I PluginSeedling--Origin: PidManger-->diedPkg: com.heytap.market
04-22 15:26:33.665  3054  6428 I PantaCard.SysUi.PantanalClient:  sendKilledPid, pidInfo = PidInfo(hostPidMap={}, umsPidSet=[], extras={diedPkg=com.heytap.market})[sdk:v1.2.120-1234567] [SystemUIPlugin|1.5.3-11143a1]
04-22 15:26:33.667  2236  3264 E WindowProcessControllerExtImpl: shouldMakeAbnormalActivityFinishing, list may empty, mHasActivities: false
04-22 15:26:33.668  1420  1420 I MTK_APPList: [notifyPID] 17712
04-22 15:26:33.668  3054  6428 D PantaCard.SysUi.NoUMSSeedlingManager:  sendKilledPid:PidInfo(hostPidMap={}, umsPidSet=[], extras={diedPkg=com.heytap.market})[sdk:v1.2.120-1234567]
04-22 15:26:33.668  3054  6428 W PantaCard.SysUi.SeedlingSdkInterface:  8 8 gainSeedlingManager no callback invoke failed, since it is not init[sdk:v1.2.120-1234567]
04-22 15:26:33.668  2236  4640 I OStatsManager_OplusBatteryStatsManager: updateStateTime: PkgName = com.heytap.market, uid = 10233, state to em, mForegroundCnt = 0, isFg = false
04-22 15:26:33.668  3054  6428 W PantaCard.SysUi.PantanalClient:  getSeedlingManager failed,entrance = [statusbar,type=8,hostId=20][sdk:v1.2.120-1234567]
04-22 15:26:33.668  3054  6428 I PantaCard.SysUi.PantanalClient:  sendKilledPid failed, cause seedlingmanger is null.[sdk:v1.2.120-1234567]
04-22 15:26:33.670  2236  3970 W Athena  : athena_optimize: recordTime, mLastDeathTime: 545156
04-22 15:26:33.670  2236  3970 W Athena  : athena_optimize: recordInterval,  intervalTime: 28
04-22 15:26:33.670  2236  3970 E Athena  : athena_optimize: pkg: com.heytap.market, processName: com.heytap.marketgetPercentage: 20
04-22 15:26:33.678   633   633 E lowmemorykiller: adj:1001 file_cache: 340101 free:12526
04-22 15:26:33.678   633   633 E lowmemorykiller: device has enough memory 1527028Kib, and freeMemory 52968Kib, disable killing(limit_killing:1468004Kib)
04-22 15:26:33.678 19320 19320 D OplusGraphicsEvent: OplusGraphicsEventListener create now!
04-22 15:26:33.680  2236  3255 I Osense-BaseDecisionMaker: notifySceneToAthenaPolicy: SCENE_RES_IO_PSI, bundle: Bundle[{ioLevel=3}]
04-22 15:26:33.680 19320 19320 D OplusGraphicsEvent: addEventListener success!
04-22 15:26:33.680  2236  3255 I Osense-BaseDecisionMaker: OSense not supported scene! SCENE_RES_IO_PSI
04-22 15:26:33.680 17712 17979 D OplusGraphicsEvent: FRTC type change to 1, rate: 30, info: false
04-22 15:26:33.680  3646  6674 D OLK-NAS : unregisterInternalCallback()
04-22 15:26:33.685 19129 19173 I Finsky:background: [1635] SCH: Scheduling phonesky job Id: 3-345941, CT: 1776851790840, Constraints: [{ L: 0, D: 86400000, C: CHARGING_NONE, I: IDLE_REQUIRED, N: NET_ANY, B: BATTERY_ANY }]
04-22 15:26:33.685 19320 19320 E [UAH_CLIENT]: uahInit enter
04-22 15:26:33.685 19129 19173 I Finsky:background: [1635] SCH: Scheduling phonesky job Id: 3-345942, CT: 1776851791138, Constraints: [{ L: 0, D: 86400000, C: CHARGING_REQUIRED, I: IDLE_REQUIRED, N: NET_ANY, B: BATTERY_ANY }]
04-22 15:26:33.685 19129 19173 I Finsky:background: [1635] SCH: Scheduling phonesky job Id: 3-345943, CT: 1776851791138, Constraints: [{ L: 0, D: 86400000, C: CHARGING_NONE, I: IDLE_REQUIRED, N: NET_ANY, B: BATTERY_ANY }]
04-22 15:26:33.686 19129 19173 I Finsky:background: [1635] SCH: Scheduling phonesky job Id: 3-345944, CT: 1776851791139, Constraints: [{ L: 0, D: 86400000, C: CHARGING_NONE, I: IDLE_REQUIRED, N: NET_UNMETERED, B: BATTERY_ANY }]
04-22 15:26:33.686 19129 19173 I Finsky:background: [1635] SCH: Scheduling phonesky job Id: 3-345945, CT: 1776851791141, Constraints: [{ L: 0, D: 86400000, C: CHARGING_REQUIRED, I: IDLE_REQUIRED, N: NET_UNMETERED, B: BATTERY_ANY }]
04-22 15:26:33.686 19129 19173 I Finsky:background: [1635] SCH: Scheduling phonesky job Id: 3-345946, CT: 1776851791143, Constraints: [{ L: 0, D: 86400000, C: CHARGING_REQUIRED, I: IDLE_NONE, N: NET_ANY, B: BATTERY_ANY }]
04-22 15:26:33.687 19129 19173 I Finsky:background: [1635] SCH: Scheduling phonesky job Id: 3-345947, CT: 1776851791144, Constraints: [{ L: 0, D: 86400000, C: CHARGING_NONE, I: IDLE_REQUIRED, N: NET_UNMETERED, B: BATTERY_ANY }]
04-22 15:26:33.687 19129 19173 I Finsky:background: [1635] SCH: Scheduling phonesky job Id: 3-345948, CT: 1776851791144, Constraints: [{ L: 0, D: 86400000, C: CHARGING_REQUIRED, I: IDLE_NONE, N: NET_UNMETERED, B: BATTERY_ANY }]
04-22 15:26:33.687 19129 19173 I Finsky:background: [1635] SCH: Scheduling phonesky job Id: 3-345949, CT: 1776851791145, Constraints: [{ L: 0, D: 86400000, C: CHARGING_NONE, I: IDLE_NONE, N: NET_UNMETERED, B: BATTERY_ANY }]
04-22 15:26:33.687 19129 19173 I Finsky:background: [1635] SCH: Scheduling phonesky job Id: 3-345950, CT: 1776851791145, Constraints: [{ L: 0, D: 86400000, C: CHARGING_REQUIRED, I: IDLE_NONE, N: NET_UNMETERED, B: BATTERY_ANY }]
04-22 15:26:33.687 19129 19173 I Finsky:background: [1635] SCH: Scheduling phonesky job Id: 3-345951, CT: 1776851791145, Constraints: [{ L: 34409167, D: 45209167, C: CHARGING_NONE, I: IDLE_REQUIRED, N: NET_ANY, B: BATTERY_ANY }]
04-22 15:26:33.688 19129 19173 I Finsky:background: [1635] SCH: Scheduling phonesky job Id: 3-345952, CT: 1776851791146, Constraints: [{ L: 0, D: 86400000, C: CHARGING_NONE, I: IDLE_NONE, N: NET_UNMETERED, B: BATTERY_ANY }]
04-22 15:26:33.688 19129 19173 I Finsky:background: [1635] SCH: Scheduling phonesky job Id: 3-345953, CT: 1776851791148, Constraints: [{ L: 0, D: 86400000, C: CHARGING_REQUIRED, I: IDLE_NONE, N: NET_UNMETERED, B: BATTERY_ANY }]
04-22 15:26:33.688 19129 19173 I Finsky:background: [1635] SCH: Scheduling phonesky job Id: 3-345954, CT: 1776851791148, Constraints: [{ L: 0, D: 86400000, C: CHARGING_REQUIRED, I: IDLE_NONE, N: NET_UNMETERED, B: BATTERY_ANY }]
04-22 15:26:33.688 19129 19173 I Finsky:background: [1635] SCH: Scheduling phonesky job Id: 3-345955, CT: 1776851791148, Constraints: [{ L: 0, D: 86400000, C: CHARGING_REQUIRED, I: IDLE_NONE, N: NET_ANY, B: BATTERY_ANY }]
04-22 15:26:33.689 19129 19173 I Finsky:background: [1635] SCH: Scheduling phonesky job Id: 3-345956, CT: 1776851791149, Constraints: [{ L: 0, D: 86400000, C: CHARGING_REQUIRED, I: IDLE_REQUIRED, N: NET_UNMETERED, B: BATTERY_ANY }]
04-22 15:26:33.690 19320 19320 W naptube.premium: AIBinder_linkToDeath is being called with a non-null cookie and no onUnlink callback set. This might not be intended. AIBinder_DeathRecipient_setOnUnlinked should be called first.
04-22 15:26:33.691  1488  1499 I UrccFramework-halservice: Urcc::init is called 
04-22 15:26:33.692 19320 19320 I [UAH_CLIENT]: UahGetFeatureStatus enter
04-22 15:26:33.692  1443  1443 D ChargerInfo: getInfo: type: 0x1, update: 1
04-22 15:26:33.692  1443  1463 D ChargerInfo: chargerInfoUpdateThread: update start
04-22 15:26:33.698 19129 19202 I Finsky:background: [1641] SCH: Scheduling 1 system job(s)
04-22 15:26:33.699 19129 19202 I Finsky:background: [1641] SCH: Scheduling system job Id: 10441, L: 0, D: 45206321, C: false, I: true, N: 1
04-22 15:26:33.700  1443  1463 D ChargerInfo: enableTx: path(/proc/wireless/enable_tx): not exist
04-22 15:26:33.705  1443  1463 D ChargerInfo: get_ui_charge_icon_type: 0 0 0 0
04-22 15:26:33.706 19320 19320 D nativeloader: Load libpowerhalwrap_jni.so using system ns (caller=/system_ext/framework/mediatek-framework.jar): ok
04-22 15:26:33.706 19320 19320 I PowerHalWrapper: PowerHalWrapper.getInstance 
04-22 15:26:33.706  1443  1463 D ChargerInfo: cpaPower:2500 isChargeOnline:1 isSupportRetentionTopic:0
04-22 15:26:33.706  1443  1463 E ChargerInfo: SingleHyperPath not found
04-22 15:26:33.706 19320 19320 I PowerHalWrapper: PowerHalWrapper.getInstance 
04-22 15:26:33.707 19320 19320 I M-ProMotion: M-ProMotion is disabled
04-22 15:26:33.707  1443  1463 D ChargerInfo: CarC: path(/sys/class/oplus_chg/battery/gauge_car_c): not exist
04-22 15:26:33.707  1443  1463 D ChargerInfo: chargerInfoUpdateThread: update end
04-22 15:26:33.707  1443  1463 D ChargerInfo: chargerInfoUpdateThread: update wait
04-22 15:26:33.707  1443  1443 D ChargerInfo: enableTx: path(/proc/wireless/enable_tx): not exist
04-22 15:26:33.709  1443  1443 D ChargerInfo: getInfo: {"Update":{"batteryFcc":4815,"batteryRm":1849,"bddLeakCurr":0,"bmsStatus":0,"bypassChgStatus":0,"chargeTimeRemaining":0,"cpaPower":2,"enableTx":true,"fastCharge":0,"isSupportSpeedCharge":0,"notifyCode":0,"otgOnline":0,"ppsChargePower":0,"ppsCharging":0,"shortCHwStatus":0,"shortIcOtpStatus":0,"uiIconType":0,"uiPower":0,"usbStatus":0,"wlsAdapterPower":0}}
04-22 15:26:33.712  1443  1443 D ChargerInfo: getInfo: type: 0x1, update: 1
04-22 15:26:33.712  1443  1463 D ChargerInfo: chargerInfoUpdateThread: update start
04-22 15:26:33.713 19320 19320 D CompatChangeReporter: Compat change id reported: 279646685; UID 10313; state: ENABLED
04-22 15:26:33.714  1443  1463 D ChargerInfo: enableTx: path(/proc/wireless/enable_tx): not exist
04-22 15:26:33.716  1443  1463 D ChargerInfo: get_ui_charge_icon_type: 0 0 0 0
04-22 15:26:33.717  1443  1463 D ChargerInfo: cpaPower:2500 isChargeOnline:1 isSupportRetentionTopic:0
04-22 15:26:33.717  1443  1463 E ChargerInfo: SingleHyperPath not found
04-22 15:26:33.717  1443  1463 D ChargerInfo: CarC: path(/sys/class/oplus_chg/battery/gauge_car_c): not exist
04-22 15:26:33.718  1443  1463 D ChargerInfo: chargerInfoUpdateThread: update end
04-22 15:26:33.718  1443  1463 D ChargerInfo: chargerInfoUpdateThread: update wait
04-22 15:26:33.718  1443  1443 D ChargerInfo: enableTx: path(/proc/wireless/enable_tx): not exist
04-22 15:26:33.718  1443  1443 D ChargerInfo: getInfo: {"Update":{"batteryFcc":4815,"batteryRm":1849,"bddLeakCurr":0,"bmsStatus":0,"bypassChgStatus":0,"chargeTimeRemaining":0,"cpaPower":2,"enableTx":true,"fastCharge":0,"isSupportSpeedCharge":0,"notifyCode":0,"otgOnline":0,"ppsChargePower":0,"ppsCharging":0,"shortCHwStatus":0,"shortIcOtpStatus":0,"uiIconType":0,"uiPower":0,"usbStatus":0,"wlsAdapterPower":0}}
04-22 15:26:33.718  2236  3930 I AppProfilerExtImpl: delay mem upgrade factor change for AS 6201
04-22 15:26:33.724 19320 19451 D LaunchStart-doInitQueue: run SpPreloadTask
04-22 15:26:33.727 19320 19562 I MMKV    : <MemoryFile.cpp:98::open> open fd[0x76], /data/user/0/com.snaptube.premium/files/mmkv/WebViewProfilePrefsDefault
04-22 15:26:33.727 19320 19562 I MMKV    : <MemoryFile.cpp:203::mmap> mmap to address [0x7442a37000], oldPtr [0x0], [/data/user/0/com.snaptube.premium/files/mmkv/WebViewProfilePrefsDefault]
04-22 15:26:33.727 19320 19562 I MMKV    : <MemoryFile.cpp:98::open> open fd[0x77], /data/user/0/com.snaptube.premium/files/mmkv/WebViewProfilePrefsDefault.crc
04-22 15:26:33.727 19320 19562 I MMKV    : <MemoryFile.cpp:203::mmap> mmap to address [0x743e8fc000], oldPtr [0x0], [/data/user/0/com.snaptube.premium/files/mmkv/WebViewProfilePrefsDefault.crc]
04-22 15:26:33.727 19320 19562 I MMKV    : <MemoryFile.cpp:98::open> open fd[0x78], /data/user/0/com.snaptube.premium/files/mmkv/com.snaptube.licensing
04-22 15:26:33.727 19320 19562 I MMKV    : <MemoryFile.cpp:203::mmap> mmap to address [0x743e8fb000], oldPtr [0x0], [/data/user/0/com.snaptube.premium/files/mmkv/com.snaptube.licensing]
04-22 15:26:33.727 19320 19562 I MMKV    : <MemoryFile.cpp:98::open> open fd[0x79], /data/user/0/com.snaptube.premium/files/mmkv/com.snaptube.licensing.crc
04-22 15:26:33.727 19320 19562 I MMKV    : <MemoryFile.cpp:203::mmap> mmap to address [0x743e762000], oldPtr [0x0], [/data/user/0/com.snaptube.premium/files/mmkv/com.snaptube.licensing.crc]
04-22 15:26:33.728 19320 19562 I MMKV    : <MemoryFile.cpp:98::open> open fd[0x7a], /data/user/0/com.snaptube.premium/files/mmkv/pref_id_day_times
04-22 15:26:33.728 19320 19562 I MMKV    : <MemoryFile.cpp:203::mmap> mmap to address [0x743e761000], oldPtr [0x0], [/data/user/0/com.snaptube.premium/files/mmkv/pref_id_day_times]
04-22 15:26:33.728 19320 19562 I MMKV    : <MemoryFile.cpp:98::open> open fd[0x7b], /data/user/0/com.snaptube.premium/files/mmkv/pref_id_day_times.crc
04-22 15:26:33.728 19320 19562 I MMKV    : <MemoryFile.cpp:203::mmap> mmap to address [0x743e724000], oldPtr [0x0], [/data/user/0/com.snaptube.premium/files/mmkv/pref_id_day_times.crc]
04-22 15:26:33.728 19320 19562 I MMKV    : <MemoryFile.cpp:98::open> open fd[0x7c], /data/user/0/com.snaptube.premium/files/mmkv/com.snaptube.premium
04-22 15:26:33.728 19320 19562 I MMKV    : <MemoryFile.cpp:203::mmap> mmap to address [0x7439d72000], oldPtr [0x0], [/data/user/0/com.snaptube.premium/files/mmkv/com.snaptube.premium]
04-22 15:26:33.728 19320 19562 I MMKV    : <MemoryFile.cpp:98::open> open fd[0x7d], /data/user/0/com.snaptube.premium/files/mmkv/com.snaptube.premium.crc
04-22 15:26:33.728 19320 19562 I MMKV    : <MemoryFile.cpp:203::mmap> mmap to address [0x743e723000], oldPtr [0x0], [/data/user/0/com.snaptube.premium/files/mmkv/com.snaptube.premium.crc]
04-22 15:26:33.728 19320 19562 I MMKV    : <MemoryFile.cpp:98::open> open fd[0x7e], /data/user/0/com.snaptube.premium/files/mmkv/pref.adlog_cache
04-22 15:26:33.729 19320 19562 I MMKV    : <MemoryFile.cpp:203::mmap> mmap to address [0x743e3ab000], oldPtr [0x0], [/data/user/0/com.snaptube.premium/files/mmkv/pref.adlog_cache]
04-22 15:26:33.729 19320 19562 I MMKV    : <MemoryFile.cpp:98::open> open fd[0x7f], /data/user/0/com.snaptube.premium/files/mmkv/pref.adlog_cache.crc
04-22 15:26:33.729 19320 19562 I MMKV    : <MemoryFile.cpp:203::mmap> mmap to address [0x743e722000], oldPtr [0x0], [/data/user/0/com.snaptube.premium/files/mmkv/pref.adlog_cache.crc]
04-22 15:26:33.729 19320 19562 I MMKV    : <MemoryFile.cpp:98::open> open fd[0x80], /data/user/0/com.snaptube.premium/files/mmkv/pref.content_config
04-22 15:26:33.729 19320 19562 I MMKV    : <MemoryFile.cpp:203::mmap> mmap to address [0x7439c81000], oldPtr [0x0], [/data/user/0/com.snaptube.premium/files/mmkv/pref.content_config]
04-22 15:26:33.729 19320 19562 I MMKV    : <MemoryFile.cpp:98::open> open fd[0x81], /data/user/0/com.snaptube.premium/files/mmkv/pref.content_config.crc
04-22 15:26:33.730 19320 19562 I MMKV    : <MemoryFile.cpp:203::mmap> mmap to address [0x743e70b000], oldPtr [0x0], [/data/user/0/com.snaptube.premium/files/mmkv/pref.content_config.crc]
04-22 15:26:33.730 19320 19562 I MMKV    : <MemoryFile.cpp:98::open> open fd[0x82], /data/user/0/com.snaptube.premium/files/mmkv/ad.event.persistent
04-22 15:26:33.730 19320 19562 I MMKV    : <MemoryFile.cpp:203::mmap> mmap to address [0x743e70a000], oldPtr [0x0], [/data/user/0/com.snaptube.premium/files/mmkv/ad.event.persistent]
04-22 15:26:33.730 19320 19562 I MMKV    : <MemoryFile.cpp:98::open> open fd[0x83], /data/user/0/com.snaptube.premium/files/mmkv/ad.event.persistent.crc
04-22 15:26:33.730 19320 19562 I MMKV    : <MemoryFile.cpp:203::mmap> mmap to address [0x743e702000], oldPtr [0x0], [/data/user/0/com.snaptube.premium/files/mmkv/ad.event.persistent.crc]
04-22 15:26:33.730 19320 19562 I MMKV    : <MemoryFile.cpp:98::open> open fd[0x84], /data/user/0/com.snaptube.premium/files/mmkv/sensorsdata
04-22 15:26:33.730 19320 19562 I MMKV    : <MemoryFile.cpp:203::mmap> mmap to address [0x743e701000], oldPtr [0x0], [/data/user/0/com.snaptube.premium/files/mmkv/sensorsdata]
04-22 15:26:33.730 19320 19562 I MMKV    : <MemoryFile.cpp:98::open> open fd[0x85], /data/user/0/com.snaptube.premium/files/mmkv/sensorsdata.crc
04-22 15:26:33.730 19320 19562 I MMKV    : <MemoryFile.cpp:203::mmap> mmap to address [0x743e700000], oldPtr [0x0], [/data/user/0/com.snaptube.premium/files/mmkv/sensorsdata.crc]
04-22 15:26:33.731 19320 19562 I MMKV    : <MemoryFile.cpp:98::open> open fd[0x86], /data/user/0/com.snaptube.premium/files/mmkv/plugins_PACM
04-22 15:26:33.731 19320 19562 I MMKV    : <MemoryFile.cpp:203::mmap> mmap to address [0x743e6ff000], oldPtr [0x0], [/data/user/0/com.snaptube.premium/files/mmkv/plugins_PACM]
04-22 15:26:33.731 19320 19562 I MMKV    : <MemoryFile.cpp:98::open> open fd[0x87], /data/user/0/com.snaptube.premium/files/mmkv/plugins_PACM.crc
04-22 15:26:33.731 19320 19562 I MMKV    : <MemoryFile.cpp:203::mmap> mmap to address [0x743e6b5000], oldPtr [0x0], [/data/user/0/com.snaptube.premium/files/mmkv/plugins_PACM.crc]
04-22 15:26:33.731 19320 19562 I MMKV    : <MemoryFile.cpp:98::open> open fd[0x88], /data/user/0/com.snaptube.premium/files/mmkv/com.sensorsdata.analytics.android.sdk.SensorsDataAPI
04-22 15:26:33.731 19320 19562 I MMKV    : <MemoryFile.cpp:203::mmap> mmap to address [0x743e5d0000], oldPtr [0x0], [/data/user/0/com.snaptube.premium/files/mmkv/com.sensorsdata.analytics.android.sdk.SensorsDataAPI]
04-22 15:26:33.731 19320 19562 I MMKV    : <MemoryFile.cpp:98::open> open fd[0x89], /data/user/0/com.snaptube.premium/files/mmkv/com.sensorsdata.analytics.android.sdk.SensorsDataAPI.crc
04-22 15:26:33.731 19320 19562 I MMKV    : <MemoryFile.cpp:203::mmap> mmap to address [0x743e579000], oldPtr [0x0], [/data/user/0/com.snaptube.premium/files/mmkv/com.sensorsdata.analytics.android.sdk.SensorsDataAPI.crc]
04-22 15:26:33.732 19320 19562 I MMKV    : <MemoryFile.cpp:98::open> open fd[0x8a], /data/user/0/com.snaptube.premium/files/mmkv/pref.feedback.feedbackDataList
04-22 15:26:33.732 19320 19562 I MMKV    : <MemoryFile.cpp:203::mmap> mmap to address [0x743e578000], oldPtr [0x0], [/data/user/0/com.snaptube.premium/files/mmkv/pref.feedback.feedbackDataList]
04-22 15:26:33.732 19320 19562 I MMKV    : <MemoryFile.cpp:98::open> open fd[0x8b], /data/user/0/com.snaptube.premium/files/mmkv/pref.feedback.feedbackDataList.crc
04-22 15:26:33.732 19320 19562 I MMKV    : <MemoryFile.cpp:203::mmap> mmap to address [0x743e577000], oldPtr [0x0], [/data/user/0/com.snaptube.premium/files/mmkv/pref.feedback.feedbackDataList.crc]
04-22 15:26:33.732 19320 19562 I MMKV    : <MemoryFile.cpp:98::open> open fd[0x8c], /data/user/0/com.snaptube.premium/files/mmkv/pref.dy.apm
04-22 15:26:33.732 19320 19562 I MMKV    : <MemoryFile.cpp:203::mmap> mmap to address [0x743e576000], oldPtr [0x0], [/data/user/0/com.snaptube.premium/files/mmkv/pref.dy.apm]
04-22 15:26:33.732 19320 19562 I MMKV    : <MemoryFile.cpp:98::open> open fd[0x8d], /data/user/0/com.snaptube.premium/files/mmkv/pref.dy.apm.crc
04-22 15:26:33.732 19320 19562 I MMKV    : <MemoryFile.cpp:203::mmap> mmap to address [0x743e500000], oldPtr [0x0], [/data/user/0/com.snaptube.premium/files/mmkv/pref.dy.apm.crc]
04-22 15:26:33.733 19320 19562 I MMKV    : <MemoryFile.cpp:98::open> open fd[0x8e], /data/user/0/com.snaptube.premium/files/mmkv/app_quick_start_pref
04-22 15:26:33.733 19320 19562 I MMKV    : <MemoryFile.cpp:203::mmap> mmap to address [0x743e4ff000], oldPtr [0x0], [/data/user/0/com.snaptube.premium/files/mmkv/app_quick_start_pref]
04-22 15:26:33.733 19320 19562 I MMKV    : <MemoryFile.cpp:98::open> open fd[0x8f], /data/user/0/com.snaptube.premium/files/mmkv/app_quick_start_pref.crc
04-22 15:26:33.733 19320 19562 I MMKV    : <MemoryFile.cpp:203::mmap> mmap to address [0x743e4fb000], oldPtr [0x0], [/data/user/0/com.snaptube.premium/files/mmkv/app_quick_start_pref.crc]
04-22 15:26:33.733 19320 19562 I MMKV    : <MemoryFile.cpp:98::open> open fd[0x90], /data/user/0/com.snaptube.premium/files/mmkv/sensorsdata.exit
04-22 15:26:33.733 19320 19562 I MMKV    : <MemoryFile.cpp:203::mmap> mmap to address [0x743e439000], oldPtr [0x0], [/data/user/0/com.snaptube.premium/files/mmkv/sensorsdata.exit]
04-22 15:26:33.733 19320 19562 I MMKV    : <MemoryFile.cpp:98::open> open fd[0x91], /data/user/0/com.snaptube.premium/files/mmkv/sensorsdata.exit.crc
04-22 15:26:33.733 19320 19562 I MMKV    : <MemoryFile.cpp:203::mmap> mmap to address [0x743e438000], oldPtr [0x0], [/data/user/0/com.snaptube.premium/files/mmkv/sensorsdata.exit.crc]
04-22 15:26:33.733 19320 19562 I MMKV    : <MemoryFile.cpp:98::open> open fd[0x92], /data/user/0/com.snaptube.premium/files/mmkv/pref.player_guide
04-22 15:26:33.734 19320 19562 I MMKV    : <MemoryFile.cpp:203::mmap> mmap to address [0x7439c47000], oldPtr [0x0], [/data/user/0/com.snaptube.premium/files/mmkv/pref.player_guide]
04-22 15:26:33.734 19320 19562 I MMKV    : <MemoryFile.cpp:98::open> open fd[0x93], /data/user/0/com.snaptube.premium/files/mmkv/pref.player_guide.crc
04-22 15:26:33.734 19320 19562 I MMKV    : <MemoryFile.cpp:203::mmap> mmap to address [0x743e437000], oldPtr [0x0], [/data/user/0/com.snaptube.premium/files/mmkv/pref.player_guide.crc]
04-22 15:26:33.734 19320 19562 I MMKV    : <MemoryFile.cpp:98::open> open fd[0x94], /data/user/0/com.snaptube.premium/files/mmkv/CookiePrefsFile
04-22 15:26:33.734 19320 19562 I MMKV    : <MemoryFile.cpp:203::mmap> mmap to address [0x743e3aa000], oldPtr [0x0], [/data/user/0/com.snaptube.premium/files/mmkv/CookiePrefsFile]
04-22 15:26:33.734 19320 19562 I MMKV    : <MemoryFile.cpp:98::open> open fd[0x95], /data/user/0/com.snaptube.premium/files/mmkv/CookiePrefsFile.crc
04-22 15:26:33.734 19320 19562 I MMKV    : <MemoryFile.cpp:203::mmap> mmap to address [0x743e36e000], oldPtr [0x0], [/data/user/0/com.snaptube.premium/files/mmkv/CookiePrefsFile.crc]
04-22 15:26:33.734 19320 19562 I MMKV    : <MemoryFile.cpp:98::open> open fd[0x96], /data/user/0/com.snaptube.premium/files/mmkv/pref_id_pref_search_history
04-22 15:26:33.735 19320 19562 I MMKV    : <MemoryFile.cpp:203::mmap> mmap to address [0x743e36c000], oldPtr [0x0], [/data/user/0/com.snaptube.premium/files/mmkv/pref_id_pref_search_history]
04-22 15:26:33.735 19320 19562 I MMKV    : <MemoryFile.cpp:98::open> open fd[0x97], /data/user/0/com.snaptube.premium/files/mmkv/pref_id_pref_search_history.crc
04-22 15:26:33.735 19320 19562 I MMKV    : <MemoryFile.cpp:203::mmap> mmap to address [0x743e36b000], oldPtr [0x0], [/data/user/0/com.snaptube.premium/files/mmkv/pref_id_pref_search_history.crc]
04-22 15:26:33.735 19320 19562 I MMKV    : <MemoryFile.cpp:98::open> open fd[0x98], /data/user/0/com.snaptube.premium/files/mmkv/ad.joint.frequency.persistent
04-22 15:26:33.735 19320 19562 I MMKV    : <MemoryFile.cpp:203::mmap> mmap to address [0x743e36a000], oldPtr [0x0], [/data/user/0/com.snaptube.premium/files/mmkv/ad.joint.frequency.persistent]
04-22 15:26:33.735 19320 19562 I MMKV    : <MemoryFile.cpp:98::open> open fd[0x99], /data/user/0/com.snaptube.premium/files/mmkv/ad.joint.frequency.persistent.crc
04-22 15:26:33.735 19320 19562 I MMKV    : <MemoryFile.cpp:203::mmap> mmap to address [0x743e369000], oldPtr [0x0], [/data/user/0/com.snaptube.premium/files/mmkv/ad.joint.frequency.persistent.crc]
04-22 15:26:33.735 19320 19562 I MMKV    : <MemoryFile.cpp:98::open> open fd[0x9a], /data/user/0/com.snaptube.premium/files/mmkv/pref.fan
04-22 15:26:33.735 19320 19562 I MMKV    : <MemoryFile.cpp:203::mmap> mmap to address [0x7439bea000], oldPtr [0x0], [/data/user/0/com.snaptube.premium/files/mmkv/pref.fan]
04-22 15:26:33.735 19320 19562 I MMKV    : <MemoryFile.cpp:98::open> open fd[0x9b], /data/user/0/com.snaptube.premium/files/mmkv/pref.fan.crc
04-22 15:26:33.735 19320 19562 I MMKV    : <MemoryFile.cpp:203::mmap> mmap to address [0x743e300000], oldPtr [0x0], [/data/user/0/com.snaptube.premium/files/mmkv/pref.fan.crc]
04-22 15:26:33.736 19320 19320 I System.out: android.content.SharedPreferences
04-22 15:26:33.741 19320 19562 I MMKV    : <MMKV_IO.cpp:214::loadMetaInfoAndCheck> meta file [com.snaptube.premium] has flag [0]
04-22 15:26:33.742 19320 19451 D LaunchStart-doInitQueue: run FirebaseInitTask
04-22 15:26:33.744 19320 19562 I MMKV    : <MMKV_IO.cpp:84::loadFromFile> loading [com.snaptube.premium] with 52120 actual size, file size 65536, InterProcess 0, meta info version:4
04-22 15:26:33.744 19320 19562 I MMKV    : <MMKV_IO.cpp:89::loadFromFile> loading [com.snaptube.premium] with crc 2812825935 sequence 1293 version 4
04-22 15:26:33.745 19320 19562 I MMKV    : <MMKV_IO.cpp:133::loadFromFile> loaded [com.snaptube.premium] with 290 key-values
04-22 15:26:33.749  2236  3930 D CompatChangeReporter: Compat change id reported: 319212206; UID 10313; state: ENABLED
04-22 15:26:33.754 19320 19451 D LaunchStart-doInitQueue: run WebViewResourceSetTask
04-22 15:26:33.754 19320 19451 D LaunchStart-doInitQueue: run FcmInitTask
04-22 15:26:33.754 19320 19451 D LaunchStart-doInitQueue: run DomainConfigLoadTask
04-22 15:26:33.756  2236  2796 D ConnectivityService: NetReassign [no changes] [c 1] [a 1] [i 3]
04-22 15:26:33.758 19320 19566 I MMKV    : <MemoryFile.cpp:98::open> open fd[0xa2], /data/user/0/com.snaptube.premium/files/mmkv/com.snaptube.premium.sensor
04-22 15:26:33.760 19320 19566 I MMKV    : <MemoryFile.cpp:203::mmap> mmap to address [0x743e265000], oldPtr [0x0], [/data/user/0/com.snaptube.premium/files/mmkv/com.snaptube.premium.sensor]
04-22 15:26:33.760 19320 19566 I MMKV    : <MemoryFile.cpp:98::open> open fd[0xa3], /data/user/0/com.snaptube.premium/files/mmkv/com.snaptube.premium.sensor.crc
04-22 15:26:33.760 19320 19566 I MMKV    : <MemoryFile.cpp:203::mmap> mmap to address [0x743e264000], oldPtr [0x0], [/data/user/0/com.snaptube.premium/files/mmkv/com.snaptube.premium.sensor.crc]
04-22 15:26:33.762 19320 19566 I MMKV    : <MMKV_IO.cpp:214::loadMetaInfoAndCheck> meta file [com.snaptube.premium.sensor] has flag [0]
04-22 15:26:33.763 19320 19562 D SessionsDependencies: Dependency to CRASHLYTICS added.
04-22 15:26:33.763 19320 19566 I MMKV    : <MMKV_IO.cpp:84::loadFromFile> loading [com.snaptube.premium.sensor] with 1822 actual size, file size 4096, InterProcess 0, meta info version:4
04-22 15:26:33.763 19320 19566 I MMKV    : <MMKV_IO.cpp:89::loadFromFile> loading [com.snaptube.premium.sensor] with crc 2584808819 sequence 14 version 4
04-22 15:26:33.763 19320 19566 I MMKV    : <MMKV_IO.cpp:133::loadFromFile> loaded [com.snaptube.premium.sensor] with 19 key-values
04-22 15:26:33.765 19320 19562 I FirebaseApp: Device unlocked: initializing all Firebase APIs for app [DEFAULT]
04-22 15:26:33.776 19320 19566 I MMKV    : <MemoryFile.cpp:98::open> open fd[0xa0], /data/user/0/com.snaptube.premium/files/mmkv/user_info.pref
04-22 15:26:33.776 19320 19566 I MMKV    : <MemoryFile.cpp:203::mmap> mmap to address [0x743e262000], oldPtr [0x0], [/data/user/0/com.snaptube.premium/files/mmkv/user_info.pref]
04-22 15:26:33.777 19320 19566 I MMKV    : <MemoryFile.cpp:98::open> open fd[0xa4], /data/user/0/com.snaptube.premium/files/mmkv/user_info.pref.crc
04-22 15:26:33.777 19320 19566 I MMKV    : <MemoryFile.cpp:203::mmap> mmap to address [0x743e261000], oldPtr [0x0], [/data/user/0/com.snaptube.premium/files/mmkv/user_info.pref.crc]
04-22 15:26:33.779 19320 19570 I MMKV    : <MemoryFile.cpp:98::open> open fd[0xa5], /data/user/0/com.snaptube.premium/files/mmkv/pref.ad_log_attribution_cache
04-22 15:26:33.779 19320 19570 I MMKV    : <MemoryFile.cpp:203::mmap> mmap to address [0x7413801000], oldPtr [0x0], [/data/user/0/com.snaptube.premium/files/mmkv/pref.ad_log_attribution_cache]
04-22 15:26:33.779 19320 19570 I MMKV    : <MemoryFile.cpp:98::open> open fd[0xa6], /data/user/0/com.snaptube.premium/files/mmkv/pref.ad_log_attribution_cache.crc
04-22 15:26:33.779   633   633 E lowmemorykiller: adj:1001 file_cache: 343511 free:10602
04-22 15:26:33.779   633   633 E lowmemorykiller: device has enough memory 1544392Kib, and freeMemory 43644Kib, disable killing(limit_killing:1468004Kib)
04-22 15:26:33.779 19320 19570 I MMKV    : <MemoryFile.cpp:203::mmap> mmap to address [0x743e25f000], oldPtr [0x0], [/data/user/0/com.snaptube.premium/files/mmkv/pref.ad_log_attribution_cache.crc]
04-22 15:26:33.779 19320 19566 I MMKV    : <MMKV_IO.cpp:214::loadMetaInfoAndCheck> meta file [user_info.pref] has flag [0]
04-22 15:26:33.780 19320 19572 I MMKV    : <MemoryFile.cpp:98::open> open fd[0xa7], /data/user/0/com.snaptube.premium/files/mmkv/pref.direct_ad_analysis
04-22 15:26:33.781 19320 19570 I MMKV    : <MMKV_IO.cpp:214::loadMetaInfoAndCheck> meta file [pref.ad_log_attribution_cache] has flag [0]
04-22 15:26:33.781 19320 19572 I MMKV    : <MemoryFile.cpp:203::mmap> mmap to address [0x743e25e000], oldPtr [0x0], [/data/user/0/com.snaptube.premium/files/mmkv/pref.direct_ad_analysis]
04-22 15:26:33.781 19320 19572 I MMKV    : <MemoryFile.cpp:98::open> open fd[0xa8], /data/user/0/com.snaptube.premium/files/mmkv/pref.direct_ad_analysis.crc
04-22 15:26:33.781 19320 19572 I MMKV    : <MemoryFile.cpp:203::mmap> mmap to address [0x743e25d000], oldPtr [0x0], [/data/user/0/com.snaptube.premium/files/mmkv/pref.direct_ad_analysis.crc]
04-22 15:26:33.782 19320 19566 I MMKV    : <MMKV_IO.cpp:84::loadFromFile> loading [user_info.pref] with 0 actual size, file size 4096, InterProcess 0, meta info version:4
04-22 15:26:33.782 19320 19566 I MMKV    : <MMKV_IO.cpp:133::loadFromFile> loaded [user_info.pref] with 0 key-values
04-22 15:26:33.783 19320 19572 I MMKV    : <MMKV_IO.cpp:214::loadMetaInfoAndCheck> meta file [pref.direct_ad_analysis] has flag [0]
04-22 15:26:33.787 19320 19572 I MMKV    : <MMKV_IO.cpp:84::loadFromFile> loading [pref.direct_ad_analysis] with 2186 actual size, file size 4096, InterProcess 0, meta info version:4
04-22 15:26:33.787 19320 19572 I MMKV    : <MMKV_IO.cpp:89::loadFromFile> loading [pref.direct_ad_analysis] with crc 63784681 sequence 7 version 4
04-22 15:26:33.787 19320 19572 I MMKV    : <MMKV_IO.cpp:133::loadFromFile> loaded [pref.direct_ad_analysis] with 14 key-values
04-22 15:26:33.787 19320 19566 I MMKV    : <MMKV_IO.cpp:214::loadMetaInfoAndCheck> meta file [pref.content_config] has flag [0]
04-22 15:26:33.787 19320 19570 I MMKV    : <MMKV_IO.cpp:84::loadFromFile> loading [pref.ad_log_attribution_cache] with 183200 actual size, file size 262144, InterProcess 0, meta info version:4
04-22 15:26:33.787 19320 19570 I MMKV    : <MMKV_IO.cpp:89::loadFromFile> loading [pref.ad_log_attribution_cache] with crc 296203522 sequence 5 version 4
04-22 15:26:33.787 19320 19570 I MMKV    : <MMKV_IO.cpp:133::loadFromFile> loaded [pref.ad_log_attribution_cache] with 2 key-values
04-22 15:26:33.788  3723  8271 D ActivityAdapter: mTaskInfoList is empty
04-22 15:26:33.788  3723  8271 D ActivityAdapter: taskChange: pre: 0, cur: 0, changed:false
04-22 15:26:33.789 19320 19575 I MMKV    : <MMKV.cpp:1170::sync> MMKV::sync, SyncFlag = 0
04-22 15:26:33.789 19320 19575 I MMKV    : <MemoryFile.cpp:98::open> open fd[0xab], /data/user/0/com.snaptube.premium/files/mmkv/notification_pool_manager
04-22 15:26:33.789 19320 19575 I MMKV    : <MemoryFile.cpp:203::mmap> mmap to address [0x743e243000], oldPtr [0x0], [/data/user/0/com.snaptube.premium/files/mmkv/notification_pool_manager]
04-22 15:26:33.789 19320 19451 D LaunchStart-doInitQueue: run RealTimeReportInitTask
04-22 15:26:33.789 19320 19575 I MMKV    : <MemoryFile.cpp:98::open> open fd[0xac], /data/user/0/com.snaptube.premium/files/mmkv/notification_pool_manager.crc
04-22 15:26:33.789 19320 19575 I MMKV    : <MemoryFile.cpp:203::mmap> mmap to address [0x743e242000], oldPtr [0x0], [/data/user/0/com.snaptube.premium/files/mmkv/notification_pool_manager.crc]
04-22 15:26:33.790 19320 19574 I MMKV    : <MMKV_IO.cpp:214::loadMetaInfoAndCheck> meta file [pref.fan] has flag [0]
04-22 15:26:33.791 19320 19575 I MMKV    : <MMKV_IO.cpp:214::loadMetaInfoAndCheck> meta file [notification_pool_manager] has flag [0]
04-22 15:26:33.791 19320 19566 I MMKV    : <MMKV_IO.cpp:84::loadFromFile> loading [pref.content_config] with 65652 actual size, file size 131072, InterProcess 0, meta info version:4
04-22 15:26:33.791 19320 19566 I MMKV    : <MMKV_IO.cpp:89::loadFromFile> loading [pref.content_config] with crc 1035287788 sequence 131 version 4
04-22 15:26:33.792 19320 19562 D FirebaseSessions: Initializing Firebase Sessions SDK.
04-22 15:26:33.792 19320 19575 I MMKV    : <MMKV_IO.cpp:84::loadFromFile> loading [notification_pool_manager] with 111 actual size, file size 4096, InterProcess 0, meta info version:4
04-22 15:26:33.792 19320 19575 I MMKV    : <MMKV_IO.cpp:89::loadFromFile> loading [notification_pool_manager] with crc 2187454471 sequence 1 version 4
04-22 15:26:33.792 19320 19575 I MMKV    : <MMKV_IO.cpp:133::loadFromFile> loaded [notification_pool_manager] with 4 key-values
04-22 15:26:33.792 19320 19575 I MMKV    : <MMKV.cpp:1170::sync> MMKV::sync, SyncFlag = 0
04-22 15:26:33.792 19320 19566 I MMKV    : <MMKV_IO.cpp:133::loadFromFile> loaded [pref.content_config] with 560 key-values
04-22 15:26:33.793 19320 19562 I FirebaseCrashlytics: Initializing Firebase Crashlytics 19.0.2 for com.snaptube.premium
04-22 15:26:33.796 19320 19562 I MMKV    : <MemoryFile.cpp:98::open> open fd[0xad], /data/user/0/com.snaptube.premium/files/mmkv/com.google.firebase.crashlytics
04-22 15:26:33.796 19320 19451 D LaunchStart-doInitQueue: run TaskInfoDBTask
04-22 15:26:33.796 19320 19562 I MMKV    : <MemoryFile.cpp:203::mmap> mmap to address [0x743e240000], oldPtr [0x0], [/data/user/0/com.snaptube.premium/files/mmkv/com.google.firebase.crashlytics]
04-22 15:26:33.797 19320 19562 I MMKV    : <MemoryFile.cpp:98::open> open fd[0xae], /data/user/0/com.snaptube.premium/files/mmkv/com.google.firebase.crashlytics.crc
04-22 15:26:33.797 19320 19574 I MMKV    : <MMKV_IO.cpp:84::loadFromFile> loading [pref.fan] with 71150 actual size, file size 131072, InterProcess 0, meta info version:4
04-22 15:26:33.797 19320 19574 I MMKV    : <MMKV_IO.cpp:89::loadFromFile> loading [pref.fan] with crc 3023448385 sequence 19732 version 4
04-22 15:26:33.797 19320 19562 I MMKV    : <MemoryFile.cpp:203::mmap> mmap to address [0x743e23f000], oldPtr [0x0], [/data/user/0/com.snaptube.premium/files/mmkv/com.google.firebase.crashlytics.crc]
04-22 15:26:33.800 19320 19562 I MMKV    : <MMKV_IO.cpp:214::loadMetaInfoAndCheck> meta file [com.google.firebase.crashlytics] has flag [0]
04-22 15:26:33.801 19320 19451 D LaunchStart-doInitQueue: run PluginIdInitTask
04-22 15:26:33.801 19320 19574 I MMKV    : <MMKV_IO.cpp:133::loadFromFile> loaded [pref.fan] with 1228 key-values
04-22 15:26:33.801 19320 19562 I MMKV    : <MMKV_IO.cpp:84::loadFromFile> loading [com.google.firebase.crashlytics] with 1075 actual size, file size 4096, InterProcess 0, meta info version:4
04-22 15:26:33.801 19320 19562 I MMKV    : <MMKV_IO.cpp:89::loadFromFile> loading [com.google.firebase.crashlytics] with crc 669069243 sequence 1 version 4
04-22 15:26:33.802 19320 19562 I MMKV    : <MMKV_IO.cpp:133::loadFromFile> loaded [com.google.firebase.crashlytics] with 6 key-values
04-22 15:26:33.802 19320 19451 D LaunchStart-doInitQueue: run BroadcastInitTask
04-22 15:26:33.802 19320 19451 D LaunchStart-doInitQueue: run AppStateMonitorInitTask
04-22 15:26:33.802 19320 19451 D LaunchStart-doInitQueue: run FetchUpgradeTask
04-22 15:26:33.803 19320 19574 I MMKV    : <MemoryFile.cpp:98::open> open fd[0xaf], /data/user/0/com.snaptube.premium/files/mmkv/net.pubnative.mediation
04-22 15:26:33.803 19320 19574 I MMKV    : <MemoryFile.cpp:203::mmap> mmap to address [0x72c5401000], oldPtr [0x0], [/data/user/0/com.snaptube.premium/files/mmkv/net.pubnative.mediation]
04-22 15:26:33.803 19320 19566 I MMKV    : <MMKV_IO.cpp:214::loadMetaInfoAndCheck> meta file [sensorsdata] has flag [0]
04-22 15:26:33.803 19320 19574 I MMKV    : <MemoryFile.cpp:98::open> open fd[0xb0], /data/user/0/com.snaptube.premium/files/mmkv/net.pubnative.mediation.crc
04-22 15:26:33.803 19320 19574 I MMKV    : <MemoryFile.cpp:203::mmap> mmap to address [0x743e23e000], oldPtr [0x0], [/data/user/0/com.snaptube.premium/files/mmkv/net.pubnative.mediation.crc]
04-22 15:26:33.805 19320 19566 I MMKV    : <MMKV_IO.cpp:84::loadFromFile> loading [sensorsdata] with 828 actual size, file size 4096, InterProcess 0, meta info version:4
04-22 15:26:33.805 19320 19566 I MMKV    : <MMKV_IO.cpp:89::loadFromFile> loading [sensorsdata] with crc 3087413848 sequence 7 version 4
04-22 15:26:33.805 19320 19566 I MMKV    : <MMKV_IO.cpp:133::loadFromFile> loaded [sensorsdata] with 10 key-values
04-22 15:26:33.806 19320 19574 I MMKV    : <MMKV_IO.cpp:214::loadMetaInfoAndCheck> meta file [net.pubnative.mediation] has flag [0]
04-22 15:26:33.810 19320 19573 E ashmem  : Pinning is deprecated since Android Q. Please use trim or other methods.
04-22 15:26:33.810 19320 19566 I MMKV    : <MMKV_IO.cpp:214::loadMetaInfoAndCheck> meta file [com.sensorsdata.analytics.android.sdk.SensorsDataAPI] has flag [0]
04-22 15:26:33.815 19320 19574 I MMKV    : <MMKV_IO.cpp:84::loadFromFile> loading [net.pubnative.mediation] with 213300 actual size, file size 524288, InterProcess 0, meta info version:4
04-22 15:26:33.815 19320 19574 I MMKV    : <MMKV_IO.cpp:89::loadFromFile> loading [net.pubnative.mediation] with crc 1088832872 sequence 120 version 4
04-22 15:26:33.815 19320 19574 I MMKV    : <MMKV_IO.cpp:133::loadFromFile> loaded [net.pubnative.mediation] with 10 key-values
04-22 15:26:33.820 19320 19566 I MMKV    : <MMKV_IO.cpp:84::loadFromFile> loading [com.sensorsdata.analytics.android.sdk.SensorsDataAPI] with 3520 actual size, file size 4096, InterProcess 0, meta info version:4
04-22 15:26:33.820 19320 19566 I MMKV    : <MMKV_IO.cpp:89::loadFromFile> loading [com.sensorsdata.analytics.android.sdk.SensorsDataAPI] with crc 819539700 sequence 3578 version 4
04-22 15:26:33.820 19320 19566 I MMKV    : <MMKV_IO.cpp:133::loadFromFile> loaded [com.sensorsdata.analytics.android.sdk.SensorsDataAPI] with 19 key-values
04-22 15:26:33.820 19320 19580 I MMKV    : <MMKV.cpp:1170::sync> MMKV::sync, SyncFlag = 0
04-22 15:26:33.821 19320 19566 I MMKV    : <MMKV.cpp:1170::sync> MMKV::sync, SyncFlag = 0
04-22 15:26:33.823  3054  3054 E LockScreenNotificationDispatcherImp: updateNotificationListOnKg size:0
04-22 15:26:33.824  3054  3054 D PluginSeedling--Notification: NotificationController-->isHideForCharge = false
04-22 15:26:33.824  3054  3054 D PluginSeedling--Notification: NotificationController-->checkUpdateVisibleSeedingEntries， state = 3， curVisibleState=3, forceUpdate=false
04-22 15:26:33.829  2236  2350 W QosScheduler: executeSceneQosStrategy failed! qos feature no enable
04-22 15:26:33.830 19320 19587 I naptube.premium: AssetManager2(0xb400007386d7f428) locale list changing from [en-GB] to [en]
04-22 15:26:33.831  3054  3054 I SystemUi--Notification: LockScreenNotificationDispatcherImp-->updateNotificationListOnKg resultCode: 0
04-22 15:26:33.839 19320 19562 D nativeloader: Load /data/app/~~8kXxvDdNQrqGEi_l-oAK5g==/com.snaptube.premium-C08MtLDhYm8VxwXiNf1yIw==/lib/arm64/libcrashlytics.so using class loader ns clns-9 (caller=/data/app/~~8kXxvDdNQrqGEi_l-oAK5g==/com.snaptube.premium-C08MtLDhYm8VxwXiNf1yIw==/base.apk!classes2.dex): ok
04-22 15:26:33.843 19320 19587 I MMKV    : <MMKV_IO.cpp:214::loadMetaInfoAndCheck> meta file [pref.player_guide] has flag [0]
04-22 15:26:33.846 19320 19566 I MMKV    : <MMKV.cpp:1170::sync> MMKV::sync, SyncFlag = 0
04-22 15:26:33.848 19320 19562 D SessionsDependencies: Subscriber CRASHLYTICS registered.
04-22 15:26:33.849  2236  2796 D ConnectivityService: NetReassign [no changes] [c 1] [a 2] [i 3]
04-22 15:26:33.851  1537  1537 I BufferQueueProducer: [NotificationShade#161409](this:0xb4000076231b32f8,id:-1,api:0,p:-1,c:1537) queueBuffer: fps=6.13 dur=1142.17 max=486.27 min=12.56
04-22 15:26:33.851 19320 19587 I MMKV    : <MMKV_IO.cpp:84::loadFromFile> loading [pref.player_guide] with 106411 actual size, file size 131072, InterProcess 0, meta info version:4
04-22 15:26:33.851 19320 19587 I MMKV    : <MMKV_IO.cpp:89::loadFromFile> loading [pref.player_guide] with crc 2109901907 sequence 348 version 4
04-22 15:26:33.851 19320 19587 I MMKV    : <MMKV_IO.cpp:133::loadFromFile> loaded [pref.player_guide] with 174 key-values
04-22 15:26:33.862 19320 19566 I MMKV    : <MMKV.cpp:1170::sync> MMKV::sync, SyncFlag = 0
04-22 15:26:33.871 19320 19566 I MMKV    : <MMKV.cpp:1170::sync> MMKV::sync, SyncFlag = 0
04-22 15:26:33.877 19320 19451 D LaunchStart-doInitQueue: run GuardianInitTask
04-22 15:26:33.878 19320 19451 D LaunchStart-doInitQueue: run DyApmInitTask
04-22 15:26:33.879  2236  6229 I ActivityManager: Flag disabled. Ignoring finishAttachApplication from uid: 10313. pid: 19320
04-22 15:26:33.880   633   633 E lowmemorykiller: adj:1001 file_cache: 346208 free:16212
